Renesas Optimizing Linker (W3.07.00 )             09-Feb-2026 19:59:17

*** Options ***

-subcommand=DefaultBuild\RX231_Mouse3.clnk
-library=DefaultBuild\RX231_Mouse3.lib
-input=DefaultBuild\r_smc_cgc.obj
-input=DefaultBuild\r_smc_cgc_user.obj
-input=DefaultBuild\r_cg_hardware_setup.obj
-input=DefaultBuild\r_smc_interrupt.obj
-input=DefaultBuild\hwsetup.obj
-input=DefaultBuild\dbsct.obj
-input=DefaultBuild\lowlvl.obj
-input=DefaultBuild\lowsrc.obj
-input=DefaultBuild\mcu_locks.obj
-input=DefaultBuild\r_bsp_common.obj
-input=DefaultBuild\r_bsp_cpu.obj
-input=DefaultBuild\r_bsp_interrupts.obj
-input=DefaultBuild\r_bsp_locking.obj
-input=DefaultBuild\r_bsp_mcu_startup.obj
-input=DefaultBuild\r_bsp_software_interrupt.obj
-input=DefaultBuild\r_rx_intrinsic_functions.obj
-input=DefaultBuild\resetprg.obj
-input=DefaultBuild\sbrk.obj
-input=DefaultBuild\mcu_clocks.obj
-input=DefaultBuild\mcu_init.obj
-input=DefaultBuild\mcu_interrupts.obj
-input=DefaultBuild\r_bsp_vbatt.obj
-input=DefaultBuild\vecttbl.obj
-input=DefaultBuild\Config_CMT0.obj
-input=DefaultBuild\Config_CMT0_user.obj
-input=DefaultBuild\Config_MTU0.obj
-input=DefaultBuild\Config_MTU0_user.obj
-input=DefaultBuild\Config_MTU4.obj
-input=DefaultBuild\Config_MTU4_user.obj
-input=DefaultBuild\Config_MTU3.obj
-input=DefaultBuild\Config_MTU3_user.obj
-input=DefaultBuild\Config_PORT.obj
-input=DefaultBuild\Config_PORT_user.obj
-input=DefaultBuild\Config_S12AD0.obj
-input=DefaultBuild\Config_S12AD0_user.obj
-input=DefaultBuild\Pin.obj
-input=DefaultBuild\RX231_Mouse3.obj
-input=DefaultBuild\Config_MTU1.obj
-input=DefaultBuild\Config_MTU1_user.obj
-input=DefaultBuild\r_flash_dm_rx_if.obj
-input=DefaultBuild\r_dispatch_1.obj
-input=DefaultBuild\r_dm_1.obj
-input=DefaultBuild\r_dm_3.obj
-input=DefaultBuild\r_dm_4.obj
-input=DefaultBuild\r_dm_5.obj
-input=DefaultBuild\r_datf_crc.obj
-input=DefaultBuild\r_dispatch_2.obj
-input=DefaultBuild\r_flash_fcu.obj
-input=DefaultBuild\r_flash_group.obj
-input=DefaultBuild\r_flash_nofcu.obj
-input=DefaultBuild\r_flash_rx.obj
-input=DefaultBuild\r_flash_type1.obj
-input=DefaultBuild\r_flash_type3.obj
-input=DefaultBuild\r_flash_type4.obj
-input=DefaultBuild\r_flash_type5.obj
-noprelink
-output=DefaultBuild\RX231_Mouse3.abs
-vect=_undefined_interrupt_source_isr
-list=DefaultBuild\RX231_Mouse3.map
-show=symbol,total_size
-nooptimize
-start=SU,SI,B_1,R_1,B_2,R_2,B,R/00000004,PResetPRG,C_1,C_2,C,C$*,D*,W*,L,P/FFFE0000,EXCEPTVECT/FFFFFF80,RESETVECT/FFFFFFFC
-rom=D=R,D_1=R_1,D_2=R_2
-nologo
-end

*** Error information ***

*** Mapping List ***

SECTION                            START      END         SIZE   ALIGN
SU
                                  00000004  00001003      1000   4
SI
                                  00001004  00001403       400   4
B_1
                                  00001404  00001643       240   1
R_1
                                  00001644  00001696        53   1
B_2
                                  00001698  000016e5        4e   2
R_2
                                  000016e6  000016eb         6   2
B
                                  000016ec  00001e63       778   4
R
                                  00001e64  00003c8f      1e2c   4
PResetPRG
                                  fffe0000  fffe005b        5c   4
C_1
                                  fffe005c  fffe0065         a   4
C_2
                                  fffe0066  fffe00bd        58   2
C
                                  fffe00c0  fffe0183        c4   4
C$DSEC
                                  fffe0184  fffe01a7        24   4
C$BSEC
                                  fffe01a8  fffe01bf        18   4
C$VECT
                                  fffe01c0  fffe05bf       400   4
D
                                  fffe05c0  fffe23eb      1e2c   4
D_1
                                  fffe23ec  fffe243e        53   1
D_2
                                  fffe2440  fffe2445         6   2
W
                                  fffe2448  fffe2448         0   4
W_1
                                  fffe2448  fffe2463        1c   1
W_2
                                  fffe2464  fffe24f1        8e   2
L
                                  fffe24f4  fffe2626       133   4
P
                                  fffe2628  fffea213      7bec   4
EXCEPTVECT
                                  ffffff80  fffffffb        7c   4
RESETVECT
                                  fffffffc  ffffffff         4   4

*** Total Section Size ***

RAMDATA SECTION:  00003c8b Byte(s)
ROMDATA SECTION:  00002644 Byte(s)
PROGRAM SECTION:  00007c48 Byte(s)

*** Symbol List ***

SECTION=
FILE=                               START        END    SIZE
  SYMBOL                            ADDR        SIZE    INFO      COUNTS  OPT

SECTION=SU
FILE=DefaultBuild\resetprg.obj
                                  00000004  00001003      1000

SECTION=SI
FILE=DefaultBuild\resetprg.obj
                                  00001004  00001403       400

SECTION=B_1
FILE=DefaultBuild\lowsrc.obj
                                  00001404  0000142b        28
  _flmod
                                  00001404        14   data ,g         * 
  _sml_buf
                                  00001418        14   data ,g         * 
FILE=DefaultBuild\RX231_Mouse3.obj
                                  0000142c  00001640       215
  _LCD_DATA
                                  0000142c        10   data ,g         * 
  _SoundStatus
                                  0000143c         1   data ,l         * 
  _head
                                  0000143d         1   data ,g         * 
  _head_change
                                  0000143e         1   data ,g         * 
  _pos_x
                                  0000143f         1   data ,g         * 
  _pos_y
                                  00001440         1   data ,g         * 
  _map
                                  00001441       100   data ,g         * 
  _p_map
                                  00001541       100   data ,g         * 
FILE=DefaultBuild\r_dm_1.obj
                                  00001641  00001643         3
  _gs_flash_dm_b_data
                                  00001641         1   data ,g         * 
  _gs_flash_dm_b_unit
                                  00001642         1   data ,l         * 
  _gs_flash_dm_c_mode
                                  00001643         1   data ,l         * 

SECTION=R_1
FILE=DefaultBuild\RX231_Mouse3.obj
                                  00001644  00001645         2
  _g_flash_dm_done
                                  00001644         1   data ,l         * 
  _g_flash_dm_ready
                                  00001645         1   data ,l         * 
FILE=DefaultBuild\r_flash_group.obj
                                  00001646  00001646         1
  _g_driver_opened
                                  00001646         1   data ,l         * 
FILE=xfiles
                                  00001647  00001696        50
  _ebuf
                                  00001647        50   data ,l         * 

SECTION=B_2
FILE=DefaultBuild\r_bsp_cpu.obj
                                  00001698  000016a1         a
  _s_protect_counters
                                  00001698         a   data ,l         * 
FILE=DefaultBuild\RX231_Mouse3.obj
                                  000016a2  000016e3        42
  _LCD_FLAG
                                  000016a2         2   data ,g         * 
  _LCD_PT
                                  000016a4         2   data ,g         * 
  _SENSOR_PT
                                  000016a6         2   data ,g         * 
  _g_s12ad0_ch000_value
                                  000016a8         2   data ,g         * 
  _g_s12ad0_ch001_value
                                  000016aa         2   data ,g         * 
  _g_s12ad0_ch002_value
                                  000016ac         2   data ,g         * 
  _g_s12ad0_ch017_value
                                  000016ae         2   data ,g         * 
  _Batt
                                  000016b0         2   data ,g         * 
  _R_PRE
                                  000016b2         2   data ,g         * 
  _L_PRE
                                  000016b4         2   data ,g         * 
  _F_PRE
                                  000016b6         2   data ,g         * 
  _R_SEN
                                  000016b8         2   data ,g         * 
  _L_SEN
                                  000016ba         2   data ,g         * 
  _F_SEN
                                  000016bc         2   data ,g         * 
  _R_SW
                                  000016be         2   data ,g         * 
  _L_SW
                                  000016c0         2   data ,g         * 
  _F_SW
                                  000016c2         2   data ,g         * 
  _R_REF
                                  000016c4         2   data ,g         * 
  _L_REF
                                  000016c6         2   data ,g         * 
  _R_LIM
                                  000016c8         2   data ,g         * 
  _L_LIM
                                  000016ca         2   data ,g         * 
  _F_LIM
                                  000016cc         2   data ,g         * 
  _timerL
                                  000016ce         2   data ,g         * 
  _timerR
                                  000016d0         2   data ,g         * 
  _ldir
                                  000016d2         2   data ,g         * 
  _rdir
                                  000016d4         2   data ,g         * 
  _speed
                                  000016d6         2   data ,g         * 
  _speed_now
                                  000016d8         2   data ,g         * 
  _MotorTimer
                                  000016da         2   data ,g         * 
  _control_mode
                                  000016dc         2   data ,g         * 
  _STEP
                                  000016de         2   data ,g         * 
  _GO_STEP
                                  000016e0         2   data ,g         * 
  _TURN_STEP
                                  000016e2         2   data ,g         * 
FILE=DefaultBuild\r_dm_1.obj
                                  000016e4  000016e5         2
  _gs_flash_dm_b_counter
                                  000016e4         2   data ,l         * 

SECTION=R_2
FILE=DefaultBuild\RX231_Mouse3.obj
                                  000016e6  000016eb         6
  _wait_timer
                                  000016e6         2   data ,g         * 
  _stepf_r
                                  000016e8         2   data ,g         * 
  _stepf_l
                                  000016ea         2   data ,g         * 

SECTION=B
FILE=DefaultBuild\lowsrc.obj
                                  000016ec  0000173b        50
  __Files
                                  000016ec        50   data ,g         * 
FILE=DefaultBuild\mcu_locks.obj
                                  0000173c  00001873       138
  _g_bsp_Locks
                                  0000173c       138   data ,g         * 
FILE=DefaultBuild\r_bsp_interrupts.obj
                                  00001874  000018b3        40
  _g_bsp_vectors
                                  00001874        40   data ,l         * 
FILE=DefaultBuild\sbrk.obj
                                  000018b4  00001cb7       404
  __s1ptr
                                  000018b4         4   data ,g         * 
  _s_heap_area
                                  000018b8       400   data ,l         * 
FILE=DefaultBuild\RX231_Mouse3.obj
                                  00001cb8  00001dc7       110
  _st_nSoundRPos
                                  00001cb8         4   data ,l         * 
  _st_pSound
                                  00001cbc         4   data ,l         * 
  _step_r
                                  00001cc0         4   data ,g         * 
  _step_l
                                  00001cc4         4   data ,g         * 
  _g_flash_dm_work
                                  00001cc8       100   data ,l         * 
FILE=DefaultBuild\r_flash_dm_rx_if.obj
                                  00001dc8  00001dcf         8
  _g_flash_dm_handle
                                  00001dc8         4   data ,l         * 
  _r_flash_dm_callbackfunc
                                  00001dcc         4   data ,g         * 
FILE=DefaultBuild\r_dispatch_1.obj
                                  00001dd0  00001de7        18
  _g_flash_dispatch_1_hndl
                                  00001dd0         4   data ,g         * 
  _gs_flash_dm_data_addr
                                  00001dd4        14   data ,g         * 
FILE=DefaultBuild\r_dm_1.obj
                                  00001de8  00001e4b        64
  _g_flash_dm_err_flg
                                  00001de8         4   data ,g         * 
  _gs_flash_dm_block_info
                                  00001dec        60   data ,l         * 
FILE=DefaultBuild\r_flash_group.obj
                                  00001e4c  00001e5b        10
  _flash_ready_isr_handler
                                  00001e4c         4   data ,g         * 
  _flash_error_isr_handler
                                  00001e50         4   data ,g         * 
  _g_flash_int_ready_cb_args
                                  00001e54         4   data ,g         * 
  _g_flash_int_error_cb_args
                                  00001e58         4   data ,g         * 
FILE=DefaultBuild\r_flash_rx.obj
                                  00001e5c  00001e5f         4
  _g_flash_lock
                                  00001e5c         4   data ,g         * 
FILE=_errno
                                  00001e60  00001e63         4
  __errno
                                  00001e60         4   data ,g         * 

SECTION=R
FILE=DefaultBuild\lowsrc.obj
                                  00001e64  00001e77        14
  _env_list
                                  00001e64        10   data ,g         * 
  _environ
                                  00001e74         4   data ,g         * 
FILE=DefaultBuild\sbrk.obj
                                  00001e78  00001e7b         4
  _sp_brk
                                  00001e78         4   data ,l         * 
FILE=DefaultBuild\RX231_Mouse3.obj
                                  00001e7c  00003b87      1d0c
  _ccnt2
                                  00001e7c      1a48   data ,g         * 
  _MODE
                                  000038c4         4   data ,g         * 
  _goal
                                  000038c8         8   data ,g         * 
  _goals
                                  000038d0        28   data ,g         * 
  _GOAL_NUM
                                  000038f8         4   data ,g         * 
  _g_flash_dm_last
                                  000038fc         4   data ,l         * 
  _Chime_1
                                  00003900        10   data ,g         * 
  _Chime_2
                                  00003910        18   data ,g         * 
  _Countdown
                                  00003928        40   data ,g         * 
  _Goal
                                  00003968        30   data ,g         * 
  _Melody_1
                                  00003998        68   data ,g         * 
  _Melody_2
                                  00003a00       188   data ,g         * 
FILE=DefaultBuild\r_flash_group.obj
                                  00003b88  00003ba7        20
  _g_current_parameters
                                  00003b88        20   data ,g         * 
FILE=DefaultBuild\r_flash_rx.obj
                                  00003ba8  00003baf         8
  _g_flash_state
                                  00003ba8         4   data ,g         * 
  _g_pfcu_cmd_area
                                  00003bac         4   data ,g         * 
FILE=xfiles
                                  00003bb0  00003c87        d8
  __Stdin
                                  00003bb0        48   data ,g         * 
  __Stdout
                                  00003bf8        48   data ,g         * 
  __Stderr
                                  00003c40        48   data ,g         * 
FILE=malloc
                                  00003c88  00003c8f         8
  __Aldata
                                  00003c88         8   data ,g         * 

SECTION=PResetPRG
FILE=DefaultBuild\resetprg.obj
                                  fffe0000  fffe005b        5c
  _PowerON_Reset_PC
                                  fffe0000        5a   entry,g         * 

SECTION=C_1
FILE=DefaultBuild\r_dm_1.obj
                                  fffe005c  fffe0065         a
  _gs_flash_dm_transfer_unit
                                  fffe005c         1   data ,l         * 
  _g_flash_dm_block_num
                                  fffe005d         1   data ,g         * 
  _g_r_flash_dm_block_erase_flag
                                  fffe005e         8   data ,g         * 

SECTION=C_2
FILE=DefaultBuild\r_bsp_cpu.obj
                                  fffe0066  fffe006d         8
  _s_prcr_masks
                                  fffe0066         8   data ,l         * 
FILE=DefaultBuild\r_dm_1.obj
                                  fffe006e  fffe00bd        50
  _gc_dm_data_size
                                  fffe006e        50   data ,g         * 

SECTION=C
FILE=DefaultBuild\dbsct.obj
                                  fffe00c0  fffe00d7        18
  __CTBL
                                  fffe00c0        18   data ,g         * 
FILE=DefaultBuild\RX231_Mouse3.obj
                                  fffe00d8  fffe0103        2c
  _g_mode_table
                                  fffe00d8        28   data ,l         * 
  _g_mode_table_count
                                  fffe0100         4   data ,l         * 
FILE=DefaultBuild\r_dm_1.obj
                                  fffe0104  fffe0123        20
  _g_r_flash_dm_block_addr
                                  fffe0104        20   data ,g         * 
FILE=_nfiles
                                  fffe0124  fffe0127         4
  __nfiles
                                  fffe0124         4   data ,g         * 
FILE=xfoprep
                                  fffe0128  fffe016f        48
  _init$1
                                  fffe0128        48   data ,l         * 
FILE=xfopen
                                  fffe0170  fffe017f        10
  _rwacc$1
                                  fffe0170        10   data ,l         * 
FILE=_sbrk_si
                                  fffe0180  fffe0183         4
  __sbrk_size
                                  fffe0180         4   data ,g         * 

SECTION=C$DSEC
FILE=DefaultBuild\dbsct.obj
                                  fffe0184  fffe01a7        24
  __DTBL
                                  fffe0184        24   data ,g         * 

SECTION=C$BSEC
FILE=DefaultBuild\dbsct.obj
                                  fffe01a8  fffe01bf        18
  __BTBL
                                  fffe01a8        18   data ,g         * 

SECTION=C$VECT
FILE=DefaultBuild\resetprg.obj
                                  fffe01c0  fffe05bf       400

SECTION=D
FILE=DefaultBuild\lowsrc.obj
                                  fffe05c0  fffe05d3        14
FILE=DefaultBuild\sbrk.obj
                                  fffe05d4  fffe05d7         4
FILE=DefaultBuild\RX231_Mouse3.obj
                                  fffe05d8  fffe22e3      1d0c
FILE=DefaultBuild\r_flash_group.obj
                                  fffe22e4  fffe2303        20
FILE=DefaultBuild\r_flash_rx.obj
                                  fffe2304  fffe230b         8
FILE=xfiles
                                  fffe230c  fffe23e3        d8
FILE=malloc
                                  fffe23e4  fffe23eb         8

SECTION=D_1
FILE=DefaultBuild\RX231_Mouse3.obj
                                  fffe23ec  fffe23ed         2
FILE=DefaultBuild\r_flash_group.obj
                                  fffe23ee  fffe23ee         1
FILE=xfiles
                                  fffe23ef  fffe243e        50

SECTION=D_2
FILE=DefaultBuild\RX231_Mouse3.obj
                                  fffe2440  fffe2445         6

SECTION=W_1
FILE=DefaultBuild\r_bsp_cpu.obj
                                  fffe2448  fffe2457        10
FILE=DefaultBuild\RX231_Mouse3.obj
                                  fffe2458  fffe2463         c

SECTION=W_2
FILE=DefaultBuild\Config_S12AD0.obj
                                  fffe2464  fffe249b        38
FILE=DefaultBuild\r_dispatch_1.obj
                                  fffe249c  fffe24f1        56

SECTION=L
FILE=DefaultBuild\dbsct.obj
                                  fffe24f4  fffe24f7         4
  _deadSpace
                                  fffe24f4         4   data ,g         * 
FILE=DefaultBuild\lowsrc.obj
                                  fffe24f8  fffe2539        42
FILE=DefaultBuild\RX231_Mouse3.obj
                                  fffe253c  fffe2626        eb

SECTION=P
FILE=DefaultBuild\r_smc_cgc.obj
                                  fffe2628  fffe262c         5
  _R_CGC_Create
                                  fffe2628         5   func ,g         * 
FILE=DefaultBuild\r_smc_cgc_user.obj
                                  fffe262d  fffe262d         1
  _R_CGC_Create_UserInit
                                  fffe262d         1   func ,g         * 
FILE=DefaultBuild\r_cg_hardware_setup.obj
                                  fffe262e  fffe2691        64
  _r_undefined_exception
                                  fffe262e         1   func ,g         * 
  _R_Systeminit
                                  fffe262f        63   func ,g         * 
FILE=DefaultBuild\r_smc_interrupt.obj
                                  fffe2692  fffe2692         1
  _R_Interrupt_Create
                                  fffe2692         1   func ,g         * 
FILE=DefaultBuild\hwsetup.obj
                                  fffe2693  fffe2703        71
  _hardware_setup
                                  fffe2693        11   func ,g         * 
  _output_ports_configure
                                  fffe26a4         2   func ,l         * 
  _interrupts_configure
                                  fffe26a6         2   func ,l         * 
  _peripheral_modules_enable
                                  fffe26a8         5   func ,l         * 
  _bsp_security_initial_configure
                                  fffe26ad        57   func ,l         * 
FILE=DefaultBuild\lowlvl.obj
                                  fffe2704  fffe273f        3c
  _charput
                                  fffe2704        1d   func ,g         * 
  _charget
                                  fffe2721        1f   func ,g         * 
FILE=DefaultBuild\lowsrc.obj
                                  fffe2740  fffe2a25       2e6
  _init_iolib
                                  fffe2740        e8   func ,g         * 
  _close_all
                                  fffe2828        3e   func ,g         * 
  _open
                                  fffe2866        a7   func ,g         * 
  _close
                                  fffe290d         b   func ,g         * 
  _write
                                  fffe2918        8c   func ,g         * 
  _read
                                  fffe29a4        71   func ,g         * 
  _lseek
                                  fffe2a15        11   func ,g         * 
FILE=DefaultBuild\r_bsp_common.obj
                                  fffe2a26  fffe2b53       12e
  _R_BSP_GetVersion
                                  fffe2a26         e   func ,g         * 
  _R_BSP_GetIClkFreqHz
                                  fffe2a34         a   func ,g         * 
  _R_BSP_SoftwareDelay
                                  fffe2a3e       116   func ,g         * 
FILE=DefaultBuild\r_bsp_cpu.obj
                                  fffe2b54  fffe2d66       213
  _R_BSP_InterruptsDisable
                                  fffe2b54        17   func ,g         * 
  _R_BSP_InterruptsEnable
                                  fffe2b6b        17   func ,g         * 
  _R_BSP_CpuInterruptLevelRead
                                  fffe2b82        1d   func ,g         * 
  _R_BSP_CpuInterruptLevelWrite
                                  fffe2b9f        86   func ,g         * 
  _R_BSP_RegisterProtectEnable
                                  fffe2c25        82   func ,g         * 
  _R_BSP_RegisterProtectDisable
                                  fffe2ca7        6a   func ,g         * 
  _R_BSP_SoftwareReset
                                  fffe2d11        11   func ,g         * 
  _bsp_register_protect_open
                                  fffe2d22        22   func ,g         * 
  _bsp_ram_initialize
                                  fffe2d44        23   func ,g         * 
FILE=DefaultBuild\r_bsp_interrupts.obj
                                  fffe2d67  fffe3208       4a2
  _R_BSP_InterruptRequestEnable
                                  fffe2d67        21   func ,g         * 
  _R_BSP_InterruptRequestDisable
                                  fffe2d88        21   func ,g         * 
  _bsp_interrupt_open
                                  fffe2da9        26   func ,g         * 
  _R_BSP_InterruptWrite
                                  fffe2dcf        76   func ,g         * 
  _R_BSP_InterruptRead
                                  fffe2e45        51   func ,g         * 
  _R_BSP_InterruptControl
                                  fffe2e96        a2   func ,g         * 
  _bsp_fit_interrupts_control
                                  fffe2f38        77   func ,l         * 
  _excep_supervisor_inst_isr
                                  fffe2faf        17   func ,g         * 
  _excep_access_isr
                                  fffe2fc6        17   func ,g         * 
  _excep_undefined_inst_isr
                                  fffe2fdd        17   func ,g         * 
  _excep_floating_point_isr
                                  fffe2ff4        29   func ,g         * 
  _non_maskable_isr
                                  fffe301d       1b7   func ,g         * 
  _undefined_interrupt_source_isr
                                  fffe31d4        17   func ,g         * 
  _bus_error_isr
                                  fffe31eb        1e   func ,g         * 
FILE=DefaultBuild\r_bsp_locking.obj
                                  fffe3209  fffe3275        6d
  _R_BSP_SoftwareLock
                                  fffe3209        29   func ,g         * 
  _R_BSP_SoftwareUnlock
                                  fffe3232        10   func ,g         * 
  _R_BSP_HardwareLock
                                  fffe3242        1a   func ,g         * 
  _R_BSP_HardwareUnlock
                                  fffe325c        1a   func ,g         * 
FILE=DefaultBuild\sbrk.obj
                                  fffe3276  fffe32b1        3c
  _sbrk
                                  fffe3276        3c   func ,g         * 
FILE=DefaultBuild\mcu_clocks.obj
                                  fffe32b2  fffe3497       1e6
  _get_iclk_freq_hz
                                  fffe32b2        ab   func ,g         * 
  _mcu_clock_setup
                                  fffe335d         7   func ,g         * 
  _operating_frequency_set
                                  fffe3364        6e   func ,l         * 
  _clock_source_select
                                  fffe33d2        99   func ,l         * 
  _usb_lpc_clock_source_select
                                  fffe346b        2d   func ,l         * 
FILE=DefaultBuild\mcu_init.obj
                                  fffe3498  fffe351e        87
  _bsp_non_existent_port_init
                                  fffe3498        87   func ,g         * 
FILE=DefaultBuild\mcu_interrupts.obj
                                  fffe351f  fffe3661       143
  _bsp_interrupt_enable_disable
                                  fffe351f       143   func ,g         * 
FILE=DefaultBuild\r_bsp_vbatt.obj
                                  fffe3662  fffe369c        3b
  _vbatt_voltage_stability_wait
                                  fffe3662        3b   func ,g         * 
FILE=DefaultBuild\Config_CMT0.obj
                                  fffe369d  fffe36fd        61
  _R_Config_CMT0_Create
                                  fffe369d        38   func ,g         * 
  _R_Config_CMT0_Start
                                  fffe36d5        13   func ,g         * 
  _R_Config_CMT0_Stop
                                  fffe36e8        16   func ,g         * 
FILE=DefaultBuild\Config_CMT0_user.obj
                                  fffe36fe  fffe370e        11
  _R_Config_CMT0_Create_UserInit
                                  fffe36fe         1   func ,g         * 
  _r_Config_CMT0_cmi0_interrupt
                                  fffe36ff        10   func ,l         * 
FILE=DefaultBuild\Config_MTU0.obj
                                  fffe370f  fffe37b5        a7
  _R_Config_MTU0_Create
                                  fffe370f        97   func ,g         * 
  _R_Config_MTU0_Start
                                  fffe37a6         8   func ,g         * 
  _R_Config_MTU0_Stop
                                  fffe37ae         8   func ,g         * 
FILE=DefaultBuild\Config_MTU0_user.obj
                                  fffe37b6  fffe37b6         1
  _R_Config_MTU0_Create_UserInit
                                  fffe37b6         1   func ,g         * 
FILE=DefaultBuild\Config_MTU4.obj
                                  fffe37b7  fffe387f        c9
  _R_Config_MTU4_Create
                                  fffe37b7        ab   func ,g         * 
  _R_Config_MTU4_Start
                                  fffe3862         f   func ,g         * 
  _R_Config_MTU4_Stop
                                  fffe3871         f   func ,g         * 
FILE=DefaultBuild\Config_MTU4_user.obj
                                  fffe3880  fffe3890        11
  _R_Config_MTU4_Create_UserInit
                                  fffe3880         1   func ,g         * 
  _r_Config_MTU4_tgib4_interrupt
                                  fffe3881        10   func ,l         * 
FILE=DefaultBuild\Config_MTU3.obj
                                  fffe3891  fffe394c        bc
  _R_Config_MTU3_Create
                                  fffe3891        9e   func ,g         * 
  _R_Config_MTU3_Start
                                  fffe392f         f   func ,g         * 
  _R_Config_MTU3_Stop
                                  fffe393e         f   func ,g         * 
FILE=DefaultBuild\Config_MTU3_user.obj
                                  fffe394d  fffe395d        11
  _R_Config_MTU3_Create_UserInit
                                  fffe394d         1   func ,g         * 
  _r_Config_MTU3_tgib3_interrupt
                                  fffe394e        10   func ,l         * 
FILE=DefaultBuild\Config_PORT.obj
                                  fffe395e  fffe3ab8       15b
  _R_Config_PORT_Create
                                  fffe395e       15b   func ,g         * 
FILE=DefaultBuild\Config_PORT_user.obj
                                  fffe3ab9  fffe3ab9         1
  _R_Config_PORT_Create_UserInit
                                  fffe3ab9         1   func ,g         * 
FILE=DefaultBuild\Config_S12AD0.obj
                                  fffe3aba  fffe3d59       2a0
  _R_Config_S12AD0_Create
                                  fffe3aba       11a   func ,g         * 
  _R_Config_S12AD0_Start
                                  fffe3bd4         c   func ,g         * 
  _R_Config_S12AD0_Stop
                                  fffe3be0         e   func ,g         * 
  _R_Config_S12AD0_Get_ValueResult
                                  fffe3bee       16c   func ,g         * 
FILE=DefaultBuild\Config_S12AD0_user.obj
                                  fffe3d5a  fffe3d5a         1
  _R_Config_S12AD0_Create_UserInit
                                  fffe3d5a         1   func ,g         * 
FILE=DefaultBuild\Pin.obj
                                  fffe3d5b  fffe3e57        fd
  _R_Pins_Create
                                  fffe3d5b        fd   func ,g         * 
FILE=DefaultBuild\RX231_Mouse3.obj
                                  fffe3e58  fffe67d6      297f
  _LCD_init
                                  fffe3e58        6d   func ,g         * 
  _LCD
                                  fffe3ec5        82   func ,g         * 
  _LCD_clear
                                  fffe3f47        23   func ,g         * 
  _LCD_print
                                  fffe3f6a        2d   func ,g         * 
  _LCD_dec_out
                                  fffe3f97        eb   func ,g         * 
  _LCD_com4
                                  fffe4082        51   func ,g         * 
  _LCD_com8
                                  fffe40d3        14   func ,g         * 
  _LCD_dat8
                                  fffe40e7        95   func ,g         * 
  _LCD_wait
                                  fffe417c        18   func ,g         * 
  _main
                                  fffe4194       151   func ,g         * 
  _IO_init
                                  fffe42e5        7b   func ,g         * 
  _load_param
                                  fffe4360        45   func ,g         * 
  _int_timerw
                                  fffe43a5       50e   func ,g         * 
  _int_mot_r
                                  fffe48b3        22   func ,g         * 
  _int_mot_l
                                  fffe48d5        22   func ,g         * 
  _Int_MTU1_TGIA1
                                  fffe48f7       153   func ,g         * 
  _pause
                                  fffe4a4a        1c   func ,g         * 
  _WaitKeyOff
                                  fffe4a66        57   func ,g         * 
  _change_mode
                                  fffe4abd        62   func ,g         * 
  _exec_mode
                                  fffe4b1f        16   func ,g         * 
  _mode0
                                  fffe4b35        e3   func ,g         * 
  _mode1
                                  fffe4c18        d5   func ,g         * 
  _mode2
                                  fffe4ced        85   func ,g         * 
  _mode3
                                  fffe4d72        88   func ,g         * 
  _mode4
                                  fffe4dfa        81   func ,g         * 
  _mode5
                                  fffe4e7b        70   func ,g         * 
  _mode6
                                  fffe4eeb        5f   func ,g         * 
  _mode7
                                  fffe4f4a        8c   func ,g         * 
  _mode8
                                  fffe4fd6        7f   func ,g         * 
  _mode9
                                  fffe5055        5c   func ,g         * 
  _mouse_search
                                  fffe50b1       2fc   func ,g         * 
  _com_go
                                  fffe53ad        a9   func ,g         * 
  _com_stop
                                  fffe5456        4f   func ,g         * 
  _com_turn
                                  fffe54a5        fd   func ,g         * 
  _Start_Sound
                                  fffe55a2       147   func ,g         * 
  _Stop_Sound
                                  fffe56e9        2b   func ,g         * 
  _AccTableGet
                                  fffe5714        21   func ,g         * 
  _flash_dm_callback
                                  fffe5735        17   func ,l         * 
  _flash_dm_wait
                                  fffe574c        2f   func ,l         * 
  _flash_dm_format
                                  fffe577b        2d   func ,l         * 
  _flash_dm_erase
                                  fffe57a8        37   func ,l         * 
  _flash_dm_reclaim
                                  fffe57df        6b   func ,l         * 
  _flash_dm_init_once
                                  fffe584a        9f   func ,l         * 
  _flash_dm_write
                                  fffe58e9        ba   func ,l         * 
  _flash_dm_read
                                  fffe59a3        50   func ,l         * 
  _map_writeDF
                                  fffe59f3        92   func ,g         * 
  _map_DFread
                                  fffe5a85        93   func ,g         * 
  _goal_find_index
                                  fffe5b18        54   func ,g         * 
  _goal_writeDF
                                  fffe5b6c        59   func ,g         * 
  _goal_DFread
                                  fffe5bc5        a7   func ,g         * 
  _get_wall_data
                                  fffe5c6c        56   func ,g         * 
  _clear_map
                                  fffe5cc2        e6   func ,g         * 
  _make_map_data
                                  fffe5da8       199   func ,g         * 
  _make_potential
                                  fffe5f41       390   func ,g         * 
  _search_left_hand
                                  fffe62d1        5b   func ,g         * 
  _search_ex_left_hand
                                  fffe632c       16c   func ,g         * 
  _search_adachi
                                  fffe6498       20e   func ,g         * 
  _countdown
                                  fffe66a6        55   func ,g         * 
  _select_goal
                                  fffe66fb        dc   func ,g         * 
FILE=DefaultBuild\Config_MTU1.obj
                                  fffe67d7  fffe684a        74
  _R_Config_MTU1_Create
                                  fffe67d7        56   func ,g         * 
  _R_Config_MTU1_Start
                                  fffe682d         f   func ,g         * 
  _R_Config_MTU1_Stop
                                  fffe683c         f   func ,g         * 
FILE=DefaultBuild\Config_MTU1_user.obj
                                  fffe684b  fffe6859         f
  _R_Config_MTU1_Create_UserInit
                                  fffe684b         1   func ,g         * 
  _r_Config_MTU1_tgia1_interrupt
                                  fffe684c         e   func ,l         * 
FILE=DefaultBuild\r_flash_dm_rx_if.obj
                                  fffe685a  fffe73ae       b55
  _R_FLASH_DM_Open
                                  fffe685a        95   func ,g         * 
  _R_FLASH_DM_Close
                                  fffe68ef        3a   func ,g         * 
  _R_FLASH_DM_GetVersion
                                  fffe6929         d   func ,g         * 
  _R_FLASH_DM_Init
                                  fffe6936        10   func ,g         * 
  _R_FLASH_DM_Format
                                  fffe6946        10   func ,g         * 
  _R_FLASH_DM_Read
                                  fffe6956        14   func ,g         * 
  _R_FLASH_DM_Write
                                  fffe696a        14   func ,g         * 
  _R_FLASH_DM_Erase
                                  fffe697e        10   func ,g         * 
  _R_FLASH_DM_Control
                                  fffe698e        19   func ,g         * 
  _r_flash_dm_get_writable_size
                                  fffe69a7        14   func ,l         * 
  _R_FLASH_DM_Reclaim
                                  fffe69bb        d8   func ,g         * 
  _r_flash_dm_d1_init
                                  fffe6a93       448   func ,l         * 
  _r_flash_dm_d1_read
                                  fffe6edb        c0   func ,l         * 
  _r_flash_dm_d1_write
                                  fffe6f9b       13b   func ,l         * 
  _r_flash_dm_d1_erase
                                  fffe70d6        e2   func ,l         * 
  _r_flash_dm_d1_format
                                  fffe71b8        60   func ,l         * 
  _r_flash_dm_d1_control
                                  fffe7218        52   func ,l         * 
  _r_flash_dm_1_get_writable_size
                                  fffe726a        76   func ,l         * 
  _r_flash_dm_drvif_close
                                  fffe72e0        18   func ,l         * 
  _r_flash_dm_drvif_get_datanum
                                  fffe72f8         9   func ,g         * 
  _r_flash_dm_drvif_get_datasize
                                  fffe7301        13   func ,g         * 
  _r_flash_dm_getdatasize
                                  fffe7314        41   func ,l         * 
  _r_flash_dm_getdatanum
                                  fffe7355        30   func ,l         * 
  _r_flash_dm_getactivity
                                  fffe7385        2a   func ,l         * 
FILE=DefaultBuild\r_dispatch_1.obj
                                  fffe73af  fffe84aa      10fc
  _r_flash_dm_advance
                                  fffe73af        22   func ,g         * 
  _r_flash_dm_memcopy
                                  fffe73d1        30   func ,g         * 
  _r_flash_dm_memclr
                                  fffe7401        22   func ,l         * 
  _r_flash_dm_equal_p
                                  fffe7423        3a   func ,l         * 
  _r_flash_dm_init_env
                                  fffe745d        fb   func ,g         * 
  _r_flash_dm_free_area
                                  fffe7558        25   func ,g         * 
  _r_flash_dm_link
                                  fffe757d        2d   func ,l         * 
  _r_flash_dm_try
                                  fffe75aa         e   func ,l         * 
  _r_flash_dm_dispatch
                                  fffe75b8       c56   func ,g         * 
  _r_flash_dm_drvif_set_dataaddr
                                  fffe820e        13   func ,g         * 
  _r_flash_dm_1st_check
                                  fffe8221       190   func ,g         * 
  _r_flash_dm_softwaredelay
                                  fffe83b1        6e   func ,g         * 
  _r_flash_dm_drvif_get_dataaddr
                                  fffe841f        13   func ,g         * 
  _r_flash_dm_drvif_get_dataaddr_of_addr
                                  fffe8432        14   func ,g         * 
  _r_flash_dm_block_set_program_addr
                                  fffe8446        10   func ,g         * 
  _r_flash_dm_block_get_program_addr
                                  fffe8456        10   func ,g         * 
  _r_flash_dm_drvif_flash_busy
                                  fffe8466        37   func ,g         * 
  _r_flash_dm_set_dispatch
                                  fffe849d         e   func ,g         * 
FILE=DefaultBuild\r_dm_1.obj
                                  fffe84ab  fffe8aff       655
  _r_flash_dm_drvif_open
                                  fffe84ab        35   func ,g         * 
  _r_flash_dm_drvif_init_device
                                  fffe84e0         9   func ,g         * 
  _r_flash_dm_drvif_erase_error
                                  fffe84e9        26   func ,g         * 
  _r_flash_dm_drvif_program_error
                                  fffe850f        26   func ,g         * 
  _r_flash_dm_drvif_overwrite_block_flag
                                  fffe8535        26   func ,g         * 
  _r_flash_dm_drvif_get_block_num
                                  fffe855b         f   func ,g         * 
  _r_flash_dm_drvif_get_block_info
                                  fffe856a        14   func ,g         * 
  _r_flash_dm_drvif_get_block_addr
                                  fffe857e        13   func ,g         * 
  _r_flash_dm_drvif_set_addr_h
                                  fffe8591         6   func ,g         * 
  _r_flash_dm_drvif_get_addr
                                  fffe8597         c   func ,g         * 
  _r_flash_dm_drvif_get_block_erase_flag
                                  fffe85a3         c   func ,g         * 
  _r_flash_dm_drvif_set_dh_flag
                                  fffe85af        13   func ,g         * 
  _r_flash_dm_drvif_overwrite
                                  fffe85c2        7b   func ,l         * 
  _r_flash_dm_drvif_api_flag
                                  fffe863d        29   func ,g         * 
  _r_flash_dm_drvif_write
                                  fffe8666        46   func ,g         * 
  _r_flash_dm_drvif_erase
                                  fffe86ac        3a   func ,g         * 
  _r_flash_dm_block_init
                                  fffe86e6        20   func ,g         * 
  _r_flash_dm_block_program_init
                                  fffe8706        49   func ,g         * 
  _r_flash_dm_block_erase_init
                                  fffe874f         a   func ,g         * 
  _r_flash_dm_block_copy_setup
                                  fffe8759        de   func ,l         * 
  _r_flash_dm_block_fill_setup
                                  fffe8837        88   func ,l         * 
  _r_flash_dm_block_program_setup
                                  fffe88bf        3b   func ,l         * 
  _r_flash_dm_block_program_check
                                  fffe88fa        ad   func ,g         * 
  _r_flash_dm_block_erase_check
                                  fffe89a7        21   func ,g         * 
  _r_flash_dm_block_command
                                  fffe89c8        66   func ,g         * 
  _r_flash_dm_drvif_callback
                                  fffe8a2e        c4   func ,g         * 
  _r_flash_dm_set_dm
                                  fffe8af2         e   func ,g         * 
FILE=DefaultBuild\r_flash_group.obj
                                  fffe8b00  fffe932a       82b
  _r_flash_open
                                  fffe8b00        5c   func ,g         * 
  _flash_interrupt_config
                                  fffe8b5c        ab   func ,l         * 
  _r_flash_close
                                  fffe8c07        31   func ,g         * 
  _r_flash_erase
                                  fffe8c38        da   func ,g         * 
  _get_erase_flash_type
                                  fffe8d12        92   func ,l         * 
  _is_cf_addr
                                  fffe8da4        29   func ,l         * 
  _set_erase_params
                                  fffe8dcd        84   func ,l         * 
  _r_flash_blankcheck
                                  fffe8e51       14b   func ,g         * 
  _set_blankcheck_params
                                  fffe8f9c        89   func ,l         * 
  _r_flash_write
                                  fffe9025        de   func ,g         * 
  _get_bc_pgm_flash_type
                                  fffe9103        a7   func ,l         * 
  _set_write_params
                                  fffe91aa        85   func ,l         * 
  _r_flash_control
                                  fffe922f        fc   func ,g         * 
FILE=DefaultBuild\r_flash_nofcu.obj
                                  fffe932b  fffe9989       65f
  _flash_df_access_enable
                                  fffe932b        1f   func ,g         * 
  _flash_df_pe_mode_enter
                                  fffe934a        3d   func ,l         * 
  _flash_df_read_mode_enter
                                  fffe9387        23   func ,l         * 
  _flash_df_erase
                                  fffe93aa        5a   func ,l         * 
  _flash_df_blankcheck
                                  fffe9404        54   func ,l         * 
  _flash_df_write
                                  fffe9458        5d   func ,l         * 
  _flash_get_status
                                  fffe94b5        1a   func ,g         * 
  _flash_reset
                                  fffe94cf         f   func ,g         * 
  _flash_stop
                                  fffe94de        b1   func ,g         * 
  _flash_delay_us
                                  fffe958f        2f   func ,g         * 
  _flash_pe_mode_enter
                                  fffe95be        28   func ,g         * 
  _flash_pe_mode_exit
                                  fffe95e6        1e   func ,g         * 
  _flash_erase
                                  fffe9604        5a   func ,g         * 
  _flash_blankcheck
                                  fffe965e        7c   func ,g         * 
  _flash_write
                                  fffe96da        d8   func ,g         * 
  _flash_write_fpmcr
                                  fffe97b2        37   func ,l         * 
  _flash_wait_frdy
                                  fffe97e9        9a   func ,l         * 
  _Excep_FCU_FRDYI
                                  fffe9883       107   func ,l         * 
FILE=DefaultBuild\r_flash_rx.obj
                                  fffe998a  fffe9ab9       130
  _R_FLASH_Open
                                  fffe998a        1c   func ,g         * 
  _R_FLASH_Close
                                  fffe99a6         a   func ,g         * 
  _R_FLASH_Erase
                                  fffe99b0        10   func ,g         * 
  _R_FLASH_BlankCheck
                                  fffe99c0        15   func ,g         * 
  _R_FLASH_Write
                                  fffe99d5        15   func ,g         * 
  _R_FLASH_Control
                                  fffe99ea        10   func ,g         * 
  _R_FLASH_GetVersion
                                  fffe99fa         e   func ,g         * 
  _flash_lock_state
                                  fffe9a08        27   func ,g         * 
  _flash_release_state
                                  fffe9a2f        13   func ,g         * 
  _flash_softwareLock
                                  fffe9a42        26   func ,g         * 
  _flash_softwareUnlock
                                  fffe9a68        10   func ,g         * 
  _flash_InterruptRequestEnable
                                  fffe9a78        21   func ,g         * 
  _flash_InterruptRequestDisable
                                  fffe9a99        21   func ,g         * 
FILE=freopen
                                  fffe9aba  fffe9ae7        2e
  _freopen
                                  fffe9aba        2e   func ,g         * 
FILE=fclose
                                  fffe9ae8  fffe9b3b        54
  _fclose
                                  fffe9ae8        54   func ,g         * 
FILE=__COM_DIVd
                                  fffe9b3c  fffe9d18       1dd
  exception1
                                  fffe9b3c         0   none ,l         * 
  exception2
                                  fffe9b4b         0   none ,l         * 
  exception3
                                  fffe9b53         0   none ,l         * 
  normalize1
                                  fffe9b66         0   none ,l         * 
  p1_norm_loop
                                  fffe9b71         0   none ,l         * 
  exception4
                                  fffe9ba7         0   none ,l         * 
  normalize2
                                  fffe9bad         0   none ,l         * 
  p2_norm_loop
                                  fffe9bb8         0   none ,l         * 
  return_zero
                                  fffe9be5         0   none ,l         * 
  return_inf
                                  fffe9bf0         0   none ,l         * 
  return_NaN
                                  fffe9c03         0   none ,l         * 
  __COM_DIVd
                                  fffe9c0e         0   none ,g         * 
  exception_return3
                                  fffe9c42         0   none ,l         * 
  exception_return4
                                  fffe9c47         0   none ,l         * 
  div_loop
                                  fffe9c68         0   none ,l         * 
  man_sub
                                  fffe9c7b         0   none ,l         * 
  over_sub
                                  fffe9c86         0   none ,l         * 
  end_man_cal
                                  fffe9c8e         0   none ,l         * 
  end_sticky_cal
                                  fffe9c93         0   none ,l         * 
  end_norm
                                  fffe9ca1         0   none ,l         * 
  denormalize_loop
                                  fffe9cae         0   none ,l         * 
  next_loop
                                  fffe9cb6         0   none ,l         * 
  round_denormal
                                  fffe9cbe         0   none ,l         * 
  end_round_d
                                  fffe9cd8         0   none ,l         * 
  end_denormal
                                  fffe9cda         0   none ,l         * 
  end_denormal_0
                                  fffe9cea         0   none ,l         * 
  return_value
                                  fffe9cf8         0   none ,l         * 
  end_round
                                  fffe9cf8         0   none ,l         * 
  return
                                  fffe9d12         0   none ,l         * 
FILE=__COM_DIV64u
                                  fffe9d19  fffe9db1        99
  __COM_DIV64u
                                  fffe9d19         0   none ,g         * 
  _Loop_Init
                                  fffe9d23         0   none ,l         * 
  _Loop
                                  fffe9d2b         0   none ,l         * 
  _DivStart
                                  fffe9d37         0   none ,l         * 
  _Success
                                  fffe9d45         0   none ,l         * 
  _DivEnd
                                  fffe9d51         0   none ,l         * 
  IXI6DIV
                                  fffe9d56         0   none ,l         * 
  IXI4DIV
                                  fffe9d68         0   none ,l         * 
  IXI2DIV
                                  fffe9d78         0   none ,l         * 
  I8I2DIV
                                  fffe9d80         0   none ,l         * 
  I4I2DIV
                                  fffe9dae         0   none ,l         * 
  _i8divU_End
                                  fffe9db1         0   none ,l         * 
FILE=__COM_CONV32ud
                                  fffe9db2  fffe9def        3e
  __COM_CONV32ud
                                  fffe9db2         0   none ,g         * 
  next_8
                                  fffe9dc4         0   none ,l         * 
  next_4
                                  fffe9dcc         0   none ,l         * 
  next_2
                                  fffe9dd4         0   none ,l         * 
  next_1
                                  fffe9ddc         0   none ,l         * 
  next_0
                                  fffe9de4         0   none ,l         * 
  pack
                                  fffe9de6         0   none ,l         * 
  return
                                  fffe9def         0   none ,l         * 
FILE=__COM_CONVd32
                                  fffe9df0  fffe9e42        53
  __COM_CONVd32u
                                  fffe9df0         0   none ,g         * 
  __COM_CONVd32s
                                  fffe9df3         0   none ,g         * 
  unpack
                                  fffe9df6         0   none ,l         * 
  return
                                  fffe9e1b         0   none ,l         * 
  return_zero
                                  fffe9e1c         0   none ,l         * 
  exp_over30
                                  fffe9e1f         0   none ,l         * 
  exp_over31
                                  fffe9e21         0   none ,l         * 
  exp_equal31
                                  fffe9e30         0   none ,l         * 
FILE=__initsct
                                  fffe9e43  fffe9e8c        4a
  __INITSCT
                                  fffe9e43         0   none ,g         * 
  loop1
                                  fffe9e55         0   none ,l         * 
  next_loop1
                                  fffe9e63         0   none ,l         * 
  loop3
                                  fffe9e75         0   none ,l         * 
  next_loop3
                                  fffe9e86         0   none ,l         * 
FILE=fflush
                                  fffe9e8d  fffe9f0c        80
  _fflush
                                  fffe9e8d        80   func ,g         * 
FILE=xfoprep
                                  fffe9f0d  fffe9fde        d2
  __Foprep
                                  fffe9f0d        d2   func ,g         * 
FILE=xfofind
                                  fffe9fdf  fffea06b        8d
  __Fofind
                                  fffe9fdf        44   func ,g         * 
  __Fofree
                                  fffea023        49   func ,g         * 
FILE=free
                                  fffea06c  fffea0ed        82
  _free
                                  fffea06c        82   func ,g         * 
FILE=xfopen
                                  fffea0ee  fffea11d        30
  __Fopen
                                  fffea0ee        30   func ,g         * 
FILE=malloc
                                  fffea11e  fffea1f8        db
  _findmem
                                  fffea11e        79   func ,l         * 
  _malloc
                                  fffea197        62   func ,g         * 
FILE=xgetmem
                                  fffea1f9  fffea213        1b
  __Getmem
                                  fffea1f9        1b   func ,g         * 

SECTION=EXCEPTVECT
FILE=DefaultBuild\vecttbl.obj
                                  ffffff80  fffffffb        7c
  _Except_Vectors
                                  ffffff80        7c   data ,g         * 

SECTION=RESETVECT
FILE=DefaultBuild\vecttbl.obj
                                  fffffffc  ffffffff         4
  _Reset_Vector
                                  fffffffc         4   data ,g         * 

*** Unfilled Areas ***

AREA                                START    END

*** Delete Symbols ***

SYMBOL                                SIZE    INFO
