Renesas Optimizing Linker (W3.07.00 )             13-Feb-2026 15:31:58

*** Options ***

-subcommand=DefaultBuild\RX231_Mouse3.clnk
-library=DefaultBuild\RX231_Mouse3.lib
-input=DefaultBuild\r_smc_cgc.obj
-input=DefaultBuild\r_smc_cgc_user.obj
-input=DefaultBuild\r_cg_hardware_setup.obj
-input=DefaultBuild\r_smc_interrupt.obj
-input=DefaultBuild\hwsetup.obj
-input=DefaultBuild\dbsct.obj
-input=DefaultBuild\lowlvl.obj
-input=DefaultBuild\lowsrc.obj
-input=DefaultBuild\mcu_locks.obj
-input=DefaultBuild\r_bsp_common.obj
-input=DefaultBuild\r_bsp_cpu.obj
-input=DefaultBuild\r_bsp_interrupts.obj
-input=DefaultBuild\r_bsp_locking.obj
-input=DefaultBuild\r_bsp_mcu_startup.obj
-input=DefaultBuild\r_bsp_software_interrupt.obj
-input=DefaultBuild\r_rx_intrinsic_functions.obj
-input=DefaultBuild\resetprg.obj
-input=DefaultBuild\sbrk.obj
-input=DefaultBuild\mcu_clocks.obj
-input=DefaultBuild\mcu_init.obj
-input=DefaultBuild\mcu_interrupts.obj
-input=DefaultBuild\r_bsp_vbatt.obj
-input=DefaultBuild\vecttbl.obj
-input=DefaultBuild\Config_CMT0.obj
-input=DefaultBuild\Config_CMT0_user.obj
-input=DefaultBuild\Config_MTU0.obj
-input=DefaultBuild\Config_MTU0_user.obj
-input=DefaultBuild\Config_MTU4.obj
-input=DefaultBuild\Config_MTU4_user.obj
-input=DefaultBuild\Config_MTU3.obj
-input=DefaultBuild\Config_MTU3_user.obj
-input=DefaultBuild\Config_PORT.obj
-input=DefaultBuild\Config_PORT_user.obj
-input=DefaultBuild\Config_S12AD0.obj
-input=DefaultBuild\Config_S12AD0_user.obj
-input=DefaultBuild\Pin.obj
-input=DefaultBuild\RX231_Mouse3.obj
-input=DefaultBuild\Config_MTU1.obj
-input=DefaultBuild\Config_MTU1_user.obj
-input=DefaultBuild\r_flash_dm_rx_if.obj
-input=DefaultBuild\r_dispatch_1.obj
-input=DefaultBuild\r_dm_1.obj
-input=DefaultBuild\r_dm_3.obj
-input=DefaultBuild\r_dm_4.obj
-input=DefaultBuild\r_dm_5.obj
-input=DefaultBuild\r_datf_crc.obj
-input=DefaultBuild\r_dispatch_2.obj
-input=DefaultBuild\r_flash_fcu.obj
-input=DefaultBuild\r_flash_group.obj
-input=DefaultBuild\r_flash_nofcu.obj
-input=DefaultBuild\r_flash_rx.obj
-input=DefaultBuild\r_flash_type1.obj
-input=DefaultBuild\r_flash_type3.obj
-input=DefaultBuild\r_flash_type4.obj
-input=DefaultBuild\r_flash_type5.obj
-noprelink
-output=DefaultBuild\RX231_Mouse3.abs
-vect=_undefined_interrupt_source_isr
-list=DefaultBuild\RX231_Mouse3.map
-show=symbol,total_size
-nooptimize
-start=SU,SI,B_1,R_1,B_2,R_2,B,R/00000004,PResetPRG,C_1,C_2,C,C$*,D*,W*,L,P/FFFE0000,EXCEPTVECT/FFFFFF80,RESETVECT/FFFFFFFC
-rom=D=R,D_1=R_1,D_2=R_2
-nologo
-end

*** Error information ***

*** Mapping List ***

SECTION                            START      END         SIZE   ALIGN
SU
                                  00000004  00001003      1000   4
SI
                                  00001004  00001403       400   4
B_1
                                  00001404  00001643       240   1
R_1
                                  00001644  00001696        53   1
B_2
                                  00001698  000016ef        58   2
R_2
                                  000016f0  000016f5         6   2
B
                                  000016f8  00001e6f       778   4
R
                                  00001e70  00003c9b      1e2c   4
PResetPRG
                                  fffe0000  fffe005b        5c   4
C_1
                                  fffe005c  fffe0065         a   4
C_2
                                  fffe0066  fffe00bd        58   2
C
                                  fffe00c0  fffe0183        c4   4
C$DSEC
                                  fffe0184  fffe01a7        24   4
C$BSEC
                                  fffe01a8  fffe01bf        18   4
C$VECT
                                  fffe01c0  fffe05bf       400   4
D
                                  fffe05c0  fffe23eb      1e2c   4
D_1
                                  fffe23ec  fffe243e        53   1
D_2
                                  fffe2440  fffe2445         6   2
W
                                  fffe2448  fffe2448         0   4
W_1
                                  fffe2448  fffe2463        1c   1
W_2
                                  fffe2464  fffe24f1        8e   2
L
                                  fffe24f4  fffe262f       13c   4
P
                                  fffe2630  fffea6c3      8094   4
EXCEPTVECT
                                  ffffff80  fffffffb        7c   4
RESETVECT
                                  fffffffc  ffffffff         4   4

*** Total Section Size ***

RAMDATA SECTION:  00003c95 Byte(s)
ROMDATA SECTION:  0000264d Byte(s)
PROGRAM SECTION:  000080f0 Byte(s)

*** Symbol List ***

SECTION=
FILE=                               START        END    SIZE
  SYMBOL                            ADDR        SIZE    INFO      COUNTS  OPT

SECTION=SU
FILE=DefaultBuild\resetprg.obj
                                  00000004  00001003      1000

SECTION=SI
FILE=DefaultBuild\resetprg.obj
                                  00001004  00001403       400

SECTION=B_1
FILE=DefaultBuild\lowsrc.obj
                                  00001404  0000142b        28
  _flmod
                                  00001404        14   data ,g         * 
  _sml_buf
                                  00001418        14   data ,g         * 
FILE=DefaultBuild\RX231_Mouse3.obj
                                  0000142c  00001640       215
  _LCD_DATA
                                  0000142c        10   data ,g         * 
  _SoundStatus
                                  0000143c         1   data ,l         * 
  _head
                                  0000143d         1   data ,g         * 
  _head_change
                                  0000143e         1   data ,g         * 
  _pos_x
                                  0000143f         1   data ,g         * 
  _pos_y
                                  00001440         1   data ,g         * 
  _map
                                  00001441       100   data ,g         * 
  _p_map
                                  00001541       100   data ,g         * 
FILE=DefaultBuild\r_dm_1.obj
                                  00001641  00001643         3
  _gs_flash_dm_b_data
                                  00001641         1   data ,g         * 
  _gs_flash_dm_b_unit
                                  00001642         1   data ,l         * 
  _gs_flash_dm_c_mode
                                  00001643         1   data ,l         * 

SECTION=R_1
FILE=DefaultBuild\RX231_Mouse3.obj
                                  00001644  00001645         2
  _g_flash_dm_done
                                  00001644         1   data ,l         * 
  _g_flash_dm_ready
                                  00001645         1   data ,l         * 
FILE=DefaultBuild\r_flash_group.obj
                                  00001646  00001646         1
  _g_driver_opened
                                  00001646         1   data ,l         * 
FILE=xfiles
                                  00001647  00001696        50
  _ebuf
                                  00001647        50   data ,l         * 

SECTION=B_2
FILE=DefaultBuild\r_bsp_cpu.obj
                                  00001698  000016a1         a
  _s_protect_counters
                                  00001698         a   data ,l         * 
FILE=DefaultBuild\RX231_Mouse3.obj
                                  000016a2  000016ed        4c
  _LCD_FLAG
                                  000016a2         2   data ,g         * 
  _LCD_PT
                                  000016a4         2   data ,g         * 
  _SENSOR_PT
                                  000016a6         2   data ,g         * 
  _g_s12ad0_ch000_value
                                  000016a8         2   data ,g         * 
  _g_s12ad0_ch001_value
                                  000016aa         2   data ,g         * 
  _g_s12ad0_ch002_value
                                  000016ac         2   data ,g         * 
  _g_s12ad0_ch017_value
                                  000016ae         2   data ,g         * 
  _Batt
                                  000016b0         2   data ,g         * 
  _R_PRE
                                  000016b2         2   data ,g         * 
  _L_PRE
                                  000016b4         2   data ,g         * 
  _F_PRE
                                  000016b6         2   data ,g         * 
  _R_SEN
                                  000016b8         2   data ,g         * 
  _L_SEN
                                  000016ba         2   data ,g         * 
  _F_SEN
                                  000016bc         2   data ,g         * 
  _R_SW
                                  000016be         2   data ,g         * 
  _L_SW
                                  000016c0         2   data ,g         * 
  _F_SW
                                  000016c2         2   data ,g         * 
  _R_REF
                                  000016c4         2   data ,g         * 
  _L_REF
                                  000016c6         2   data ,g         * 
  _F_REF
                                  000016c8         2   data ,g         * 
  _R_LIM
                                  000016ca         2   data ,g         * 
  _L_LIM
                                  000016cc         2   data ,g         * 
  _F_LIM
                                  000016ce         2   data ,g         * 
  _F_LIM2
                                  000016d0         2   data ,g         * 
  _timerL
                                  000016d2         2   data ,g         * 
  _timerR
                                  000016d4         2   data ,g         * 
  _ldir
                                  000016d6         2   data ,g         * 
  _rdir
                                  000016d8         2   data ,g         * 
  _speed
                                  000016da         2   data ,g         * 
  _speed_now
                                  000016dc         2   data ,g         * 
  _MotorTimer
                                  000016de         2   data ,g         * 
  _control_mode
                                  000016e0         2   data ,g         * 
  _Global_Speed
                                  000016e2         2   data ,g         * 
  _STEP
                                  000016e4         2   data ,g         * 
  _GO_STEP
                                  000016e6         2   data ,g         * 
  _HALF_STEP
                                  000016e8         2   data ,g         * 
  _TURN_STEP
                                  000016ea         2   data ,g         * 
  _zerozero
                                  000016ec         2   data ,g         * 
FILE=DefaultBuild\r_dm_1.obj
                                  000016ee  000016ef         2
  _gs_flash_dm_b_counter
                                  000016ee         2   data ,l         * 

SECTION=R_2
FILE=DefaultBuild\RX231_Mouse3.obj
                                  000016f0  000016f5         6
  _wait_timer
                                  000016f0         2   data ,g         * 
  _stepf_r
                                  000016f2         2   data ,g         * 
  _stepf_l
                                  000016f4         2   data ,g         * 

SECTION=B
FILE=DefaultBuild\lowsrc.obj
                                  000016f8  00001747        50
  __Files
                                  000016f8        50   data ,g         * 
FILE=DefaultBuild\mcu_locks.obj
                                  00001748  0000187f       138
  _g_bsp_Locks
                                  00001748       138   data ,g         * 
FILE=DefaultBuild\r_bsp_interrupts.obj
                                  00001880  000018bf        40
  _g_bsp_vectors
                                  00001880        40   data ,l         * 
FILE=DefaultBuild\sbrk.obj
                                  000018c0  00001cc3       404
  __s1ptr
                                  000018c0         4   data ,g         * 
  _s_heap_area
                                  000018c4       400   data ,l         * 
FILE=DefaultBuild\RX231_Mouse3.obj
                                  00001cc4  00001dd3       110
  _st_nSoundRPos
                                  00001cc4         4   data ,l         * 
  _st_pSound
                                  00001cc8         4   data ,l         * 
  _step_r
                                  00001ccc         4   data ,g         * 
  _step_l
                                  00001cd0         4   data ,g         * 
  _g_flash_dm_work
                                  00001cd4       100   data ,l         * 
FILE=DefaultBuild\r_flash_dm_rx_if.obj
                                  00001dd4  00001ddb         8
  _g_flash_dm_handle
                                  00001dd4         4   data ,l         * 
  _r_flash_dm_callbackfunc
                                  00001dd8         4   data ,g         * 
FILE=DefaultBuild\r_dispatch_1.obj
                                  00001ddc  00001df3        18
  _g_flash_dispatch_1_hndl
                                  00001ddc         4   data ,g         * 
  _gs_flash_dm_data_addr
                                  00001de0        14   data ,g         * 
FILE=DefaultBuild\r_dm_1.obj
                                  00001df4  00001e57        64
  _g_flash_dm_err_flg
                                  00001df4         4   data ,g         * 
  _gs_flash_dm_block_info
                                  00001df8        60   data ,l         * 
FILE=DefaultBuild\r_flash_group.obj
                                  00001e58  00001e67        10
  _flash_ready_isr_handler
                                  00001e58         4   data ,g         * 
  _flash_error_isr_handler
                                  00001e5c         4   data ,g         * 
  _g_flash_int_ready_cb_args
                                  00001e60         4   data ,g         * 
  _g_flash_int_error_cb_args
                                  00001e64         4   data ,g         * 
FILE=DefaultBuild\r_flash_rx.obj
                                  00001e68  00001e6b         4
  _g_flash_lock
                                  00001e68         4   data ,g         * 
FILE=_errno
                                  00001e6c  00001e6f         4
  __errno
                                  00001e6c         4   data ,g         * 

SECTION=R
FILE=DefaultBuild\lowsrc.obj
                                  00001e70  00001e83        14
  _env_list
                                  00001e70        10   data ,g         * 
  _environ
                                  00001e80         4   data ,g         * 
FILE=DefaultBuild\sbrk.obj
                                  00001e84  00001e87         4
  _sp_brk
                                  00001e84         4   data ,l         * 
FILE=DefaultBuild\RX231_Mouse3.obj
                                  00001e88  00003b93      1d0c
  _ccnt2
                                  00001e88      1a48   data ,g         * 
  _MODE
                                  000038d0         4   data ,g         * 
  _goal
                                  000038d4         8   data ,g         * 
  _goals
                                  000038dc        28   data ,g         * 
  _GOAL_NUM
                                  00003904         4   data ,g         * 
  _g_flash_dm_last
                                  00003908         4   data ,l         * 
  _Chime_1
                                  0000390c        10   data ,g         * 
  _Chime_2
                                  0000391c        18   data ,g         * 
  _Countdown
                                  00003934        40   data ,g         * 
  _Goal
                                  00003974        30   data ,g         * 
  _Melody_1
                                  000039a4        68   data ,g         * 
  _Melody_2
                                  00003a0c       188   data ,g         * 
FILE=DefaultBuild\r_flash_group.obj
                                  00003b94  00003bb3        20
  _g_current_parameters
                                  00003b94        20   data ,g         * 
FILE=DefaultBuild\r_flash_rx.obj
                                  00003bb4  00003bbb         8
  _g_flash_state
                                  00003bb4         4   data ,g         * 
  _g_pfcu_cmd_area
                                  00003bb8         4   data ,g         * 
FILE=xfiles
                                  00003bbc  00003c93        d8
  __Stdin
                                  00003bbc        48   data ,g         * 
  __Stdout
                                  00003c04        48   data ,g         * 
  __Stderr
                                  00003c4c        48   data ,g         * 
FILE=malloc
                                  00003c94  00003c9b         8
  __Aldata
                                  00003c94         8   data ,g         * 

SECTION=PResetPRG
FILE=DefaultBuild\resetprg.obj
                                  fffe0000  fffe005b        5c
  _PowerON_Reset_PC
                                  fffe0000        5a   entry,g         * 

SECTION=C_1
FILE=DefaultBuild\r_dm_1.obj
                                  fffe005c  fffe0065         a
  _gs_flash_dm_transfer_unit
                                  fffe005c         1   data ,l         * 
  _g_flash_dm_block_num
                                  fffe005d         1   data ,g         * 
  _g_r_flash_dm_block_erase_flag
                                  fffe005e         8   data ,g         * 

SECTION=C_2
FILE=DefaultBuild\r_bsp_cpu.obj
                                  fffe0066  fffe006d         8
  _s_prcr_masks
                                  fffe0066         8   data ,l         * 
FILE=DefaultBuild\r_dm_1.obj
                                  fffe006e  fffe00bd        50
  _gc_dm_data_size
                                  fffe006e        50   data ,g         * 

SECTION=C
FILE=DefaultBuild\dbsct.obj
                                  fffe00c0  fffe00d7        18
  __CTBL
                                  fffe00c0        18   data ,g         * 
FILE=DefaultBuild\RX231_Mouse3.obj
                                  fffe00d8  fffe0103        2c
  _g_mode_table
                                  fffe00d8        28   data ,l         * 
  _g_mode_table_count
                                  fffe0100         4   data ,l         * 
FILE=DefaultBuild\r_dm_1.obj
                                  fffe0104  fffe0123        20
  _g_r_flash_dm_block_addr
                                  fffe0104        20   data ,g         * 
FILE=_nfiles
                                  fffe0124  fffe0127         4
  __nfiles
                                  fffe0124         4   data ,g         * 
FILE=xfoprep
                                  fffe0128  fffe016f        48
  _init$1
                                  fffe0128        48   data ,l         * 
FILE=xfopen
                                  fffe0170  fffe017f        10
  _rwacc$1
                                  fffe0170        10   data ,l         * 
FILE=_sbrk_si
                                  fffe0180  fffe0183         4
  __sbrk_size
                                  fffe0180         4   data ,g         * 

SECTION=C$DSEC
FILE=DefaultBuild\dbsct.obj
                                  fffe0184  fffe01a7        24
  __DTBL
                                  fffe0184        24   data ,g         * 

SECTION=C$BSEC
FILE=DefaultBuild\dbsct.obj
                                  fffe01a8  fffe01bf        18
  __BTBL
                                  fffe01a8        18   data ,g         * 

SECTION=C$VECT
FILE=DefaultBuild\resetprg.obj
                                  fffe01c0  fffe05bf       400

SECTION=D
FILE=DefaultBuild\lowsrc.obj
                                  fffe05c0  fffe05d3        14
FILE=DefaultBuild\sbrk.obj
                                  fffe05d4  fffe05d7         4
FILE=DefaultBuild\RX231_Mouse3.obj
                                  fffe05d8  fffe22e3      1d0c
FILE=DefaultBuild\r_flash_group.obj
                                  fffe22e4  fffe2303        20
FILE=DefaultBuild\r_flash_rx.obj
                                  fffe2304  fffe230b         8
FILE=xfiles
                                  fffe230c  fffe23e3        d8
FILE=malloc
                                  fffe23e4  fffe23eb         8

SECTION=D_1
FILE=DefaultBuild\RX231_Mouse3.obj
                                  fffe23ec  fffe23ed         2
FILE=DefaultBuild\r_flash_group.obj
                                  fffe23ee  fffe23ee         1
FILE=xfiles
                                  fffe23ef  fffe243e        50

SECTION=D_2
FILE=DefaultBuild\RX231_Mouse3.obj
                                  fffe2440  fffe2445         6

SECTION=W_1
FILE=DefaultBuild\r_bsp_cpu.obj
                                  fffe2448  fffe2457        10
FILE=DefaultBuild\RX231_Mouse3.obj
                                  fffe2458  fffe2463         c

SECTION=W_2
FILE=DefaultBuild\Config_S12AD0.obj
                                  fffe2464  fffe249b        38
FILE=DefaultBuild\r_dispatch_1.obj
                                  fffe249c  fffe24f1        56

SECTION=L
FILE=DefaultBuild\dbsct.obj
                                  fffe24f4  fffe24f7         4
  _deadSpace
                                  fffe24f4         4   data ,g         * 
FILE=DefaultBuild\lowsrc.obj
                                  fffe24f8  fffe2539        42
FILE=DefaultBuild\RX231_Mouse3.obj
                                  fffe253c  fffe262f        f4

SECTION=P
FILE=DefaultBuild\r_smc_cgc.obj
                                  fffe2630  fffe2634         5
  _R_CGC_Create
                                  fffe2630         5   func ,g         * 
FILE=DefaultBuild\r_smc_cgc_user.obj
                                  fffe2635  fffe2635         1
  _R_CGC_Create_UserInit
                                  fffe2635         1   func ,g         * 
FILE=DefaultBuild\r_cg_hardware_setup.obj
                                  fffe2636  fffe2699        64
  _r_undefined_exception
                                  fffe2636         1   func ,g         * 
  _R_Systeminit
                                  fffe2637        63   func ,g         * 
FILE=DefaultBuild\r_smc_interrupt.obj
                                  fffe269a  fffe269a         1
  _R_Interrupt_Create
                                  fffe269a         1   func ,g         * 
FILE=DefaultBuild\hwsetup.obj
                                  fffe269b  fffe270b        71
  _hardware_setup
                                  fffe269b        11   func ,g         * 
  _output_ports_configure
                                  fffe26ac         2   func ,l         * 
  _interrupts_configure
                                  fffe26ae         2   func ,l         * 
  _peripheral_modules_enable
                                  fffe26b0         5   func ,l         * 
  _bsp_security_initial_configure
                                  fffe26b5        57   func ,l         * 
FILE=DefaultBuild\lowlvl.obj
                                  fffe270c  fffe2747        3c
  _charput
                                  fffe270c        1d   func ,g         * 
  _charget
                                  fffe2729        1f   func ,g         * 
FILE=DefaultBuild\lowsrc.obj
                                  fffe2748  fffe2a2d       2e6
  _init_iolib
                                  fffe2748        e8   func ,g         * 
  _close_all
                                  fffe2830        3e   func ,g         * 
  _open
                                  fffe286e        a7   func ,g         * 
  _close
                                  fffe2915         b   func ,g         * 
  _write
                                  fffe2920        8c   func ,g         * 
  _read
                                  fffe29ac        71   func ,g         * 
  _lseek
                                  fffe2a1d        11   func ,g         * 
FILE=DefaultBuild\r_bsp_common.obj
                                  fffe2a2e  fffe2b5b       12e
  _R_BSP_GetVersion
                                  fffe2a2e         e   func ,g         * 
  _R_BSP_GetIClkFreqHz
                                  fffe2a3c         a   func ,g         * 
  _R_BSP_SoftwareDelay
                                  fffe2a46       116   func ,g         * 
FILE=DefaultBuild\r_bsp_cpu.obj
                                  fffe2b5c  fffe2d6e       213
  _R_BSP_InterruptsDisable
                                  fffe2b5c        17   func ,g         * 
  _R_BSP_InterruptsEnable
                                  fffe2b73        17   func ,g         * 
  _R_BSP_CpuInterruptLevelRead
                                  fffe2b8a        1d   func ,g         * 
  _R_BSP_CpuInterruptLevelWrite
                                  fffe2ba7        86   func ,g         * 
  _R_BSP_RegisterProtectEnable
                                  fffe2c2d        82   func ,g         * 
  _R_BSP_RegisterProtectDisable
                                  fffe2caf        6a   func ,g         * 
  _R_BSP_SoftwareReset
                                  fffe2d19        11   func ,g         * 
  _bsp_register_protect_open
                                  fffe2d2a        22   func ,g         * 
  _bsp_ram_initialize
                                  fffe2d4c        23   func ,g         * 
FILE=DefaultBuild\r_bsp_interrupts.obj
                                  fffe2d6f  fffe3210       4a2
  _R_BSP_InterruptRequestEnable
                                  fffe2d6f        21   func ,g         * 
  _R_BSP_InterruptRequestDisable
                                  fffe2d90        21   func ,g         * 
  _bsp_interrupt_open
                                  fffe2db1        26   func ,g         * 
  _R_BSP_InterruptWrite
                                  fffe2dd7        76   func ,g         * 
  _R_BSP_InterruptRead
                                  fffe2e4d        51   func ,g         * 
  _R_BSP_InterruptControl
                                  fffe2e9e        a2   func ,g         * 
  _bsp_fit_interrupts_control
                                  fffe2f40        77   func ,l         * 
  _excep_supervisor_inst_isr
                                  fffe2fb7        17   func ,g         * 
  _excep_access_isr
                                  fffe2fce        17   func ,g         * 
  _excep_undefined_inst_isr
                                  fffe2fe5        17   func ,g         * 
  _excep_floating_point_isr
                                  fffe2ffc        29   func ,g         * 
  _non_maskable_isr
                                  fffe3025       1b7   func ,g         * 
  _undefined_interrupt_source_isr
                                  fffe31dc        17   func ,g         * 
  _bus_error_isr
                                  fffe31f3        1e   func ,g         * 
FILE=DefaultBuild\r_bsp_locking.obj
                                  fffe3211  fffe327d        6d
  _R_BSP_SoftwareLock
                                  fffe3211        29   func ,g         * 
  _R_BSP_SoftwareUnlock
                                  fffe323a        10   func ,g         * 
  _R_BSP_HardwareLock
                                  fffe324a        1a   func ,g         * 
  _R_BSP_HardwareUnlock
                                  fffe3264        1a   func ,g         * 
FILE=DefaultBuild\sbrk.obj
                                  fffe327e  fffe32b9        3c
  _sbrk
                                  fffe327e        3c   func ,g         * 
FILE=DefaultBuild\mcu_clocks.obj
                                  fffe32ba  fffe349f       1e6
  _get_iclk_freq_hz
                                  fffe32ba        ab   func ,g         * 
  _mcu_clock_setup
                                  fffe3365         7   func ,g         * 
  _operating_frequency_set
                                  fffe336c        6e   func ,l         * 
  _clock_source_select
                                  fffe33da        99   func ,l         * 
  _usb_lpc_clock_source_select
                                  fffe3473        2d   func ,l         * 
FILE=DefaultBuild\mcu_init.obj
                                  fffe34a0  fffe3526        87
  _bsp_non_existent_port_init
                                  fffe34a0        87   func ,g         * 
FILE=DefaultBuild\mcu_interrupts.obj
                                  fffe3527  fffe3669       143
  _bsp_interrupt_enable_disable
                                  fffe3527       143   func ,g         * 
FILE=DefaultBuild\r_bsp_vbatt.obj
                                  fffe366a  fffe36a4        3b
  _vbatt_voltage_stability_wait
                                  fffe366a        3b   func ,g         * 
FILE=DefaultBuild\Config_CMT0.obj
                                  fffe36a5  fffe3705        61
  _R_Config_CMT0_Create
                                  fffe36a5        38   func ,g         * 
  _R_Config_CMT0_Start
                                  fffe36dd        13   func ,g         * 
  _R_Config_CMT0_Stop
                                  fffe36f0        16   func ,g         * 
FILE=DefaultBuild\Config_CMT0_user.obj
                                  fffe3706  fffe3716        11
  _R_Config_CMT0_Create_UserInit
                                  fffe3706         1   func ,g         * 
  _r_Config_CMT0_cmi0_interrupt
                                  fffe3707        10   func ,l         * 
FILE=DefaultBuild\Config_MTU0.obj
                                  fffe3717  fffe37bd        a7
  _R_Config_MTU0_Create
                                  fffe3717        97   func ,g         * 
  _R_Config_MTU0_Start
                                  fffe37ae         8   func ,g         * 
  _R_Config_MTU0_Stop
                                  fffe37b6         8   func ,g         * 
FILE=DefaultBuild\Config_MTU0_user.obj
                                  fffe37be  fffe37be         1
  _R_Config_MTU0_Create_UserInit
                                  fffe37be         1   func ,g         * 
FILE=DefaultBuild\Config_MTU4.obj
                                  fffe37bf  fffe3887        c9
  _R_Config_MTU4_Create
                                  fffe37bf        ab   func ,g         * 
  _R_Config_MTU4_Start
                                  fffe386a         f   func ,g         * 
  _R_Config_MTU4_Stop
                                  fffe3879         f   func ,g         * 
FILE=DefaultBuild\Config_MTU4_user.obj
                                  fffe3888  fffe3898        11
  _R_Config_MTU4_Create_UserInit
                                  fffe3888         1   func ,g         * 
  _r_Config_MTU4_tgib4_interrupt
                                  fffe3889        10   func ,l         * 
FILE=DefaultBuild\Config_MTU3.obj
                                  fffe3899  fffe3954        bc
  _R_Config_MTU3_Create
                                  fffe3899        9e   func ,g         * 
  _R_Config_MTU3_Start
                                  fffe3937         f   func ,g         * 
  _R_Config_MTU3_Stop
                                  fffe3946         f   func ,g         * 
FILE=DefaultBuild\Config_MTU3_user.obj
                                  fffe3955  fffe3965        11
  _R_Config_MTU3_Create_UserInit
                                  fffe3955         1   func ,g         * 
  _r_Config_MTU3_tgib3_interrupt
                                  fffe3956        10   func ,l         * 
FILE=DefaultBuild\Config_PORT.obj
                                  fffe3966  fffe3ac0       15b
  _R_Config_PORT_Create
                                  fffe3966       15b   func ,g         * 
FILE=DefaultBuild\Config_PORT_user.obj
                                  fffe3ac1  fffe3ac1         1
  _R_Config_PORT_Create_UserInit
                                  fffe3ac1         1   func ,g         * 
FILE=DefaultBuild\Config_S12AD0.obj
                                  fffe3ac2  fffe3d61       2a0
  _R_Config_S12AD0_Create
                                  fffe3ac2       11a   func ,g         * 
  _R_Config_S12AD0_Start
                                  fffe3bdc         c   func ,g         * 
  _R_Config_S12AD0_Stop
                                  fffe3be8         e   func ,g         * 
  _R_Config_S12AD0_Get_ValueResult
                                  fffe3bf6       16c   func ,g         * 
FILE=DefaultBuild\Config_S12AD0_user.obj
                                  fffe3d62  fffe3d62         1
  _R_Config_S12AD0_Create_UserInit
                                  fffe3d62         1   func ,g         * 
FILE=DefaultBuild\Pin.obj
                                  fffe3d63  fffe3e5f        fd
  _R_Pins_Create
                                  fffe3d63        fd   func ,g         * 
FILE=DefaultBuild\RX231_Mouse3.obj
                                  fffe3e60  fffe6c86      2e27
  _LCD_init
                                  fffe3e60        6d   func ,g         * 
  _LCD
                                  fffe3ecd        82   func ,g         * 
  _LCD_clear
                                  fffe3f4f        23   func ,g         * 
  _LCD_print
                                  fffe3f72        2d   func ,g         * 
  _LCD_dec_out
                                  fffe3f9f        eb   func ,g         * 
  _LCD_com4
                                  fffe408a        51   func ,g         * 
  _LCD_com8
                                  fffe40db        14   func ,g         * 
  _LCD_dat8
                                  fffe40ef        95   func ,g         * 
  _LCD_wait
                                  fffe4184        18   func ,g         * 
  _main
                                  fffe419c       151   func ,g         * 
  _IO_init
                                  fffe42ed        7b   func ,g         * 
  _load_param
                                  fffe4368        75   func ,g         * 
  _int_timerw
                                  fffe43dd       50e   func ,g         * 
  _int_mot_r
                                  fffe48eb        22   func ,g         * 
  _int_mot_l
                                  fffe490d        22   func ,g         * 
  _Int_MTU1_TGIA1
                                  fffe492f       153   func ,g         * 
  _pause
                                  fffe4a82        1c   func ,g         * 
  _WaitKeyOff
                                  fffe4a9e        57   func ,g         * 
  _change_mode
                                  fffe4af5        62   func ,g         * 
  _exec_mode
                                  fffe4b57        16   func ,g         * 
  _mode0
                                  fffe4b6d        e3   func ,g         * 
  _mode1
                                  fffe4c50        d5   func ,g         * 
  _mode2
                                  fffe4d25        85   func ,g         * 
  _mode3
                                  fffe4daa        88   func ,g         * 
  _mode4
                                  fffe4e32        81   func ,g         * 
  _mode5
                                  fffe4eb3        92   func ,g         * 
  _mode6
                                  fffe4f45        7c   func ,g         * 
  _mode7
                                  fffe4fc1        8c   func ,g         * 
  _mode8
                                  fffe504d        7f   func ,g         * 
  _mode9
                                  fffe50cc        5c   func ,g         * 
  _mouse_search
                                  fffe5128       4d2   func ,g         * 
  _com_go
                                  fffe55fa        a9   func ,g         * 
  _com_go_half
                                  fffe56a3        97   func ,g         * 
  _com_stop
                                  fffe573a        4f   func ,g         * 
  _com_back
                                  fffe5789        9b   func ,g         * 
  _com_turn
                                  fffe5824        fd   func ,g         * 
  _back_wall_set
                                  fffe5921        15   func ,g         * 
  _kbat_lf_turn
                                  fffe5936        9e   func ,g         * 
  _Start_Sound
                                  fffe59d4       147   func ,g         * 
  _Stop_Sound
                                  fffe5b1b        2b   func ,g         * 
  _AccTableGet
                                  fffe5b46        21   func ,g         * 
  _flash_dm_callback
                                  fffe5b67        17   func ,l         * 
  _flash_dm_wait
                                  fffe5b7e        2f   func ,l         * 
  _flash_dm_format
                                  fffe5bad        2d   func ,l         * 
  _flash_dm_erase
                                  fffe5bda        37   func ,l         * 
  _flash_dm_reclaim
                                  fffe5c11        6b   func ,l         * 
  _flash_dm_init_once
                                  fffe5c7c        9f   func ,l         * 
  _flash_dm_write
                                  fffe5d1b        ba   func ,l         * 
  _flash_dm_read
                                  fffe5dd5        50   func ,l         * 
  _map_writeDF
                                  fffe5e25        92   func ,g         * 
  _map_DFread
                                  fffe5eb7        93   func ,g         * 
  _goal_find_index
                                  fffe5f4a        54   func ,g         * 
  _goal_writeDF
                                  fffe5f9e        59   func ,g         * 
  _goal_DFread
                                  fffe5ff7        a7   func ,g         * 
  _get_wall_data
                                  fffe609e        56   func ,g         * 
  _clear_map
                                  fffe60f4        e6   func ,g         * 
  _make_map_data
                                  fffe61da       199   func ,g         * 
  _make_potential
                                  fffe6373       390   func ,g         * 
  _search_left_hand
                                  fffe6703        5b   func ,g         * 
  _search_ex_left_hand
                                  fffe675e       16c   func ,g         * 
  _search_adachi
                                  fffe68ca       20e   func ,g         * 
  _countdown
                                  fffe6ad8        55   func ,g         * 
  _select_speed
                                  fffe6b2d        7e   func ,g         * 
  _select_goal
                                  fffe6bab        dc   func ,g         * 
FILE=DefaultBuild\Config_MTU1.obj
                                  fffe6c87  fffe6cfa        74
  _R_Config_MTU1_Create
                                  fffe6c87        56   func ,g         * 
  _R_Config_MTU1_Start
                                  fffe6cdd         f   func ,g         * 
  _R_Config_MTU1_Stop
                                  fffe6cec         f   func ,g         * 
FILE=DefaultBuild\Config_MTU1_user.obj
                                  fffe6cfb  fffe6d09         f
  _R_Config_MTU1_Create_UserInit
                                  fffe6cfb         1   func ,g         * 
  _r_Config_MTU1_tgia1_interrupt
                                  fffe6cfc         e   func ,l         * 
FILE=DefaultBuild\r_flash_dm_rx_if.obj
                                  fffe6d0a  fffe785e       b55
  _R_FLASH_DM_Open
                                  fffe6d0a        95   func ,g         * 
  _R_FLASH_DM_Close
                                  fffe6d9f        3a   func ,g         * 
  _R_FLASH_DM_GetVersion
                                  fffe6dd9         d   func ,g         * 
  _R_FLASH_DM_Init
                                  fffe6de6        10   func ,g         * 
  _R_FLASH_DM_Format
                                  fffe6df6        10   func ,g         * 
  _R_FLASH_DM_Read
                                  fffe6e06        14   func ,g         * 
  _R_FLASH_DM_Write
                                  fffe6e1a        14   func ,g         * 
  _R_FLASH_DM_Erase
                                  fffe6e2e        10   func ,g         * 
  _R_FLASH_DM_Control
                                  fffe6e3e        19   func ,g         * 
  _r_flash_dm_get_writable_size
                                  fffe6e57        14   func ,l         * 
  _R_FLASH_DM_Reclaim
                                  fffe6e6b        d8   func ,g         * 
  _r_flash_dm_d1_init
                                  fffe6f43       448   func ,l         * 
  _r_flash_dm_d1_read
                                  fffe738b        c0   func ,l         * 
  _r_flash_dm_d1_write
                                  fffe744b       13b   func ,l         * 
  _r_flash_dm_d1_erase
                                  fffe7586        e2   func ,l         * 
  _r_flash_dm_d1_format
                                  fffe7668        60   func ,l         * 
  _r_flash_dm_d1_control
                                  fffe76c8        52   func ,l         * 
  _r_flash_dm_1_get_writable_size
                                  fffe771a        76   func ,l         * 
  _r_flash_dm_drvif_close
                                  fffe7790        18   func ,l         * 
  _r_flash_dm_drvif_get_datanum
                                  fffe77a8         9   func ,g         * 
  _r_flash_dm_drvif_get_datasize
                                  fffe77b1        13   func ,g         * 
  _r_flash_dm_getdatasize
                                  fffe77c4        41   func ,l         * 
  _r_flash_dm_getdatanum
                                  fffe7805        30   func ,l         * 
  _r_flash_dm_getactivity
                                  fffe7835        2a   func ,l         * 
FILE=DefaultBuild\r_dispatch_1.obj
                                  fffe785f  fffe895a      10fc
  _r_flash_dm_advance
                                  fffe785f        22   func ,g         * 
  _r_flash_dm_memcopy
                                  fffe7881        30   func ,g         * 
  _r_flash_dm_memclr
                                  fffe78b1        22   func ,l         * 
  _r_flash_dm_equal_p
                                  fffe78d3        3a   func ,l         * 
  _r_flash_dm_init_env
                                  fffe790d        fb   func ,g         * 
  _r_flash_dm_free_area
                                  fffe7a08        25   func ,g         * 
  _r_flash_dm_link
                                  fffe7a2d        2d   func ,l         * 
  _r_flash_dm_try
                                  fffe7a5a         e   func ,l         * 
  _r_flash_dm_dispatch
                                  fffe7a68       c56   func ,g         * 
  _r_flash_dm_drvif_set_dataaddr
                                  fffe86be        13   func ,g         * 
  _r_flash_dm_1st_check
                                  fffe86d1       190   func ,g         * 
  _r_flash_dm_softwaredelay
                                  fffe8861        6e   func ,g         * 
  _r_flash_dm_drvif_get_dataaddr
                                  fffe88cf        13   func ,g         * 
  _r_flash_dm_drvif_get_dataaddr_of_addr
                                  fffe88e2        14   func ,g         * 
  _r_flash_dm_block_set_program_addr
                                  fffe88f6        10   func ,g         * 
  _r_flash_dm_block_get_program_addr
                                  fffe8906        10   func ,g         * 
  _r_flash_dm_drvif_flash_busy
                                  fffe8916        37   func ,g         * 
  _r_flash_dm_set_dispatch
                                  fffe894d         e   func ,g         * 
FILE=DefaultBuild\r_dm_1.obj
                                  fffe895b  fffe8faf       655
  _r_flash_dm_drvif_open
                                  fffe895b        35   func ,g         * 
  _r_flash_dm_drvif_init_device
                                  fffe8990         9   func ,g         * 
  _r_flash_dm_drvif_erase_error
                                  fffe8999        26   func ,g         * 
  _r_flash_dm_drvif_program_error
                                  fffe89bf        26   func ,g         * 
  _r_flash_dm_drvif_overwrite_block_flag
                                  fffe89e5        26   func ,g         * 
  _r_flash_dm_drvif_get_block_num
                                  fffe8a0b         f   func ,g         * 
  _r_flash_dm_drvif_get_block_info
                                  fffe8a1a        14   func ,g         * 
  _r_flash_dm_drvif_get_block_addr
                                  fffe8a2e        13   func ,g         * 
  _r_flash_dm_drvif_set_addr_h
                                  fffe8a41         6   func ,g         * 
  _r_flash_dm_drvif_get_addr
                                  fffe8a47         c   func ,g         * 
  _r_flash_dm_drvif_get_block_erase_flag
                                  fffe8a53         c   func ,g         * 
  _r_flash_dm_drvif_set_dh_flag
                                  fffe8a5f        13   func ,g         * 
  _r_flash_dm_drvif_overwrite
                                  fffe8a72        7b   func ,l         * 
  _r_flash_dm_drvif_api_flag
                                  fffe8aed        29   func ,g         * 
  _r_flash_dm_drvif_write
                                  fffe8b16        46   func ,g         * 
  _r_flash_dm_drvif_erase
                                  fffe8b5c        3a   func ,g         * 
  _r_flash_dm_block_init
                                  fffe8b96        20   func ,g         * 
  _r_flash_dm_block_program_init
                                  fffe8bb6        49   func ,g         * 
  _r_flash_dm_block_erase_init
                                  fffe8bff         a   func ,g         * 
  _r_flash_dm_block_copy_setup
                                  fffe8c09        de   func ,l         * 
  _r_flash_dm_block_fill_setup
                                  fffe8ce7        88   func ,l         * 
  _r_flash_dm_block_program_setup
                                  fffe8d6f        3b   func ,l         * 
  _r_flash_dm_block_program_check
                                  fffe8daa        ad   func ,g         * 
  _r_flash_dm_block_erase_check
                                  fffe8e57        21   func ,g         * 
  _r_flash_dm_block_command
                                  fffe8e78        66   func ,g         * 
  _r_flash_dm_drvif_callback
                                  fffe8ede        c4   func ,g         * 
  _r_flash_dm_set_dm
                                  fffe8fa2         e   func ,g         * 
FILE=DefaultBuild\r_flash_group.obj
                                  fffe8fb0  fffe97da       82b
  _r_flash_open
                                  fffe8fb0        5c   func ,g         * 
  _flash_interrupt_config
                                  fffe900c        ab   func ,l         * 
  _r_flash_close
                                  fffe90b7        31   func ,g         * 
  _r_flash_erase
                                  fffe90e8        da   func ,g         * 
  _get_erase_flash_type
                                  fffe91c2        92   func ,l         * 
  _is_cf_addr
                                  fffe9254        29   func ,l         * 
  _set_erase_params
                                  fffe927d        84   func ,l         * 
  _r_flash_blankcheck
                                  fffe9301       14b   func ,g         * 
  _set_blankcheck_params
                                  fffe944c        89   func ,l         * 
  _r_flash_write
                                  fffe94d5        de   func ,g         * 
  _get_bc_pgm_flash_type
                                  fffe95b3        a7   func ,l         * 
  _set_write_params
                                  fffe965a        85   func ,l         * 
  _r_flash_control
                                  fffe96df        fc   func ,g         * 
FILE=DefaultBuild\r_flash_nofcu.obj
                                  fffe97db  fffe9e39       65f
  _flash_df_access_enable
                                  fffe97db        1f   func ,g         * 
  _flash_df_pe_mode_enter
                                  fffe97fa        3d   func ,l         * 
  _flash_df_read_mode_enter
                                  fffe9837        23   func ,l         * 
  _flash_df_erase
                                  fffe985a        5a   func ,l         * 
  _flash_df_blankcheck
                                  fffe98b4        54   func ,l         * 
  _flash_df_write
                                  fffe9908        5d   func ,l         * 
  _flash_get_status
                                  fffe9965        1a   func ,g         * 
  _flash_reset
                                  fffe997f         f   func ,g         * 
  _flash_stop
                                  fffe998e        b1   func ,g         * 
  _flash_delay_us
                                  fffe9a3f        2f   func ,g         * 
  _flash_pe_mode_enter
                                  fffe9a6e        28   func ,g         * 
  _flash_pe_mode_exit
                                  fffe9a96        1e   func ,g         * 
  _flash_erase
                                  fffe9ab4        5a   func ,g         * 
  _flash_blankcheck
                                  fffe9b0e        7c   func ,g         * 
  _flash_write
                                  fffe9b8a        d8   func ,g         * 
  _flash_write_fpmcr
                                  fffe9c62        37   func ,l         * 
  _flash_wait_frdy
                                  fffe9c99        9a   func ,l         * 
  _Excep_FCU_FRDYI
                                  fffe9d33       107   func ,l         * 
FILE=DefaultBuild\r_flash_rx.obj
                                  fffe9e3a  fffe9f69       130
  _R_FLASH_Open
                                  fffe9e3a        1c   func ,g         * 
  _R_FLASH_Close
                                  fffe9e56         a   func ,g         * 
  _R_FLASH_Erase
                                  fffe9e60        10   func ,g         * 
  _R_FLASH_BlankCheck
                                  fffe9e70        15   func ,g         * 
  _R_FLASH_Write
                                  fffe9e85        15   func ,g         * 
  _R_FLASH_Control
                                  fffe9e9a        10   func ,g         * 
  _R_FLASH_GetVersion
                                  fffe9eaa         e   func ,g         * 
  _flash_lock_state
                                  fffe9eb8        27   func ,g         * 
  _flash_release_state
                                  fffe9edf        13   func ,g         * 
  _flash_softwareLock
                                  fffe9ef2        26   func ,g         * 
  _flash_softwareUnlock
                                  fffe9f18        10   func ,g         * 
  _flash_InterruptRequestEnable
                                  fffe9f28        21   func ,g         * 
  _flash_InterruptRequestDisable
                                  fffe9f49        21   func ,g         * 
FILE=freopen
                                  fffe9f6a  fffe9f97        2e
  _freopen
                                  fffe9f6a        2e   func ,g         * 
FILE=fclose
                                  fffe9f98  fffe9feb        54
  _fclose
                                  fffe9f98        54   func ,g         * 
FILE=__COM_DIVd
                                  fffe9fec  fffea1c8       1dd
  exception1
                                  fffe9fec         0   none ,l         * 
  exception2
                                  fffe9ffb         0   none ,l         * 
  exception3
                                  fffea003         0   none ,l         * 
  normalize1
                                  fffea016         0   none ,l         * 
  p1_norm_loop
                                  fffea021         0   none ,l         * 
  exception4
                                  fffea057         0   none ,l         * 
  normalize2
                                  fffea05d         0   none ,l         * 
  p2_norm_loop
                                  fffea068         0   none ,l         * 
  return_zero
                                  fffea095         0   none ,l         * 
  return_inf
                                  fffea0a0         0   none ,l         * 
  return_NaN
                                  fffea0b3         0   none ,l         * 
  __COM_DIVd
                                  fffea0be         0   none ,g         * 
  exception_return3
                                  fffea0f2         0   none ,l         * 
  exception_return4
                                  fffea0f7         0   none ,l         * 
  div_loop
                                  fffea118         0   none ,l         * 
  man_sub
                                  fffea12b         0   none ,l         * 
  over_sub
                                  fffea136         0   none ,l         * 
  end_man_cal
                                  fffea13e         0   none ,l         * 
  end_sticky_cal
                                  fffea143         0   none ,l         * 
  end_norm
                                  fffea151         0   none ,l         * 
  denormalize_loop
                                  fffea15e         0   none ,l         * 
  next_loop
                                  fffea166         0   none ,l         * 
  round_denormal
                                  fffea16e         0   none ,l         * 
  end_round_d
                                  fffea188         0   none ,l         * 
  end_denormal
                                  fffea18a         0   none ,l         * 
  end_denormal_0
                                  fffea19a         0   none ,l         * 
  return_value
                                  fffea1a8         0   none ,l         * 
  end_round
                                  fffea1a8         0   none ,l         * 
  return
                                  fffea1c2         0   none ,l         * 
FILE=__COM_DIV64u
                                  fffea1c9  fffea261        99
  __COM_DIV64u
                                  fffea1c9         0   none ,g         * 
  _Loop_Init
                                  fffea1d3         0   none ,l         * 
  _Loop
                                  fffea1db         0   none ,l         * 
  _DivStart
                                  fffea1e7         0   none ,l         * 
  _Success
                                  fffea1f5         0   none ,l         * 
  _DivEnd
                                  fffea201         0   none ,l         * 
  IXI6DIV
                                  fffea206         0   none ,l         * 
  IXI4DIV
                                  fffea218         0   none ,l         * 
  IXI2DIV
                                  fffea228         0   none ,l         * 
  I8I2DIV
                                  fffea230         0   none ,l         * 
  I4I2DIV
                                  fffea25e         0   none ,l         * 
  _i8divU_End
                                  fffea261         0   none ,l         * 
FILE=__COM_CONV32ud
                                  fffea262  fffea29f        3e
  __COM_CONV32ud
                                  fffea262         0   none ,g         * 
  next_8
                                  fffea274         0   none ,l         * 
  next_4
                                  fffea27c         0   none ,l         * 
  next_2
                                  fffea284         0   none ,l         * 
  next_1
                                  fffea28c         0   none ,l         * 
  next_0
                                  fffea294         0   none ,l         * 
  pack
                                  fffea296         0   none ,l         * 
  return
                                  fffea29f         0   none ,l         * 
FILE=__COM_CONVd32
                                  fffea2a0  fffea2f2        53
  __COM_CONVd32u
                                  fffea2a0         0   none ,g         * 
  __COM_CONVd32s
                                  fffea2a3         0   none ,g         * 
  unpack
                                  fffea2a6         0   none ,l         * 
  return
                                  fffea2cb         0   none ,l         * 
  return_zero
                                  fffea2cc         0   none ,l         * 
  exp_over30
                                  fffea2cf         0   none ,l         * 
  exp_over31
                                  fffea2d1         0   none ,l         * 
  exp_equal31
                                  fffea2e0         0   none ,l         * 
FILE=__initsct
                                  fffea2f3  fffea33c        4a
  __INITSCT
                                  fffea2f3         0   none ,g         * 
  loop1
                                  fffea305         0   none ,l         * 
  next_loop1
                                  fffea313         0   none ,l         * 
  loop3
                                  fffea325         0   none ,l         * 
  next_loop3
                                  fffea336         0   none ,l         * 
FILE=fflush
                                  fffea33d  fffea3bc        80
  _fflush
                                  fffea33d        80   func ,g         * 
FILE=xfoprep
                                  fffea3bd  fffea48e        d2
  __Foprep
                                  fffea3bd        d2   func ,g         * 
FILE=xfofind
                                  fffea48f  fffea51b        8d
  __Fofind
                                  fffea48f        44   func ,g         * 
  __Fofree
                                  fffea4d3        49   func ,g         * 
FILE=free
                                  fffea51c  fffea59d        82
  _free
                                  fffea51c        82   func ,g         * 
FILE=xfopen
                                  fffea59e  fffea5cd        30
  __Fopen
                                  fffea59e        30   func ,g         * 
FILE=malloc
                                  fffea5ce  fffea6a8        db
  _findmem
                                  fffea5ce        79   func ,l         * 
  _malloc
                                  fffea647        62   func ,g         * 
FILE=xgetmem
                                  fffea6a9  fffea6c3        1b
  __Getmem
                                  fffea6a9        1b   func ,g         * 

SECTION=EXCEPTVECT
FILE=DefaultBuild\vecttbl.obj
                                  ffffff80  fffffffb        7c
  _Except_Vectors
                                  ffffff80        7c   data ,g         * 

SECTION=RESETVECT
FILE=DefaultBuild\vecttbl.obj
                                  fffffffc  ffffffff         4
  _Reset_Vector
                                  fffffffc         4   data ,g         * 

*** Unfilled Areas ***

AREA                                START    END

*** Delete Symbols ***

SYMBOL                                SIZE    INFO
