Renesas Optimizing Linker (W3.07.00 )             12-Feb-2026 17:46:29

*** Options ***

-subcommand=DefaultBuild\RX231_Mouse3.clnk
-library=DefaultBuild\RX231_Mouse3.lib
-input=DefaultBuild\r_smc_cgc.obj
-input=DefaultBuild\r_smc_cgc_user.obj
-input=DefaultBuild\r_cg_hardware_setup.obj
-input=DefaultBuild\r_smc_interrupt.obj
-input=DefaultBuild\hwsetup.obj
-input=DefaultBuild\dbsct.obj
-input=DefaultBuild\lowlvl.obj
-input=DefaultBuild\lowsrc.obj
-input=DefaultBuild\mcu_locks.obj
-input=DefaultBuild\r_bsp_common.obj
-input=DefaultBuild\r_bsp_cpu.obj
-input=DefaultBuild\r_bsp_interrupts.obj
-input=DefaultBuild\r_bsp_locking.obj
-input=DefaultBuild\r_bsp_mcu_startup.obj
-input=DefaultBuild\r_bsp_software_interrupt.obj
-input=DefaultBuild\r_rx_intrinsic_functions.obj
-input=DefaultBuild\resetprg.obj
-input=DefaultBuild\sbrk.obj
-input=DefaultBuild\mcu_clocks.obj
-input=DefaultBuild\mcu_init.obj
-input=DefaultBuild\mcu_interrupts.obj
-input=DefaultBuild\r_bsp_vbatt.obj
-input=DefaultBuild\vecttbl.obj
-input=DefaultBuild\Config_CMT0.obj
-input=DefaultBuild\Config_CMT0_user.obj
-input=DefaultBuild\Config_MTU0.obj
-input=DefaultBuild\Config_MTU0_user.obj
-input=DefaultBuild\Config_MTU4.obj
-input=DefaultBuild\Config_MTU4_user.obj
-input=DefaultBuild\Config_MTU3.obj
-input=DefaultBuild\Config_MTU3_user.obj
-input=DefaultBuild\Config_PORT.obj
-input=DefaultBuild\Config_PORT_user.obj
-input=DefaultBuild\Config_S12AD0.obj
-input=DefaultBuild\Config_S12AD0_user.obj
-input=DefaultBuild\Pin.obj
-input=DefaultBuild\RX231_Mouse3.obj
-input=DefaultBuild\Config_MTU1.obj
-input=DefaultBuild\Config_MTU1_user.obj
-input=DefaultBuild\r_flash_dm_rx_if.obj
-input=DefaultBuild\r_dispatch_1.obj
-input=DefaultBuild\r_dm_1.obj
-input=DefaultBuild\r_dm_3.obj
-input=DefaultBuild\r_dm_4.obj
-input=DefaultBuild\r_dm_5.obj
-input=DefaultBuild\r_datf_crc.obj
-input=DefaultBuild\r_dispatch_2.obj
-input=DefaultBuild\r_flash_fcu.obj
-input=DefaultBuild\r_flash_group.obj
-input=DefaultBuild\r_flash_nofcu.obj
-input=DefaultBuild\r_flash_rx.obj
-input=DefaultBuild\r_flash_type1.obj
-input=DefaultBuild\r_flash_type3.obj
-input=DefaultBuild\r_flash_type4.obj
-input=DefaultBuild\r_flash_type5.obj
-noprelink
-output=DefaultBuild\RX231_Mouse3.abs
-vect=_undefined_interrupt_source_isr
-list=DefaultBuild\RX231_Mouse3.map
-show=symbol,total_size
-nooptimize
-start=SU,SI,B_1,R_1,B_2,R_2,B,R/00000004,PResetPRG,C_1,C_2,C,C$*,D*,W*,L,P/FFFE0000,EXCEPTVECT/FFFFFF80,RESETVECT/FFFFFFFC
-rom=D=R,D_1=R_1,D_2=R_2
-nologo
-end

*** Error information ***

*** Mapping List ***

SECTION                            START      END         SIZE   ALIGN
SU
                                  00000004  00001003      1000   4
SI
                                  00001004  00001403       400   4
B_1
                                  00001404  00001643       240   1
R_1
                                  00001644  00001696        53   1
B_2
                                  00001698  000016e7        50   2
R_2
                                  000016e8  000016ed         6   2
B
                                  000016f0  00001e67       778   4
R
                                  00001e68  00003c93      1e2c   4
PResetPRG
                                  fffe0000  fffe005b        5c   4
C_1
                                  fffe005c  fffe0065         a   4
C_2
                                  fffe0066  fffe00bd        58   2
C
                                  fffe00c0  fffe0183        c4   4
C$DSEC
                                  fffe0184  fffe01a7        24   4
C$BSEC
                                  fffe01a8  fffe01bf        18   4
C$VECT
                                  fffe01c0  fffe05bf       400   4
D
                                  fffe05c0  fffe23eb      1e2c   4
D_1
                                  fffe23ec  fffe243e        53   1
D_2
                                  fffe2440  fffe2445         6   2
W
                                  fffe2448  fffe2448         0   4
W_1
                                  fffe2448  fffe2463        1c   1
W_2
                                  fffe2464  fffe24f1        8e   2
L
                                  fffe24f4  fffe262f       13c   4
P
                                  fffe2630  fffea2c7      7c98   4
EXCEPTVECT
                                  ffffff80  fffffffb        7c   4
RESETVECT
                                  fffffffc  ffffffff         4   4

*** Total Section Size ***

RAMDATA SECTION:  00003c8d Byte(s)
ROMDATA SECTION:  0000264d Byte(s)
PROGRAM SECTION:  00007cf4 Byte(s)

*** Symbol List ***

SECTION=
FILE=                               START        END    SIZE
  SYMBOL                            ADDR        SIZE    INFO      COUNTS  OPT

SECTION=SU
FILE=DefaultBuild\resetprg.obj
                                  00000004  00001003      1000

SECTION=SI
FILE=DefaultBuild\resetprg.obj
                                  00001004  00001403       400

SECTION=B_1
FILE=DefaultBuild\lowsrc.obj
                                  00001404  0000142b        28
  _flmod
                                  00001404        14   data ,g         * 
  _sml_buf
                                  00001418        14   data ,g         * 
FILE=DefaultBuild\RX231_Mouse3.obj
                                  0000142c  00001640       215
  _LCD_DATA
                                  0000142c        10   data ,g         * 
  _SoundStatus
                                  0000143c         1   data ,l         * 
  _head
                                  0000143d         1   data ,g         * 
  _head_change
                                  0000143e         1   data ,g         * 
  _pos_x
                                  0000143f         1   data ,g         * 
  _pos_y
                                  00001440         1   data ,g         * 
  _map
                                  00001441       100   data ,g         * 
  _p_map
                                  00001541       100   data ,g         * 
FILE=DefaultBuild\r_dm_1.obj
                                  00001641  00001643         3
  _gs_flash_dm_b_data
                                  00001641         1   data ,g         * 
  _gs_flash_dm_b_unit
                                  00001642         1   data ,l         * 
  _gs_flash_dm_c_mode
                                  00001643         1   data ,l         * 

SECTION=R_1
FILE=DefaultBuild\RX231_Mouse3.obj
                                  00001644  00001645         2
  _g_flash_dm_done
                                  00001644         1   data ,l         * 
  _g_flash_dm_ready
                                  00001645         1   data ,l         * 
FILE=DefaultBuild\r_flash_group.obj
                                  00001646  00001646         1
  _g_driver_opened
                                  00001646         1   data ,l         * 
FILE=xfiles
                                  00001647  00001696        50
  _ebuf
                                  00001647        50   data ,l         * 

SECTION=B_2
FILE=DefaultBuild\r_bsp_cpu.obj
                                  00001698  000016a1         a
  _s_protect_counters
                                  00001698         a   data ,l         * 
FILE=DefaultBuild\RX231_Mouse3.obj
                                  000016a2  000016e5        44
  _LCD_FLAG
                                  000016a2         2   data ,g         * 
  _LCD_PT
                                  000016a4         2   data ,g         * 
  _SENSOR_PT
                                  000016a6         2   data ,g         * 
  _g_s12ad0_ch000_value
                                  000016a8         2   data ,g         * 
  _g_s12ad0_ch001_value
                                  000016aa         2   data ,g         * 
  _g_s12ad0_ch002_value
                                  000016ac         2   data ,g         * 
  _g_s12ad0_ch017_value
                                  000016ae         2   data ,g         * 
  _Batt
                                  000016b0         2   data ,g         * 
  _R_PRE
                                  000016b2         2   data ,g         * 
  _L_PRE
                                  000016b4         2   data ,g         * 
  _F_PRE
                                  000016b6         2   data ,g         * 
  _R_SEN
                                  000016b8         2   data ,g         * 
  _L_SEN
                                  000016ba         2   data ,g         * 
  _F_SEN
                                  000016bc         2   data ,g         * 
  _R_SW
                                  000016be         2   data ,g         * 
  _L_SW
                                  000016c0         2   data ,g         * 
  _F_SW
                                  000016c2         2   data ,g         * 
  _R_REF
                                  000016c4         2   data ,g         * 
  _L_REF
                                  000016c6         2   data ,g         * 
  _R_LIM
                                  000016c8         2   data ,g         * 
  _L_LIM
                                  000016ca         2   data ,g         * 
  _F_LIM
                                  000016cc         2   data ,g         * 
  _timerL
                                  000016ce         2   data ,g         * 
  _timerR
                                  000016d0         2   data ,g         * 
  _ldir
                                  000016d2         2   data ,g         * 
  _rdir
                                  000016d4         2   data ,g         * 
  _speed
                                  000016d6         2   data ,g         * 
  _speed_now
                                  000016d8         2   data ,g         * 
  _MotorTimer
                                  000016da         2   data ,g         * 
  _control_mode
                                  000016dc         2   data ,g         * 
  _Global_Speed
                                  000016de         2   data ,g         * 
  _STEP
                                  000016e0         2   data ,g         * 
  _GO_STEP
                                  000016e2         2   data ,g         * 
  _TURN_STEP
                                  000016e4         2   data ,g         * 
FILE=DefaultBuild\r_dm_1.obj
                                  000016e6  000016e7         2
  _gs_flash_dm_b_counter
                                  000016e6         2   data ,l         * 

SECTION=R_2
FILE=DefaultBuild\RX231_Mouse3.obj
                                  000016e8  000016ed         6
  _wait_timer
                                  000016e8         2   data ,g         * 
  _stepf_r
                                  000016ea         2   data ,g         * 
  _stepf_l
                                  000016ec         2   data ,g         * 

SECTION=B
FILE=DefaultBuild\lowsrc.obj
                                  000016f0  0000173f        50
  __Files
                                  000016f0        50   data ,g         * 
FILE=DefaultBuild\mcu_locks.obj
                                  00001740  00001877       138
  _g_bsp_Locks
                                  00001740       138   data ,g         * 
FILE=DefaultBuild\r_bsp_interrupts.obj
                                  00001878  000018b7        40
  _g_bsp_vectors
                                  00001878        40   data ,l         * 
FILE=DefaultBuild\sbrk.obj
                                  000018b8  00001cbb       404
  __s1ptr
                                  000018b8         4   data ,g         * 
  _s_heap_area
                                  000018bc       400   data ,l         * 
FILE=DefaultBuild\RX231_Mouse3.obj
                                  00001cbc  00001dcb       110
  _st_nSoundRPos
                                  00001cbc         4   data ,l         * 
  _st_pSound
                                  00001cc0         4   data ,l         * 
  _step_r
                                  00001cc4         4   data ,g         * 
  _step_l
                                  00001cc8         4   data ,g         * 
  _g_flash_dm_work
                                  00001ccc       100   data ,l         * 
FILE=DefaultBuild\r_flash_dm_rx_if.obj
                                  00001dcc  00001dd3         8
  _g_flash_dm_handle
                                  00001dcc         4   data ,l         * 
  _r_flash_dm_callbackfunc
                                  00001dd0         4   data ,g         * 
FILE=DefaultBuild\r_dispatch_1.obj
                                  00001dd4  00001deb        18
  _g_flash_dispatch_1_hndl
                                  00001dd4         4   data ,g         * 
  _gs_flash_dm_data_addr
                                  00001dd8        14   data ,g         * 
FILE=DefaultBuild\r_dm_1.obj
                                  00001dec  00001e4f        64
  _g_flash_dm_err_flg
                                  00001dec         4   data ,g         * 
  _gs_flash_dm_block_info
                                  00001df0        60   data ,l         * 
FILE=DefaultBuild\r_flash_group.obj
                                  00001e50  00001e5f        10
  _flash_ready_isr_handler
                                  00001e50         4   data ,g         * 
  _flash_error_isr_handler
                                  00001e54         4   data ,g         * 
  _g_flash_int_ready_cb_args
                                  00001e58         4   data ,g         * 
  _g_flash_int_error_cb_args
                                  00001e5c         4   data ,g         * 
FILE=DefaultBuild\r_flash_rx.obj
                                  00001e60  00001e63         4
  _g_flash_lock
                                  00001e60         4   data ,g         * 
FILE=_errno
                                  00001e64  00001e67         4
  __errno
                                  00001e64         4   data ,g         * 

SECTION=R
FILE=DefaultBuild\lowsrc.obj
                                  00001e68  00001e7b        14
  _env_list
                                  00001e68        10   data ,g         * 
  _environ
                                  00001e78         4   data ,g         * 
FILE=DefaultBuild\sbrk.obj
                                  00001e7c  00001e7f         4
  _sp_brk
                                  00001e7c         4   data ,l         * 
FILE=DefaultBuild\RX231_Mouse3.obj
                                  00001e80  00003b8b      1d0c
  _ccnt2
                                  00001e80      1a48   data ,g         * 
  _MODE
                                  000038c8         4   data ,g         * 
  _goal
                                  000038cc         8   data ,g         * 
  _goals
                                  000038d4        28   data ,g         * 
  _GOAL_NUM
                                  000038fc         4   data ,g         * 
  _g_flash_dm_last
                                  00003900         4   data ,l         * 
  _Chime_1
                                  00003904        10   data ,g         * 
  _Chime_2
                                  00003914        18   data ,g         * 
  _Countdown
                                  0000392c        40   data ,g         * 
  _Goal
                                  0000396c        30   data ,g         * 
  _Melody_1
                                  0000399c        68   data ,g         * 
  _Melody_2
                                  00003a04       188   data ,g         * 
FILE=DefaultBuild\r_flash_group.obj
                                  00003b8c  00003bab        20
  _g_current_parameters
                                  00003b8c        20   data ,g         * 
FILE=DefaultBuild\r_flash_rx.obj
                                  00003bac  00003bb3         8
  _g_flash_state
                                  00003bac         4   data ,g         * 
  _g_pfcu_cmd_area
                                  00003bb0         4   data ,g         * 
FILE=xfiles
                                  00003bb4  00003c8b        d8
  __Stdin
                                  00003bb4        48   data ,g         * 
  __Stdout
                                  00003bfc        48   data ,g         * 
  __Stderr
                                  00003c44        48   data ,g         * 
FILE=malloc
                                  00003c8c  00003c93         8
  __Aldata
                                  00003c8c         8   data ,g         * 

SECTION=PResetPRG
FILE=DefaultBuild\resetprg.obj
                                  fffe0000  fffe005b        5c
  _PowerON_Reset_PC
                                  fffe0000        5a   entry,g         * 

SECTION=C_1
FILE=DefaultBuild\r_dm_1.obj
                                  fffe005c  fffe0065         a
  _gs_flash_dm_transfer_unit
                                  fffe005c         1   data ,l         * 
  _g_flash_dm_block_num
                                  fffe005d         1   data ,g         * 
  _g_r_flash_dm_block_erase_flag
                                  fffe005e         8   data ,g         * 

SECTION=C_2
FILE=DefaultBuild\r_bsp_cpu.obj
                                  fffe0066  fffe006d         8
  _s_prcr_masks
                                  fffe0066         8   data ,l         * 
FILE=DefaultBuild\r_dm_1.obj
                                  fffe006e  fffe00bd        50
  _gc_dm_data_size
                                  fffe006e        50   data ,g         * 

SECTION=C
FILE=DefaultBuild\dbsct.obj
                                  fffe00c0  fffe00d7        18
  __CTBL
                                  fffe00c0        18   data ,g         * 
FILE=DefaultBuild\RX231_Mouse3.obj
                                  fffe00d8  fffe0103        2c
  _g_mode_table
                                  fffe00d8        28   data ,l         * 
  _g_mode_table_count
                                  fffe0100         4   data ,l         * 
FILE=DefaultBuild\r_dm_1.obj
                                  fffe0104  fffe0123        20
  _g_r_flash_dm_block_addr
                                  fffe0104        20   data ,g         * 
FILE=_nfiles
                                  fffe0124  fffe0127         4
  __nfiles
                                  fffe0124         4   data ,g         * 
FILE=xfoprep
                                  fffe0128  fffe016f        48
  _init$1
                                  fffe0128        48   data ,l         * 
FILE=xfopen
                                  fffe0170  fffe017f        10
  _rwacc$1
                                  fffe0170        10   data ,l         * 
FILE=_sbrk_si
                                  fffe0180  fffe0183         4
  __sbrk_size
                                  fffe0180         4   data ,g         * 

SECTION=C$DSEC
FILE=DefaultBuild\dbsct.obj
                                  fffe0184  fffe01a7        24
  __DTBL
                                  fffe0184        24   data ,g         * 

SECTION=C$BSEC
FILE=DefaultBuild\dbsct.obj
                                  fffe01a8  fffe01bf        18
  __BTBL
                                  fffe01a8        18   data ,g         * 

SECTION=C$VECT
FILE=DefaultBuild\resetprg.obj
                                  fffe01c0  fffe05bf       400

SECTION=D
FILE=DefaultBuild\lowsrc.obj
                                  fffe05c0  fffe05d3        14
FILE=DefaultBuild\sbrk.obj
                                  fffe05d4  fffe05d7         4
FILE=DefaultBuild\RX231_Mouse3.obj
                                  fffe05d8  fffe22e3      1d0c
FILE=DefaultBuild\r_flash_group.obj
                                  fffe22e4  fffe2303        20
FILE=DefaultBuild\r_flash_rx.obj
                                  fffe2304  fffe230b         8
FILE=xfiles
                                  fffe230c  fffe23e3        d8
FILE=malloc
                                  fffe23e4  fffe23eb         8

SECTION=D_1
FILE=DefaultBuild\RX231_Mouse3.obj
                                  fffe23ec  fffe23ed         2
FILE=DefaultBuild\r_flash_group.obj
                                  fffe23ee  fffe23ee         1
FILE=xfiles
                                  fffe23ef  fffe243e        50

SECTION=D_2
FILE=DefaultBuild\RX231_Mouse3.obj
                                  fffe2440  fffe2445         6

SECTION=W_1
FILE=DefaultBuild\r_bsp_cpu.obj
                                  fffe2448  fffe2457        10
FILE=DefaultBuild\RX231_Mouse3.obj
                                  fffe2458  fffe2463         c

SECTION=W_2
FILE=DefaultBuild\Config_S12AD0.obj
                                  fffe2464  fffe249b        38
FILE=DefaultBuild\r_dispatch_1.obj
                                  fffe249c  fffe24f1        56

SECTION=L
FILE=DefaultBuild\dbsct.obj
                                  fffe24f4  fffe24f7         4
  _deadSpace
                                  fffe24f4         4   data ,g         * 
FILE=DefaultBuild\lowsrc.obj
                                  fffe24f8  fffe2539        42
FILE=DefaultBuild\RX231_Mouse3.obj
                                  fffe253c  fffe262f        f4

SECTION=P
FILE=DefaultBuild\r_smc_cgc.obj
                                  fffe2630  fffe2634         5
  _R_CGC_Create
                                  fffe2630         5   func ,g         * 
FILE=DefaultBuild\r_smc_cgc_user.obj
                                  fffe2635  fffe2635         1
  _R_CGC_Create_UserInit
                                  fffe2635         1   func ,g         * 
FILE=DefaultBuild\r_cg_hardware_setup.obj
                                  fffe2636  fffe2699        64
  _r_undefined_exception
                                  fffe2636         1   func ,g         * 
  _R_Systeminit
                                  fffe2637        63   func ,g         * 
FILE=DefaultBuild\r_smc_interrupt.obj
                                  fffe269a  fffe269a         1
  _R_Interrupt_Create
                                  fffe269a         1   func ,g         * 
FILE=DefaultBuild\hwsetup.obj
                                  fffe269b  fffe270b        71
  _hardware_setup
                                  fffe269b        11   func ,g         * 
  _output_ports_configure
                                  fffe26ac         2   func ,l         * 
  _interrupts_configure
                                  fffe26ae         2   func ,l         * 
  _peripheral_modules_enable
                                  fffe26b0         5   func ,l         * 
  _bsp_security_initial_configure
                                  fffe26b5        57   func ,l         * 
FILE=DefaultBuild\lowlvl.obj
                                  fffe270c  fffe2747        3c
  _charput
                                  fffe270c        1d   func ,g         * 
  _charget
                                  fffe2729        1f   func ,g         * 
FILE=DefaultBuild\lowsrc.obj
                                  fffe2748  fffe2a2d       2e6
  _init_iolib
                                  fffe2748        e8   func ,g         * 
  _close_all
                                  fffe2830        3e   func ,g         * 
  _open
                                  fffe286e        a7   func ,g         * 
  _close
                                  fffe2915         b   func ,g         * 
  _write
                                  fffe2920        8c   func ,g         * 
  _read
                                  fffe29ac        71   func ,g         * 
  _lseek
                                  fffe2a1d        11   func ,g         * 
FILE=DefaultBuild\r_bsp_common.obj
                                  fffe2a2e  fffe2b5b       12e
  _R_BSP_GetVersion
                                  fffe2a2e         e   func ,g         * 
  _R_BSP_GetIClkFreqHz
                                  fffe2a3c         a   func ,g         * 
  _R_BSP_SoftwareDelay
                                  fffe2a46       116   func ,g         * 
FILE=DefaultBuild\r_bsp_cpu.obj
                                  fffe2b5c  fffe2d6e       213
  _R_BSP_InterruptsDisable
                                  fffe2b5c        17   func ,g         * 
  _R_BSP_InterruptsEnable
                                  fffe2b73        17   func ,g         * 
  _R_BSP_CpuInterruptLevelRead
                                  fffe2b8a        1d   func ,g         * 
  _R_BSP_CpuInterruptLevelWrite
                                  fffe2ba7        86   func ,g         * 
  _R_BSP_RegisterProtectEnable
                                  fffe2c2d        82   func ,g         * 
  _R_BSP_RegisterProtectDisable
                                  fffe2caf        6a   func ,g         * 
  _R_BSP_SoftwareReset
                                  fffe2d19        11   func ,g         * 
  _bsp_register_protect_open
                                  fffe2d2a        22   func ,g         * 
  _bsp_ram_initialize
                                  fffe2d4c        23   func ,g         * 
FILE=DefaultBuild\r_bsp_interrupts.obj
                                  fffe2d6f  fffe3210       4a2
  _R_BSP_InterruptRequestEnable
                                  fffe2d6f        21   func ,g         * 
  _R_BSP_InterruptRequestDisable
                                  fffe2d90        21   func ,g         * 
  _bsp_interrupt_open
                                  fffe2db1        26   func ,g         * 
  _R_BSP_InterruptWrite
                                  fffe2dd7        76   func ,g         * 
  _R_BSP_InterruptRead
                                  fffe2e4d        51   func ,g         * 
  _R_BSP_InterruptControl
                                  fffe2e9e        a2   func ,g         * 
  _bsp_fit_interrupts_control
                                  fffe2f40        77   func ,l         * 
  _excep_supervisor_inst_isr
                                  fffe2fb7        17   func ,g         * 
  _excep_access_isr
                                  fffe2fce        17   func ,g         * 
  _excep_undefined_inst_isr
                                  fffe2fe5        17   func ,g         * 
  _excep_floating_point_isr
                                  fffe2ffc        29   func ,g         * 
  _non_maskable_isr
                                  fffe3025       1b7   func ,g         * 
  _undefined_interrupt_source_isr
                                  fffe31dc        17   func ,g         * 
  _bus_error_isr
                                  fffe31f3        1e   func ,g         * 
FILE=DefaultBuild\r_bsp_locking.obj
                                  fffe3211  fffe327d        6d
  _R_BSP_SoftwareLock
                                  fffe3211        29   func ,g         * 
  _R_BSP_SoftwareUnlock
                                  fffe323a        10   func ,g         * 
  _R_BSP_HardwareLock
                                  fffe324a        1a   func ,g         * 
  _R_BSP_HardwareUnlock
                                  fffe3264        1a   func ,g         * 
FILE=DefaultBuild\sbrk.obj
                                  fffe327e  fffe32b9        3c
  _sbrk
                                  fffe327e        3c   func ,g         * 
FILE=DefaultBuild\mcu_clocks.obj
                                  fffe32ba  fffe349f       1e6
  _get_iclk_freq_hz
                                  fffe32ba        ab   func ,g         * 
  _mcu_clock_setup
                                  fffe3365         7   func ,g         * 
  _operating_frequency_set
                                  fffe336c        6e   func ,l         * 
  _clock_source_select
                                  fffe33da        99   func ,l         * 
  _usb_lpc_clock_source_select
                                  fffe3473        2d   func ,l         * 
FILE=DefaultBuild\mcu_init.obj
                                  fffe34a0  fffe3526        87
  _bsp_non_existent_port_init
                                  fffe34a0        87   func ,g         * 
FILE=DefaultBuild\mcu_interrupts.obj
                                  fffe3527  fffe3669       143
  _bsp_interrupt_enable_disable
                                  fffe3527       143   func ,g         * 
FILE=DefaultBuild\r_bsp_vbatt.obj
                                  fffe366a  fffe36a4        3b
  _vbatt_voltage_stability_wait
                                  fffe366a        3b   func ,g         * 
FILE=DefaultBuild\Config_CMT0.obj
                                  fffe36a5  fffe3705        61
  _R_Config_CMT0_Create
                                  fffe36a5        38   func ,g         * 
  _R_Config_CMT0_Start
                                  fffe36dd        13   func ,g         * 
  _R_Config_CMT0_Stop
                                  fffe36f0        16   func ,g         * 
FILE=DefaultBuild\Config_CMT0_user.obj
                                  fffe3706  fffe3716        11
  _R_Config_CMT0_Create_UserInit
                                  fffe3706         1   func ,g         * 
  _r_Config_CMT0_cmi0_interrupt
                                  fffe3707        10   func ,l         * 
FILE=DefaultBuild\Config_MTU0.obj
                                  fffe3717  fffe37bd        a7
  _R_Config_MTU0_Create
                                  fffe3717        97   func ,g         * 
  _R_Config_MTU0_Start
                                  fffe37ae         8   func ,g         * 
  _R_Config_MTU0_Stop
                                  fffe37b6         8   func ,g         * 
FILE=DefaultBuild\Config_MTU0_user.obj
                                  fffe37be  fffe37be         1
  _R_Config_MTU0_Create_UserInit
                                  fffe37be         1   func ,g         * 
FILE=DefaultBuild\Config_MTU4.obj
                                  fffe37bf  fffe3887        c9
  _R_Config_MTU4_Create
                                  fffe37bf        ab   func ,g         * 
  _R_Config_MTU4_Start
                                  fffe386a         f   func ,g         * 
  _R_Config_MTU4_Stop
                                  fffe3879         f   func ,g         * 
FILE=DefaultBuild\Config_MTU4_user.obj
                                  fffe3888  fffe3898        11
  _R_Config_MTU4_Create_UserInit
                                  fffe3888         1   func ,g         * 
  _r_Config_MTU4_tgib4_interrupt
                                  fffe3889        10   func ,l         * 
FILE=DefaultBuild\Config_MTU3.obj
                                  fffe3899  fffe3954        bc
  _R_Config_MTU3_Create
                                  fffe3899        9e   func ,g         * 
  _R_Config_MTU3_Start
                                  fffe3937         f   func ,g         * 
  _R_Config_MTU3_Stop
                                  fffe3946         f   func ,g         * 
FILE=DefaultBuild\Config_MTU3_user.obj
                                  fffe3955  fffe3965        11
  _R_Config_MTU3_Create_UserInit
                                  fffe3955         1   func ,g         * 
  _r_Config_MTU3_tgib3_interrupt
                                  fffe3956        10   func ,l         * 
FILE=DefaultBuild\Config_PORT.obj
                                  fffe3966  fffe3ac0       15b
  _R_Config_PORT_Create
                                  fffe3966       15b   func ,g         * 
FILE=DefaultBuild\Config_PORT_user.obj
                                  fffe3ac1  fffe3ac1         1
  _R_Config_PORT_Create_UserInit
                                  fffe3ac1         1   func ,g         * 
FILE=DefaultBuild\Config_S12AD0.obj
                                  fffe3ac2  fffe3d61       2a0
  _R_Config_S12AD0_Create
                                  fffe3ac2       11a   func ,g         * 
  _R_Config_S12AD0_Start
                                  fffe3bdc         c   func ,g         * 
  _R_Config_S12AD0_Stop
                                  fffe3be8         e   func ,g         * 
  _R_Config_S12AD0_Get_ValueResult
                                  fffe3bf6       16c   func ,g         * 
FILE=DefaultBuild\Config_S12AD0_user.obj
                                  fffe3d62  fffe3d62         1
  _R_Config_S12AD0_Create_UserInit
                                  fffe3d62         1   func ,g         * 
FILE=DefaultBuild\Pin.obj
                                  fffe3d63  fffe3e5f        fd
  _R_Pins_Create
                                  fffe3d63        fd   func ,g         * 
FILE=DefaultBuild\RX231_Mouse3.obj
                                  fffe3e60  fffe6887      2a28
  _LCD_init
                                  fffe3e60        6d   func ,g         * 
  _LCD
                                  fffe3ecd        82   func ,g         * 
  _LCD_clear
                                  fffe3f4f        23   func ,g         * 
  _LCD_print
                                  fffe3f72        2d   func ,g         * 
  _LCD_dec_out
                                  fffe3f9f        eb   func ,g         * 
  _LCD_com4
                                  fffe408a        51   func ,g         * 
  _LCD_com8
                                  fffe40db        14   func ,g         * 
  _LCD_dat8
                                  fffe40ef        95   func ,g         * 
  _LCD_wait
                                  fffe4184        18   func ,g         * 
  _main
                                  fffe419c       151   func ,g         * 
  _IO_init
                                  fffe42ed        7b   func ,g         * 
  _load_param
                                  fffe4368        4f   func ,g         * 
  _int_timerw
                                  fffe43b7       50e   func ,g         * 
  _int_mot_r
                                  fffe48c5        22   func ,g         * 
  _int_mot_l
                                  fffe48e7        22   func ,g         * 
  _Int_MTU1_TGIA1
                                  fffe4909       153   func ,g         * 
  _pause
                                  fffe4a5c        1c   func ,g         * 
  _WaitKeyOff
                                  fffe4a78        57   func ,g         * 
  _change_mode
                                  fffe4acf        62   func ,g         * 
  _exec_mode
                                  fffe4b31        16   func ,g         * 
  _mode0
                                  fffe4b47        e3   func ,g         * 
  _mode1
                                  fffe4c2a        d5   func ,g         * 
  _mode2
                                  fffe4cff        85   func ,g         * 
  _mode3
                                  fffe4d84        88   func ,g         * 
  _mode4
                                  fffe4e0c        81   func ,g         * 
  _mode5
                                  fffe4e8d        83   func ,g         * 
  _mode6
                                  fffe4f10        6d   func ,g         * 
  _mode7
                                  fffe4f7d        8c   func ,g         * 
  _mode8
                                  fffe5009        7f   func ,g         * 
  _mode9
                                  fffe5088        5c   func ,g         * 
  _mouse_search
                                  fffe50e4       2fc   func ,g         * 
  _com_go
                                  fffe53e0        a9   func ,g         * 
  _com_stop
                                  fffe5489        4f   func ,g         * 
  _com_turn
                                  fffe54d8        fd   func ,g         * 
  _Start_Sound
                                  fffe55d5       147   func ,g         * 
  _Stop_Sound
                                  fffe571c        2b   func ,g         * 
  _AccTableGet
                                  fffe5747        21   func ,g         * 
  _flash_dm_callback
                                  fffe5768        17   func ,l         * 
  _flash_dm_wait
                                  fffe577f        2f   func ,l         * 
  _flash_dm_format
                                  fffe57ae        2d   func ,l         * 
  _flash_dm_erase
                                  fffe57db        37   func ,l         * 
  _flash_dm_reclaim
                                  fffe5812        6b   func ,l         * 
  _flash_dm_init_once
                                  fffe587d        9f   func ,l         * 
  _flash_dm_write
                                  fffe591c        ba   func ,l         * 
  _flash_dm_read
                                  fffe59d6        50   func ,l         * 
  _map_writeDF
                                  fffe5a26        92   func ,g         * 
  _map_DFread
                                  fffe5ab8        93   func ,g         * 
  _goal_find_index
                                  fffe5b4b        54   func ,g         * 
  _goal_writeDF
                                  fffe5b9f        59   func ,g         * 
  _goal_DFread
                                  fffe5bf8        a7   func ,g         * 
  _get_wall_data
                                  fffe5c9f        56   func ,g         * 
  _clear_map
                                  fffe5cf5        e6   func ,g         * 
  _make_map_data
                                  fffe5ddb       199   func ,g         * 
  _make_potential
                                  fffe5f74       390   func ,g         * 
  _search_left_hand
                                  fffe6304        5b   func ,g         * 
  _search_ex_left_hand
                                  fffe635f       16c   func ,g         * 
  _search_adachi
                                  fffe64cb       20e   func ,g         * 
  _countdown
                                  fffe66d9        55   func ,g         * 
  _select_speed
                                  fffe672e        7e   func ,g         * 
  _select_goal
                                  fffe67ac        dc   func ,g         * 
FILE=DefaultBuild\Config_MTU1.obj
                                  fffe6888  fffe68fb        74
  _R_Config_MTU1_Create
                                  fffe6888        56   func ,g         * 
  _R_Config_MTU1_Start
                                  fffe68de         f   func ,g         * 
  _R_Config_MTU1_Stop
                                  fffe68ed         f   func ,g         * 
FILE=DefaultBuild\Config_MTU1_user.obj
                                  fffe68fc  fffe690a         f
  _R_Config_MTU1_Create_UserInit
                                  fffe68fc         1   func ,g         * 
  _r_Config_MTU1_tgia1_interrupt
                                  fffe68fd         e   func ,l         * 
FILE=DefaultBuild\r_flash_dm_rx_if.obj
                                  fffe690b  fffe745f       b55
  _R_FLASH_DM_Open
                                  fffe690b        95   func ,g         * 
  _R_FLASH_DM_Close
                                  fffe69a0        3a   func ,g         * 
  _R_FLASH_DM_GetVersion
                                  fffe69da         d   func ,g         * 
  _R_FLASH_DM_Init
                                  fffe69e7        10   func ,g         * 
  _R_FLASH_DM_Format
                                  fffe69f7        10   func ,g         * 
  _R_FLASH_DM_Read
                                  fffe6a07        14   func ,g         * 
  _R_FLASH_DM_Write
                                  fffe6a1b        14   func ,g         * 
  _R_FLASH_DM_Erase
                                  fffe6a2f        10   func ,g         * 
  _R_FLASH_DM_Control
                                  fffe6a3f        19   func ,g         * 
  _r_flash_dm_get_writable_size
                                  fffe6a58        14   func ,l         * 
  _R_FLASH_DM_Reclaim
                                  fffe6a6c        d8   func ,g         * 
  _r_flash_dm_d1_init
                                  fffe6b44       448   func ,l         * 
  _r_flash_dm_d1_read
                                  fffe6f8c        c0   func ,l         * 
  _r_flash_dm_d1_write
                                  fffe704c       13b   func ,l         * 
  _r_flash_dm_d1_erase
                                  fffe7187        e2   func ,l         * 
  _r_flash_dm_d1_format
                                  fffe7269        60   func ,l         * 
  _r_flash_dm_d1_control
                                  fffe72c9        52   func ,l         * 
  _r_flash_dm_1_get_writable_size
                                  fffe731b        76   func ,l         * 
  _r_flash_dm_drvif_close
                                  fffe7391        18   func ,l         * 
  _r_flash_dm_drvif_get_datanum
                                  fffe73a9         9   func ,g         * 
  _r_flash_dm_drvif_get_datasize
                                  fffe73b2        13   func ,g         * 
  _r_flash_dm_getdatasize
                                  fffe73c5        41   func ,l         * 
  _r_flash_dm_getdatanum
                                  fffe7406        30   func ,l         * 
  _r_flash_dm_getactivity
                                  fffe7436        2a   func ,l         * 
FILE=DefaultBuild\r_dispatch_1.obj
                                  fffe7460  fffe855b      10fc
  _r_flash_dm_advance
                                  fffe7460        22   func ,g         * 
  _r_flash_dm_memcopy
                                  fffe7482        30   func ,g         * 
  _r_flash_dm_memclr
                                  fffe74b2        22   func ,l         * 
  _r_flash_dm_equal_p
                                  fffe74d4        3a   func ,l         * 
  _r_flash_dm_init_env
                                  fffe750e        fb   func ,g         * 
  _r_flash_dm_free_area
                                  fffe7609        25   func ,g         * 
  _r_flash_dm_link
                                  fffe762e        2d   func ,l         * 
  _r_flash_dm_try
                                  fffe765b         e   func ,l         * 
  _r_flash_dm_dispatch
                                  fffe7669       c56   func ,g         * 
  _r_flash_dm_drvif_set_dataaddr
                                  fffe82bf        13   func ,g         * 
  _r_flash_dm_1st_check
                                  fffe82d2       190   func ,g         * 
  _r_flash_dm_softwaredelay
                                  fffe8462        6e   func ,g         * 
  _r_flash_dm_drvif_get_dataaddr
                                  fffe84d0        13   func ,g         * 
  _r_flash_dm_drvif_get_dataaddr_of_addr
                                  fffe84e3        14   func ,g         * 
  _r_flash_dm_block_set_program_addr
                                  fffe84f7        10   func ,g         * 
  _r_flash_dm_block_get_program_addr
                                  fffe8507        10   func ,g         * 
  _r_flash_dm_drvif_flash_busy
                                  fffe8517        37   func ,g         * 
  _r_flash_dm_set_dispatch
                                  fffe854e         e   func ,g         * 
FILE=DefaultBuild\r_dm_1.obj
                                  fffe855c  fffe8bb0       655
  _r_flash_dm_drvif_open
                                  fffe855c        35   func ,g         * 
  _r_flash_dm_drvif_init_device
                                  fffe8591         9   func ,g         * 
  _r_flash_dm_drvif_erase_error
                                  fffe859a        26   func ,g         * 
  _r_flash_dm_drvif_program_error
                                  fffe85c0        26   func ,g         * 
  _r_flash_dm_drvif_overwrite_block_flag
                                  fffe85e6        26   func ,g         * 
  _r_flash_dm_drvif_get_block_num
                                  fffe860c         f   func ,g         * 
  _r_flash_dm_drvif_get_block_info
                                  fffe861b        14   func ,g         * 
  _r_flash_dm_drvif_get_block_addr
                                  fffe862f        13   func ,g         * 
  _r_flash_dm_drvif_set_addr_h
                                  fffe8642         6   func ,g         * 
  _r_flash_dm_drvif_get_addr
                                  fffe8648         c   func ,g         * 
  _r_flash_dm_drvif_get_block_erase_flag
                                  fffe8654         c   func ,g         * 
  _r_flash_dm_drvif_set_dh_flag
                                  fffe8660        13   func ,g         * 
  _r_flash_dm_drvif_overwrite
                                  fffe8673        7b   func ,l         * 
  _r_flash_dm_drvif_api_flag
                                  fffe86ee        29   func ,g         * 
  _r_flash_dm_drvif_write
                                  fffe8717        46   func ,g         * 
  _r_flash_dm_drvif_erase
                                  fffe875d        3a   func ,g         * 
  _r_flash_dm_block_init
                                  fffe8797        20   func ,g         * 
  _r_flash_dm_block_program_init
                                  fffe87b7        49   func ,g         * 
  _r_flash_dm_block_erase_init
                                  fffe8800         a   func ,g         * 
  _r_flash_dm_block_copy_setup
                                  fffe880a        de   func ,l         * 
  _r_flash_dm_block_fill_setup
                                  fffe88e8        88   func ,l         * 
  _r_flash_dm_block_program_setup
                                  fffe8970        3b   func ,l         * 
  _r_flash_dm_block_program_check
                                  fffe89ab        ad   func ,g         * 
  _r_flash_dm_block_erase_check
                                  fffe8a58        21   func ,g         * 
  _r_flash_dm_block_command
                                  fffe8a79        66   func ,g         * 
  _r_flash_dm_drvif_callback
                                  fffe8adf        c4   func ,g         * 
  _r_flash_dm_set_dm
                                  fffe8ba3         e   func ,g         * 
FILE=DefaultBuild\r_flash_group.obj
                                  fffe8bb1  fffe93db       82b
  _r_flash_open
                                  fffe8bb1        5c   func ,g         * 
  _flash_interrupt_config
                                  fffe8c0d        ab   func ,l         * 
  _r_flash_close
                                  fffe8cb8        31   func ,g         * 
  _r_flash_erase
                                  fffe8ce9        da   func ,g         * 
  _get_erase_flash_type
                                  fffe8dc3        92   func ,l         * 
  _is_cf_addr
                                  fffe8e55        29   func ,l         * 
  _set_erase_params
                                  fffe8e7e        84   func ,l         * 
  _r_flash_blankcheck
                                  fffe8f02       14b   func ,g         * 
  _set_blankcheck_params
                                  fffe904d        89   func ,l         * 
  _r_flash_write
                                  fffe90d6        de   func ,g         * 
  _get_bc_pgm_flash_type
                                  fffe91b4        a7   func ,l         * 
  _set_write_params
                                  fffe925b        85   func ,l         * 
  _r_flash_control
                                  fffe92e0        fc   func ,g         * 
FILE=DefaultBuild\r_flash_nofcu.obj
                                  fffe93dc  fffe9a3a       65f
  _flash_df_access_enable
                                  fffe93dc        1f   func ,g         * 
  _flash_df_pe_mode_enter
                                  fffe93fb        3d   func ,l         * 
  _flash_df_read_mode_enter
                                  fffe9438        23   func ,l         * 
  _flash_df_erase
                                  fffe945b        5a   func ,l         * 
  _flash_df_blankcheck
                                  fffe94b5        54   func ,l         * 
  _flash_df_write
                                  fffe9509        5d   func ,l         * 
  _flash_get_status
                                  fffe9566        1a   func ,g         * 
  _flash_reset
                                  fffe9580         f   func ,g         * 
  _flash_stop
                                  fffe958f        b1   func ,g         * 
  _flash_delay_us
                                  fffe9640        2f   func ,g         * 
  _flash_pe_mode_enter
                                  fffe966f        28   func ,g         * 
  _flash_pe_mode_exit
                                  fffe9697        1e   func ,g         * 
  _flash_erase
                                  fffe96b5        5a   func ,g         * 
  _flash_blankcheck
                                  fffe970f        7c   func ,g         * 
  _flash_write
                                  fffe978b        d8   func ,g         * 
  _flash_write_fpmcr
                                  fffe9863        37   func ,l         * 
  _flash_wait_frdy
                                  fffe989a        9a   func ,l         * 
  _Excep_FCU_FRDYI
                                  fffe9934       107   func ,l         * 
FILE=DefaultBuild\r_flash_rx.obj
                                  fffe9a3b  fffe9b6a       130
  _R_FLASH_Open
                                  fffe9a3b        1c   func ,g         * 
  _R_FLASH_Close
                                  fffe9a57         a   func ,g         * 
  _R_FLASH_Erase
                                  fffe9a61        10   func ,g         * 
  _R_FLASH_BlankCheck
                                  fffe9a71        15   func ,g         * 
  _R_FLASH_Write
                                  fffe9a86        15   func ,g         * 
  _R_FLASH_Control
                                  fffe9a9b        10   func ,g         * 
  _R_FLASH_GetVersion
                                  fffe9aab         e   func ,g         * 
  _flash_lock_state
                                  fffe9ab9        27   func ,g         * 
  _flash_release_state
                                  fffe9ae0        13   func ,g         * 
  _flash_softwareLock
                                  fffe9af3        26   func ,g         * 
  _flash_softwareUnlock
                                  fffe9b19        10   func ,g         * 
  _flash_InterruptRequestEnable
                                  fffe9b29        21   func ,g         * 
  _flash_InterruptRequestDisable
                                  fffe9b4a        21   func ,g         * 
FILE=freopen
                                  fffe9b6b  fffe9b98        2e
  _freopen
                                  fffe9b6b        2e   func ,g         * 
FILE=fclose
                                  fffe9b99  fffe9bec        54
  _fclose
                                  fffe9b99        54   func ,g         * 
FILE=__COM_DIVd
                                  fffe9bed  fffe9dc9       1dd
  exception1
                                  fffe9bed         0   none ,l         * 
  exception2
                                  fffe9bfc         0   none ,l         * 
  exception3
                                  fffe9c04         0   none ,l         * 
  normalize1
                                  fffe9c17         0   none ,l         * 
  p1_norm_loop
                                  fffe9c22         0   none ,l         * 
  exception4
                                  fffe9c58         0   none ,l         * 
  normalize2
                                  fffe9c5e         0   none ,l         * 
  p2_norm_loop
                                  fffe9c69         0   none ,l         * 
  return_zero
                                  fffe9c96         0   none ,l         * 
  return_inf
                                  fffe9ca1         0   none ,l         * 
  return_NaN
                                  fffe9cb4         0   none ,l         * 
  __COM_DIVd
                                  fffe9cbf         0   none ,g         * 
  exception_return3
                                  fffe9cf3         0   none ,l         * 
  exception_return4
                                  fffe9cf8         0   none ,l         * 
  div_loop
                                  fffe9d19         0   none ,l         * 
  man_sub
                                  fffe9d2c         0   none ,l         * 
  over_sub
                                  fffe9d37         0   none ,l         * 
  end_man_cal
                                  fffe9d3f         0   none ,l         * 
  end_sticky_cal
                                  fffe9d44         0   none ,l         * 
  end_norm
                                  fffe9d52         0   none ,l         * 
  denormalize_loop
                                  fffe9d5f         0   none ,l         * 
  next_loop
                                  fffe9d67         0   none ,l         * 
  round_denormal
                                  fffe9d6f         0   none ,l         * 
  end_round_d
                                  fffe9d89         0   none ,l         * 
  end_denormal
                                  fffe9d8b         0   none ,l         * 
  end_denormal_0
                                  fffe9d9b         0   none ,l         * 
  return_value
                                  fffe9da9         0   none ,l         * 
  end_round
                                  fffe9da9         0   none ,l         * 
  return
                                  fffe9dc3         0   none ,l         * 
FILE=__COM_DIV64u
                                  fffe9dca  fffe9e62        99
  __COM_DIV64u
                                  fffe9dca         0   none ,g         * 
  _Loop_Init
                                  fffe9dd4         0   none ,l         * 
  _Loop
                                  fffe9ddc         0   none ,l         * 
  _DivStart
                                  fffe9de8         0   none ,l         * 
  _Success
                                  fffe9df6         0   none ,l         * 
  _DivEnd
                                  fffe9e02         0   none ,l         * 
  IXI6DIV
                                  fffe9e07         0   none ,l         * 
  IXI4DIV
                                  fffe9e19         0   none ,l         * 
  IXI2DIV
                                  fffe9e29         0   none ,l         * 
  I8I2DIV
                                  fffe9e31         0   none ,l         * 
  I4I2DIV
                                  fffe9e5f         0   none ,l         * 
  _i8divU_End
                                  fffe9e62         0   none ,l         * 
FILE=__COM_CONV32ud
                                  fffe9e63  fffe9ea0        3e
  __COM_CONV32ud
                                  fffe9e63         0   none ,g         * 
  next_8
                                  fffe9e75         0   none ,l         * 
  next_4
                                  fffe9e7d         0   none ,l         * 
  next_2
                                  fffe9e85         0   none ,l         * 
  next_1
                                  fffe9e8d         0   none ,l         * 
  next_0
                                  fffe9e95         0   none ,l         * 
  pack
                                  fffe9e97         0   none ,l         * 
  return
                                  fffe9ea0         0   none ,l         * 
FILE=__COM_CONVd32
                                  fffe9ea1  fffe9ef3        53
  __COM_CONVd32u
                                  fffe9ea1         0   none ,g         * 
  __COM_CONVd32s
                                  fffe9ea4         0   none ,g         * 
  unpack
                                  fffe9ea7         0   none ,l         * 
  return
                                  fffe9ecc         0   none ,l         * 
  return_zero
                                  fffe9ecd         0   none ,l         * 
  exp_over30
                                  fffe9ed0         0   none ,l         * 
  exp_over31
                                  fffe9ed2         0   none ,l         * 
  exp_equal31
                                  fffe9ee1         0   none ,l         * 
FILE=__initsct
                                  fffe9ef4  fffe9f3d        4a
  __INITSCT
                                  fffe9ef4         0   none ,g         * 
  loop1
                                  fffe9f06         0   none ,l         * 
  next_loop1
                                  fffe9f14         0   none ,l         * 
  loop3
                                  fffe9f26         0   none ,l         * 
  next_loop3
                                  fffe9f37         0   none ,l         * 
FILE=fflush
                                  fffe9f3e  fffe9fbd        80
  _fflush
                                  fffe9f3e        80   func ,g         * 
FILE=xfoprep
                                  fffe9fbe  fffea08f        d2
  __Foprep
                                  fffe9fbe        d2   func ,g         * 
FILE=xfofind
                                  fffea090  fffea11c        8d
  __Fofind
                                  fffea090        44   func ,g         * 
  __Fofree
                                  fffea0d4        49   func ,g         * 
FILE=free
                                  fffea11d  fffea19e        82
  _free
                                  fffea11d        82   func ,g         * 
FILE=xfopen
                                  fffea19f  fffea1ce        30
  __Fopen
                                  fffea19f        30   func ,g         * 
FILE=malloc
                                  fffea1cf  fffea2a9        db
  _findmem
                                  fffea1cf        79   func ,l         * 
  _malloc
                                  fffea248        62   func ,g         * 
FILE=xgetmem
                                  fffea2aa  fffea2c7        1e
  __Getmem
                                  fffea2aa        1b   func ,g         * 

SECTION=EXCEPTVECT
FILE=DefaultBuild\vecttbl.obj
                                  ffffff80  fffffffb        7c
  _Except_Vectors
                                  ffffff80        7c   data ,g         * 

SECTION=RESETVECT
FILE=DefaultBuild\vecttbl.obj
                                  fffffffc  ffffffff         4
  _Reset_Vector
                                  fffffffc         4   data ,g         * 

*** Unfilled Areas ***

AREA                                START    END

*** Delete Symbols ***

SYMBOL                                SIZE    INFO
