Renesas Optimizing Linker (W3.07.00 )             18-Feb-2026 19:11:07

*** Options ***

-subcommand=DefaultBuild\RX231_Mouse3.clnk
-library=DefaultBuild\RX231_Mouse3.lib
-input=DefaultBuild\r_smc_cgc.obj
-input=DefaultBuild\r_smc_cgc_user.obj
-input=DefaultBuild\r_cg_hardware_setup.obj
-input=DefaultBuild\r_smc_interrupt.obj
-input=DefaultBuild\hwsetup.obj
-input=DefaultBuild\dbsct.obj
-input=DefaultBuild\lowlvl.obj
-input=DefaultBuild\lowsrc.obj
-input=DefaultBuild\mcu_locks.obj
-input=DefaultBuild\r_bsp_common.obj
-input=DefaultBuild\r_bsp_cpu.obj
-input=DefaultBuild\r_bsp_interrupts.obj
-input=DefaultBuild\r_bsp_locking.obj
-input=DefaultBuild\r_bsp_mcu_startup.obj
-input=DefaultBuild\r_bsp_software_interrupt.obj
-input=DefaultBuild\r_rx_intrinsic_functions.obj
-input=DefaultBuild\resetprg.obj
-input=DefaultBuild\sbrk.obj
-input=DefaultBuild\mcu_clocks.obj
-input=DefaultBuild\mcu_init.obj
-input=DefaultBuild\mcu_interrupts.obj
-input=DefaultBuild\r_bsp_vbatt.obj
-input=DefaultBuild\vecttbl.obj
-input=DefaultBuild\Config_CMT0.obj
-input=DefaultBuild\Config_CMT0_user.obj
-input=DefaultBuild\Config_MTU0.obj
-input=DefaultBuild\Config_MTU0_user.obj
-input=DefaultBuild\Config_MTU4.obj
-input=DefaultBuild\Config_MTU4_user.obj
-input=DefaultBuild\Config_MTU3.obj
-input=DefaultBuild\Config_MTU3_user.obj
-input=DefaultBuild\Config_PORT.obj
-input=DefaultBuild\Config_PORT_user.obj
-input=DefaultBuild\Config_S12AD0.obj
-input=DefaultBuild\Config_S12AD0_user.obj
-input=DefaultBuild\Pin.obj
-input=DefaultBuild\RX231_Mouse3.obj
-input=DefaultBuild\Config_MTU1.obj
-input=DefaultBuild\Config_MTU1_user.obj
-input=DefaultBuild\r_flash_dm_rx_if.obj
-input=DefaultBuild\r_dispatch_1.obj
-input=DefaultBuild\r_dm_1.obj
-input=DefaultBuild\r_dm_3.obj
-input=DefaultBuild\r_dm_4.obj
-input=DefaultBuild\r_dm_5.obj
-input=DefaultBuild\r_datf_crc.obj
-input=DefaultBuild\r_dispatch_2.obj
-input=DefaultBuild\r_flash_fcu.obj
-input=DefaultBuild\r_flash_group.obj
-input=DefaultBuild\r_flash_nofcu.obj
-input=DefaultBuild\r_flash_rx.obj
-input=DefaultBuild\r_flash_type1.obj
-input=DefaultBuild\r_flash_type3.obj
-input=DefaultBuild\r_flash_type4.obj
-input=DefaultBuild\r_flash_type5.obj
-noprelink
-output=DefaultBuild\RX231_Mouse3.abs
-vect=_undefined_interrupt_source_isr
-list=DefaultBuild\RX231_Mouse3.map
-show=symbol,total_size
-nooptimize
-start=SU,SI,B_1,R_1,B_2,R_2,B,R/00000004,PResetPRG,C_1,C_2,C,C$*,D*,W*,L,P/FFFE0000,EXCEPTVECT/FFFFFF80,RESETVECT/FFFFFFFC
-rom=D=R,D_1=R_1,D_2=R_2
-nologo
-end

*** Error information ***

*** Mapping List ***

SECTION                            START      END         SIZE   ALIGN
SU
                                  00000004  00001003      1000   4
SI
                                  00001004  00001403       400   4
B_1
                                  00001404  00001643       240   1
R_1
                                  00001644  00001696        53   1
B_2
                                  00001698  000016f9        62   2
R_2
                                  000016fa  000016ff         6   2
B
                                  00001700  00001e77       778   4
R
                                  00001e78  00003ca3      1e2c   4
PResetPRG
                                  fffe0000  fffe005b        5c   4
C_1
                                  fffe005c  fffe0065         a   4
C_2
                                  fffe0066  fffe00bd        58   2
C
                                  fffe00c0  fffe018f        d0   4
C$DSEC
                                  fffe0190  fffe01b3        24   4
C$BSEC
                                  fffe01b4  fffe01cb        18   4
C$VECT
                                  fffe01cc  fffe05cb       400   4
D
                                  fffe05cc  fffe23f7      1e2c   4
D_1
                                  fffe23f8  fffe244a        53   1
D_2
                                  fffe244c  fffe2451         6   2
W
                                  fffe2454  fffe2454         0   4
W_1
                                  fffe2454  fffe246f        1c   1
W_2
                                  fffe2470  fffe24fd        8e   2
L
                                  fffe2500  fffe2656       157   4
P
                                  fffe2658  fffeb3bb      8d64   4
EXCEPTVECT
                                  ffffff80  fffffffb        7c   4
RESETVECT
                                  fffffffc  ffffffff         4   4

*** Total Section Size ***

RAMDATA SECTION:  00003c9f Byte(s)
ROMDATA SECTION:  00002674 Byte(s)
PROGRAM SECTION:  00008dc0 Byte(s)

*** Symbol List ***

SECTION=
FILE=                               START        END    SIZE
  SYMBOL                            ADDR        SIZE    INFO      COUNTS  OPT

SECTION=SU
FILE=DefaultBuild\resetprg.obj
                                  00000004  00001003      1000

SECTION=SI
FILE=DefaultBuild\resetprg.obj
                                  00001004  00001403       400

SECTION=B_1
FILE=DefaultBuild\lowsrc.obj
                                  00001404  0000142b        28
  _flmod
                                  00001404        14   data ,g         * 
  _sml_buf
                                  00001418        14   data ,g         * 
FILE=DefaultBuild\RX231_Mouse3.obj
                                  0000142c  00001640       215
  _LCD_DATA
                                  0000142c        10   data ,g         * 
  _SoundStatus
                                  0000143c         1   data ,l         * 
  _head
                                  0000143d         1   data ,g         * 
  _head_change
                                  0000143e         1   data ,g         * 
  _pos_x
                                  0000143f         1   data ,g         * 
  _pos_y
                                  00001440         1   data ,g         * 
  _map
                                  00001441       100   data ,g         * 
  _p_map
                                  00001541       100   data ,g         * 
FILE=DefaultBuild\r_dm_1.obj
                                  00001641  00001643         3
  _gs_flash_dm_b_data
                                  00001641         1   data ,g         * 
  _gs_flash_dm_b_unit
                                  00001642         1   data ,l         * 
  _gs_flash_dm_c_mode
                                  00001643         1   data ,l         * 

SECTION=R_1
FILE=DefaultBuild\RX231_Mouse3.obj
                                  00001644  00001645         2
  _g_flash_dm_done
                                  00001644         1   data ,l         * 
  _g_flash_dm_ready
                                  00001645         1   data ,l         * 
FILE=DefaultBuild\r_flash_group.obj
                                  00001646  00001646         1
  _g_driver_opened
                                  00001646         1   data ,l         * 
FILE=xfiles
                                  00001647  00001696        50
  _ebuf
                                  00001647        50   data ,l         * 

SECTION=B_2
FILE=DefaultBuild\r_bsp_cpu.obj
                                  00001698  000016a1         a
  _s_protect_counters
                                  00001698         a   data ,l         * 
FILE=DefaultBuild\RX231_Mouse3.obj
                                  000016a2  000016f7        56
  _LCD_FLAG
                                  000016a2         2   data ,g         * 
  _LCD_PT
                                  000016a4         2   data ,g         * 
  _SENSOR_PT
                                  000016a6         2   data ,g         * 
  _g_s12ad0_ch000_value
                                  000016a8         2   data ,g         * 
  _g_s12ad0_ch001_value
                                  000016aa         2   data ,g         * 
  _g_s12ad0_ch002_value
                                  000016ac         2   data ,g         * 
  _g_s12ad0_ch017_value
                                  000016ae         2   data ,g         * 
  _Batt
                                  000016b0         2   data ,g         * 
  _R_PRE
                                  000016b2         2   data ,g         * 
  _L_PRE
                                  000016b4         2   data ,g         * 
  _F_PRE
                                  000016b6         2   data ,g         * 
  _R_SEN
                                  000016b8         2   data ,g         * 
  _L_SEN
                                  000016ba         2   data ,g         * 
  _F_SEN
                                  000016bc         2   data ,g         * 
  _R_SW
                                  000016be         2   data ,g         * 
  _L_SW
                                  000016c0         2   data ,g         * 
  _F_SW
                                  000016c2         2   data ,g         * 
  _R_REF
                                  000016c4         2   data ,g         * 
  _L_REF
                                  000016c6         2   data ,g         * 
  _F_REF
                                  000016c8         2   data ,g         * 
  _R_LIM
                                  000016ca         2   data ,g         * 
  _L_LIM
                                  000016cc         2   data ,g         * 
  _F_LIM
                                  000016ce         2   data ,g         * 
  _F_LIM2
                                  000016d0         2   data ,g         * 
  _F_LIM_SLA
                                  000016d2         2   data ,g         * 
  _timerL
                                  000016d4         2   data ,g         * 
  _timerR
                                  000016d6         2   data ,g         * 
  _ldir
                                  000016d8         2   data ,g         * 
  _rdir
                                  000016da         2   data ,g         * 
  _speed
                                  000016dc         2   data ,g         * 
  _speed_now
                                  000016de         2   data ,g         * 
  _MotorTimer
                                  000016e0         2   data ,g         * 
  _control_mode
                                  000016e2         2   data ,g         * 
  _Global_Speed
                                  000016e4         2   data ,g         * 
  _SLALOM_INNER_SPEED
                                  000016e6         2   data ,g         * 
  _STEP
                                  000016e8         2   data ,g         * 
  _GO_STEP
                                  000016ea         2   data ,g         * 
  _SLA_GO_STEP
                                  000016ec         2   data ,g         * 
  _HALF_STEP
                                  000016ee         2   data ,g         * 
  _TURN_STEP
                                  000016f0         2   data ,g         * 
  _SLALOM_STEP_FORWARD
                                  000016f2         2   data ,g         * 
  _SLALOM_STEP_OUT
                                  000016f4         2   data ,g         * 
  _zerozero
                                  000016f6         2   data ,g         * 
FILE=DefaultBuild\r_dm_1.obj
                                  000016f8  000016f9         2
  _gs_flash_dm_b_counter
                                  000016f8         2   data ,l         * 

SECTION=R_2
FILE=DefaultBuild\RX231_Mouse3.obj
                                  000016fa  000016ff         6
  _wait_timer
                                  000016fa         2   data ,g         * 
  _stepf_r
                                  000016fc         2   data ,g         * 
  _stepf_l
                                  000016fe         2   data ,g         * 

SECTION=B
FILE=DefaultBuild\lowsrc.obj
                                  00001700  0000174f        50
  __Files
                                  00001700        50   data ,g         * 
FILE=DefaultBuild\mcu_locks.obj
                                  00001750  00001887       138
  _g_bsp_Locks
                                  00001750       138   data ,g         * 
FILE=DefaultBuild\r_bsp_interrupts.obj
                                  00001888  000018c7        40
  _g_bsp_vectors
                                  00001888        40   data ,l         * 
FILE=DefaultBuild\sbrk.obj
                                  000018c8  00001ccb       404
  __s1ptr
                                  000018c8         4   data ,g         * 
  _s_heap_area
                                  000018cc       400   data ,l         * 
FILE=DefaultBuild\RX231_Mouse3.obj
                                  00001ccc  00001ddb       110
  _st_nSoundRPos
                                  00001ccc         4   data ,l         * 
  _st_pSound
                                  00001cd0         4   data ,l         * 
  _step_r
                                  00001cd4         4   data ,g         * 
  _step_l
                                  00001cd8         4   data ,g         * 
  _g_flash_dm_work
                                  00001cdc       100   data ,l         * 
FILE=DefaultBuild\r_flash_dm_rx_if.obj
                                  00001ddc  00001de3         8
  _g_flash_dm_handle
                                  00001ddc         4   data ,l         * 
  _r_flash_dm_callbackfunc
                                  00001de0         4   data ,g         * 
FILE=DefaultBuild\r_dispatch_1.obj
                                  00001de4  00001dfb        18
  _g_flash_dispatch_1_hndl
                                  00001de4         4   data ,g         * 
  _gs_flash_dm_data_addr
                                  00001de8        14   data ,g         * 
FILE=DefaultBuild\r_dm_1.obj
                                  00001dfc  00001e5f        64
  _g_flash_dm_err_flg
                                  00001dfc         4   data ,g         * 
  _gs_flash_dm_block_info
                                  00001e00        60   data ,l         * 
FILE=DefaultBuild\r_flash_group.obj
                                  00001e60  00001e6f        10
  _flash_ready_isr_handler
                                  00001e60         4   data ,g         * 
  _flash_error_isr_handler
                                  00001e64         4   data ,g         * 
  _g_flash_int_ready_cb_args
                                  00001e68         4   data ,g         * 
  _g_flash_int_error_cb_args
                                  00001e6c         4   data ,g         * 
FILE=DefaultBuild\r_flash_rx.obj
                                  00001e70  00001e73         4
  _g_flash_lock
                                  00001e70         4   data ,g         * 
FILE=_errno
                                  00001e74  00001e77         4
  __errno
                                  00001e74         4   data ,g         * 

SECTION=R
FILE=DefaultBuild\lowsrc.obj
                                  00001e78  00001e8b        14
  _env_list
                                  00001e78        10   data ,g         * 
  _environ
                                  00001e88         4   data ,g         * 
FILE=DefaultBuild\sbrk.obj
                                  00001e8c  00001e8f         4
  _sp_brk
                                  00001e8c         4   data ,l         * 
FILE=DefaultBuild\RX231_Mouse3.obj
                                  00001e90  00003b9b      1d0c
  _ccnt2
                                  00001e90      1a48   data ,g         * 
  _MODE
                                  000038d8         4   data ,g         * 
  _goal
                                  000038dc         8   data ,g         * 
  _goals
                                  000038e4        28   data ,g         * 
  _GOAL_NUM
                                  0000390c         4   data ,g         * 
  _g_flash_dm_last
                                  00003910         4   data ,l         * 
  _Chime_1
                                  00003914        10   data ,g         * 
  _Chime_2
                                  00003924        18   data ,g         * 
  _Countdown
                                  0000393c        40   data ,g         * 
  _Goal
                                  0000397c        30   data ,g         * 
  _Melody_1
                                  000039ac        68   data ,g         * 
  _Melody_2
                                  00003a14       188   data ,g         * 
FILE=DefaultBuild\r_flash_group.obj
                                  00003b9c  00003bbb        20
  _g_current_parameters
                                  00003b9c        20   data ,g         * 
FILE=DefaultBuild\r_flash_rx.obj
                                  00003bbc  00003bc3         8
  _g_flash_state
                                  00003bbc         4   data ,g         * 
  _g_pfcu_cmd_area
                                  00003bc0         4   data ,g         * 
FILE=xfiles
                                  00003bc4  00003c9b        d8
  __Stdin
                                  00003bc4        48   data ,g         * 
  __Stdout
                                  00003c0c        48   data ,g         * 
  __Stderr
                                  00003c54        48   data ,g         * 
FILE=malloc
                                  00003c9c  00003ca3         8
  __Aldata
                                  00003c9c         8   data ,g         * 

SECTION=PResetPRG
FILE=DefaultBuild\resetprg.obj
                                  fffe0000  fffe005b        5c
  _PowerON_Reset_PC
                                  fffe0000        5a   entry,g         * 

SECTION=C_1
FILE=DefaultBuild\r_dm_1.obj
                                  fffe005c  fffe0065         a
  _gs_flash_dm_transfer_unit
                                  fffe005c         1   data ,l         * 
  _g_flash_dm_block_num
                                  fffe005d         1   data ,g         * 
  _g_r_flash_dm_block_erase_flag
                                  fffe005e         8   data ,g         * 

SECTION=C_2
FILE=DefaultBuild\r_bsp_cpu.obj
                                  fffe0066  fffe006d         8
  _s_prcr_masks
                                  fffe0066         8   data ,l         * 
FILE=DefaultBuild\r_dm_1.obj
                                  fffe006e  fffe00bd        50
  _gc_dm_data_size
                                  fffe006e        50   data ,g         * 

SECTION=C
FILE=DefaultBuild\dbsct.obj
                                  fffe00c0  fffe00d7        18
  __CTBL
                                  fffe00c0        18   data ,g         * 
FILE=DefaultBuild\RX231_Mouse3.obj
                                  fffe00d8  fffe010f        38
  _g_mode_table
                                  fffe00d8        2c   data ,l         * 
  _g_mode_table_count
                                  fffe0104         4   data ,l         * 
  _g_search_table
                                  fffe0108         8   data ,l         * 
FILE=DefaultBuild\r_dm_1.obj
                                  fffe0110  fffe012f        20
  _g_r_flash_dm_block_addr
                                  fffe0110        20   data ,g         * 
FILE=_nfiles
                                  fffe0130  fffe0133         4
  __nfiles
                                  fffe0130         4   data ,g         * 
FILE=xfoprep
                                  fffe0134  fffe017b        48
  _init$1
                                  fffe0134        48   data ,l         * 
FILE=xfopen
                                  fffe017c  fffe018b        10
  _rwacc$1
                                  fffe017c        10   data ,l         * 
FILE=_sbrk_si
                                  fffe018c  fffe018f         4
  __sbrk_size
                                  fffe018c         4   data ,g         * 

SECTION=C$DSEC
FILE=DefaultBuild\dbsct.obj
                                  fffe0190  fffe01b3        24
  __DTBL
                                  fffe0190        24   data ,g         * 

SECTION=C$BSEC
FILE=DefaultBuild\dbsct.obj
                                  fffe01b4  fffe01cb        18
  __BTBL
                                  fffe01b4        18   data ,g         * 

SECTION=C$VECT
FILE=DefaultBuild\resetprg.obj
                                  fffe01cc  fffe05cb       400

SECTION=D
FILE=DefaultBuild\lowsrc.obj
                                  fffe05cc  fffe05df        14
FILE=DefaultBuild\sbrk.obj
                                  fffe05e0  fffe05e3         4
FILE=DefaultBuild\RX231_Mouse3.obj
                                  fffe05e4  fffe22ef      1d0c
FILE=DefaultBuild\r_flash_group.obj
                                  fffe22f0  fffe230f        20
FILE=DefaultBuild\r_flash_rx.obj
                                  fffe2310  fffe2317         8
FILE=xfiles
                                  fffe2318  fffe23ef        d8
FILE=malloc
                                  fffe23f0  fffe23f7         8

SECTION=D_1
FILE=DefaultBuild\RX231_Mouse3.obj
                                  fffe23f8  fffe23f9         2
FILE=DefaultBuild\r_flash_group.obj
                                  fffe23fa  fffe23fa         1
FILE=xfiles
                                  fffe23fb  fffe244a        50

SECTION=D_2
FILE=DefaultBuild\RX231_Mouse3.obj
                                  fffe244c  fffe2451         6

SECTION=W_1
FILE=DefaultBuild\r_bsp_cpu.obj
                                  fffe2454  fffe2463        10
FILE=DefaultBuild\RX231_Mouse3.obj
                                  fffe2464  fffe246f         c

SECTION=W_2
FILE=DefaultBuild\Config_S12AD0.obj
                                  fffe2470  fffe24a7        38
FILE=DefaultBuild\r_dispatch_1.obj
                                  fffe24a8  fffe24fd        56

SECTION=L
FILE=DefaultBuild\dbsct.obj
                                  fffe2500  fffe2503         4
  _deadSpace
                                  fffe2500         4   data ,g         * 
FILE=DefaultBuild\lowsrc.obj
                                  fffe2504  fffe2545        42
FILE=DefaultBuild\RX231_Mouse3.obj
                                  fffe2548  fffe2656       10f

SECTION=P
FILE=DefaultBuild\r_smc_cgc.obj
                                  fffe2658  fffe265c         5
  _R_CGC_Create
                                  fffe2658         5   func ,g         * 
FILE=DefaultBuild\r_smc_cgc_user.obj
                                  fffe265d  fffe265d         1
  _R_CGC_Create_UserInit
                                  fffe265d         1   func ,g         * 
FILE=DefaultBuild\r_cg_hardware_setup.obj
                                  fffe265e  fffe26c1        64
  _r_undefined_exception
                                  fffe265e         1   func ,g         * 
  _R_Systeminit
                                  fffe265f        63   func ,g         * 
FILE=DefaultBuild\r_smc_interrupt.obj
                                  fffe26c2  fffe26c2         1
  _R_Interrupt_Create
                                  fffe26c2         1   func ,g         * 
FILE=DefaultBuild\hwsetup.obj
                                  fffe26c3  fffe2733        71
  _hardware_setup
                                  fffe26c3        11   func ,g         * 
  _output_ports_configure
                                  fffe26d4         2   func ,l         * 
  _interrupts_configure
                                  fffe26d6         2   func ,l         * 
  _peripheral_modules_enable
                                  fffe26d8         5   func ,l         * 
  _bsp_security_initial_configure
                                  fffe26dd        57   func ,l         * 
FILE=DefaultBuild\lowlvl.obj
                                  fffe2734  fffe276f        3c
  _charput
                                  fffe2734        1d   func ,g         * 
  _charget
                                  fffe2751        1f   func ,g         * 
FILE=DefaultBuild\lowsrc.obj
                                  fffe2770  fffe2a55       2e6
  _init_iolib
                                  fffe2770        e8   func ,g         * 
  _close_all
                                  fffe2858        3e   func ,g         * 
  _open
                                  fffe2896        a7   func ,g         * 
  _close
                                  fffe293d         b   func ,g         * 
  _write
                                  fffe2948        8c   func ,g         * 
  _read
                                  fffe29d4        71   func ,g         * 
  _lseek
                                  fffe2a45        11   func ,g         * 
FILE=DefaultBuild\r_bsp_common.obj
                                  fffe2a56  fffe2b83       12e
  _R_BSP_GetVersion
                                  fffe2a56         e   func ,g         * 
  _R_BSP_GetIClkFreqHz
                                  fffe2a64         a   func ,g         * 
  _R_BSP_SoftwareDelay
                                  fffe2a6e       116   func ,g         * 
FILE=DefaultBuild\r_bsp_cpu.obj
                                  fffe2b84  fffe2d96       213
  _R_BSP_InterruptsDisable
                                  fffe2b84        17   func ,g         * 
  _R_BSP_InterruptsEnable
                                  fffe2b9b        17   func ,g         * 
  _R_BSP_CpuInterruptLevelRead
                                  fffe2bb2        1d   func ,g         * 
  _R_BSP_CpuInterruptLevelWrite
                                  fffe2bcf        86   func ,g         * 
  _R_BSP_RegisterProtectEnable
                                  fffe2c55        82   func ,g         * 
  _R_BSP_RegisterProtectDisable
                                  fffe2cd7        6a   func ,g         * 
  _R_BSP_SoftwareReset
                                  fffe2d41        11   func ,g         * 
  _bsp_register_protect_open
                                  fffe2d52        22   func ,g         * 
  _bsp_ram_initialize
                                  fffe2d74        23   func ,g         * 
FILE=DefaultBuild\r_bsp_interrupts.obj
                                  fffe2d97  fffe3238       4a2
  _R_BSP_InterruptRequestEnable
                                  fffe2d97        21   func ,g         * 
  _R_BSP_InterruptRequestDisable
                                  fffe2db8        21   func ,g         * 
  _bsp_interrupt_open
                                  fffe2dd9        26   func ,g         * 
  _R_BSP_InterruptWrite
                                  fffe2dff        76   func ,g         * 
  _R_BSP_InterruptRead
                                  fffe2e75        51   func ,g         * 
  _R_BSP_InterruptControl
                                  fffe2ec6        a2   func ,g         * 
  _bsp_fit_interrupts_control
                                  fffe2f68        77   func ,l         * 
  _excep_supervisor_inst_isr
                                  fffe2fdf        17   func ,g         * 
  _excep_access_isr
                                  fffe2ff6        17   func ,g         * 
  _excep_undefined_inst_isr
                                  fffe300d        17   func ,g         * 
  _excep_floating_point_isr
                                  fffe3024        29   func ,g         * 
  _non_maskable_isr
                                  fffe304d       1b7   func ,g         * 
  _undefined_interrupt_source_isr
                                  fffe3204        17   func ,g         * 
  _bus_error_isr
                                  fffe321b        1e   func ,g         * 
FILE=DefaultBuild\r_bsp_locking.obj
                                  fffe3239  fffe32a5        6d
  _R_BSP_SoftwareLock
                                  fffe3239        29   func ,g         * 
  _R_BSP_SoftwareUnlock
                                  fffe3262        10   func ,g         * 
  _R_BSP_HardwareLock
                                  fffe3272        1a   func ,g         * 
  _R_BSP_HardwareUnlock
                                  fffe328c        1a   func ,g         * 
FILE=DefaultBuild\sbrk.obj
                                  fffe32a6  fffe32e1        3c
  _sbrk
                                  fffe32a6        3c   func ,g         * 
FILE=DefaultBuild\mcu_clocks.obj
                                  fffe32e2  fffe34c7       1e6
  _get_iclk_freq_hz
                                  fffe32e2        ab   func ,g         * 
  _mcu_clock_setup
                                  fffe338d         7   func ,g         * 
  _operating_frequency_set
                                  fffe3394        6e   func ,l         * 
  _clock_source_select
                                  fffe3402        99   func ,l         * 
  _usb_lpc_clock_source_select
                                  fffe349b        2d   func ,l         * 
FILE=DefaultBuild\mcu_init.obj
                                  fffe34c8  fffe354e        87
  _bsp_non_existent_port_init
                                  fffe34c8        87   func ,g         * 
FILE=DefaultBuild\mcu_interrupts.obj
                                  fffe354f  fffe3691       143
  _bsp_interrupt_enable_disable
                                  fffe354f       143   func ,g         * 
FILE=DefaultBuild\r_bsp_vbatt.obj
                                  fffe3692  fffe36cc        3b
  _vbatt_voltage_stability_wait
                                  fffe3692        3b   func ,g         * 
FILE=DefaultBuild\Config_CMT0.obj
                                  fffe36cd  fffe372d        61
  _R_Config_CMT0_Create
                                  fffe36cd        38   func ,g         * 
  _R_Config_CMT0_Start
                                  fffe3705        13   func ,g         * 
  _R_Config_CMT0_Stop
                                  fffe3718        16   func ,g         * 
FILE=DefaultBuild\Config_CMT0_user.obj
                                  fffe372e  fffe373e        11
  _R_Config_CMT0_Create_UserInit
                                  fffe372e         1   func ,g         * 
  _r_Config_CMT0_cmi0_interrupt
                                  fffe372f        10   func ,l         * 
FILE=DefaultBuild\Config_MTU0.obj
                                  fffe373f  fffe37e5        a7
  _R_Config_MTU0_Create
                                  fffe373f        97   func ,g         * 
  _R_Config_MTU0_Start
                                  fffe37d6         8   func ,g         * 
  _R_Config_MTU0_Stop
                                  fffe37de         8   func ,g         * 
FILE=DefaultBuild\Config_MTU0_user.obj
                                  fffe37e6  fffe37e6         1
  _R_Config_MTU0_Create_UserInit
                                  fffe37e6         1   func ,g         * 
FILE=DefaultBuild\Config_MTU4.obj
                                  fffe37e7  fffe38af        c9
  _R_Config_MTU4_Create
                                  fffe37e7        ab   func ,g         * 
  _R_Config_MTU4_Start
                                  fffe3892         f   func ,g         * 
  _R_Config_MTU4_Stop
                                  fffe38a1         f   func ,g         * 
FILE=DefaultBuild\Config_MTU4_user.obj
                                  fffe38b0  fffe38c0        11
  _R_Config_MTU4_Create_UserInit
                                  fffe38b0         1   func ,g         * 
  _r_Config_MTU4_tgib4_interrupt
                                  fffe38b1        10   func ,l         * 
FILE=DefaultBuild\Config_MTU3.obj
                                  fffe38c1  fffe397c        bc
  _R_Config_MTU3_Create
                                  fffe38c1        9e   func ,g         * 
  _R_Config_MTU3_Start
                                  fffe395f         f   func ,g         * 
  _R_Config_MTU3_Stop
                                  fffe396e         f   func ,g         * 
FILE=DefaultBuild\Config_MTU3_user.obj
                                  fffe397d  fffe398d        11
  _R_Config_MTU3_Create_UserInit
                                  fffe397d         1   func ,g         * 
  _r_Config_MTU3_tgib3_interrupt
                                  fffe397e        10   func ,l         * 
FILE=DefaultBuild\Config_PORT.obj
                                  fffe398e  fffe3ae8       15b
  _R_Config_PORT_Create
                                  fffe398e       15b   func ,g         * 
FILE=DefaultBuild\Config_PORT_user.obj
                                  fffe3ae9  fffe3ae9         1
  _R_Config_PORT_Create_UserInit
                                  fffe3ae9         1   func ,g         * 
FILE=DefaultBuild\Config_S12AD0.obj
                                  fffe3aea  fffe3d89       2a0
  _R_Config_S12AD0_Create
                                  fffe3aea       11a   func ,g         * 
  _R_Config_S12AD0_Start
                                  fffe3c04         c   func ,g         * 
  _R_Config_S12AD0_Stop
                                  fffe3c10         e   func ,g         * 
  _R_Config_S12AD0_Get_ValueResult
                                  fffe3c1e       16c   func ,g         * 
FILE=DefaultBuild\Config_S12AD0_user.obj
                                  fffe3d8a  fffe3d8a         1
  _R_Config_S12AD0_Create_UserInit
                                  fffe3d8a         1   func ,g         * 
FILE=DefaultBuild\Pin.obj
                                  fffe3d8b  fffe3e87        fd
  _R_Pins_Create
                                  fffe3d8b        fd   func ,g         * 
FILE=DefaultBuild\RX231_Mouse3.obj
                                  fffe3e88  fffe797b      3af4
  _LCD_init
                                  fffe3e88        6d   func ,g         * 
  _LCD
                                  fffe3ef5        82   func ,g         * 
  _LCD_clear
                                  fffe3f77        23   func ,g         * 
  _LCD_print
                                  fffe3f9a        2d   func ,g         * 
  _LCD_dec_out
                                  fffe3fc7        eb   func ,g         * 
  _LCD_com4
                                  fffe40b2        51   func ,g         * 
  _LCD_com8
                                  fffe4103        14   func ,g         * 
  _LCD_dat8
                                  fffe4117        95   func ,g         * 
  _LCD_wait
                                  fffe41ac        18   func ,g         * 
  _main
                                  fffe41c4       151   func ,g         * 
  _IO_init
                                  fffe4315        7b   func ,g         * 
  _load_param
                                  fffe4390        a5   func ,g         * 
  _int_timerw
                                  fffe4435       566   func ,g         * 
  _int_mot_r
                                  fffe499b        22   func ,g         * 
  _int_mot_l
                                  fffe49bd        22   func ,g         * 
  _Int_MTU1_TGIA1
                                  fffe49df       153   func ,g         * 
  _pause
                                  fffe4b32        1c   func ,g         * 
  _WaitKeyOff
                                  fffe4b4e        57   func ,g         * 
  _change_mode
                                  fffe4ba5        62   func ,g         * 
  _exec_mode
                                  fffe4c07        16   func ,g         * 
  _mode0
                                  fffe4c1d        e3   func ,g         * 
  _mode1
                                  fffe4d00        d5   func ,g         * 
  _mode2
                                  fffe4dd5        85   func ,g         * 
  _mode3
                                  fffe4e5a        88   func ,g         * 
  _mode4
                                  fffe4ee2        81   func ,g         * 
  _mode5
                                  fffe4f63        a7   func ,g         * 
  _mode6
                                  fffe500a        98   func ,g         * 
  _mode7
                                  fffe50a2        8c   func ,g         * 
  _mode8
                                  fffe512e        7f   func ,g         * 
  _mode9
                                  fffe51ad        5c   func ,g         * 
  _modeA
                                  fffe5209        f5   func ,g         * 
  _mouse_search
                                  fffe52fe       4c7   func ,g         * 
  _slalom_search
                                  fffe57c5       648   func ,g         * 
  _com_go
                                  fffe5e0d        a9   func ,g         * 
  _com_go_half
                                  fffe5eb6        97   func ,g         * 
  _com_stop
                                  fffe5f4d        4f   func ,g         * 
  _com_back
                                  fffe5f9c        9b   func ,g         * 
  _com_turn
                                  fffe6037        fd   func ,g         * 
  _com_slalom_turn
                                  fffe6134       295   func ,g         * 
  _back_wall_set
                                  fffe63c9        15   func ,g         * 
  _goal_kbat_turn
                                  fffe63de       123   func ,g         * 
  _kbat_lf_turn
                                  fffe6501        9e   func ,g         * 
  _Start_Sound
                                  fffe659f       147   func ,g         * 
  _Stop_Sound
                                  fffe66e6        2b   func ,g         * 
  _AccTableGet
                                  fffe6711        21   func ,g         * 
  _flash_dm_callback
                                  fffe6732        17   func ,l         * 
  _flash_dm_wait
                                  fffe6749        2f   func ,l         * 
  _flash_dm_format
                                  fffe6778        2d   func ,l         * 
  _flash_dm_erase
                                  fffe67a5        37   func ,l         * 
  _flash_dm_reclaim
                                  fffe67dc        6b   func ,l         * 
  _flash_dm_init_once
                                  fffe6847        9f   func ,l         * 
  _flash_dm_write
                                  fffe68e6        ba   func ,l         * 
  _flash_dm_read
                                  fffe69a0        50   func ,l         * 
  _map_writeDF
                                  fffe69f0        92   func ,g         * 
  _map_DFread
                                  fffe6a82        93   func ,g         * 
  _goal_find_index
                                  fffe6b15        54   func ,g         * 
  _goal_writeDF
                                  fffe6b69        59   func ,g         * 
  _goal_DFread
                                  fffe6bc2        a7   func ,g         * 
  _get_wall_data
                                  fffe6c69        56   func ,g         * 
  _clear_map
                                  fffe6cbf        e6   func ,g         * 
  _make_map_data
                                  fffe6da5       199   func ,g         * 
  _make_potential
                                  fffe6f3e       430   func ,g         * 
  _search_left_hand
                                  fffe736e        5b   func ,g         * 
  _search_ex_left_hand
                                  fffe73c9       16c   func ,g         * 
  _search_adachi
                                  fffe7535       20e   func ,g         * 
  _countdown
                                  fffe7743        55   func ,g         * 
  _select_speed
                                  fffe7798        88   func ,g         * 
  _select_search
                                  fffe7820        76   func ,g         * 
  _select_goal
                                  fffe7896        e6   func ,g         * 
FILE=DefaultBuild\Config_MTU1.obj
                                  fffe797c  fffe79ef        74
  _R_Config_MTU1_Create
                                  fffe797c        56   func ,g         * 
  _R_Config_MTU1_Start
                                  fffe79d2         f   func ,g         * 
  _R_Config_MTU1_Stop
                                  fffe79e1         f   func ,g         * 
FILE=DefaultBuild\Config_MTU1_user.obj
                                  fffe79f0  fffe79fe         f
  _R_Config_MTU1_Create_UserInit
                                  fffe79f0         1   func ,g         * 
  _r_Config_MTU1_tgia1_interrupt
                                  fffe79f1         e   func ,l         * 
FILE=DefaultBuild\r_flash_dm_rx_if.obj
                                  fffe79ff  fffe8553       b55
  _R_FLASH_DM_Open
                                  fffe79ff        95   func ,g         * 
  _R_FLASH_DM_Close
                                  fffe7a94        3a   func ,g         * 
  _R_FLASH_DM_GetVersion
                                  fffe7ace         d   func ,g         * 
  _R_FLASH_DM_Init
                                  fffe7adb        10   func ,g         * 
  _R_FLASH_DM_Format
                                  fffe7aeb        10   func ,g         * 
  _R_FLASH_DM_Read
                                  fffe7afb        14   func ,g         * 
  _R_FLASH_DM_Write
                                  fffe7b0f        14   func ,g         * 
  _R_FLASH_DM_Erase
                                  fffe7b23        10   func ,g         * 
  _R_FLASH_DM_Control
                                  fffe7b33        19   func ,g         * 
  _r_flash_dm_get_writable_size
                                  fffe7b4c        14   func ,l         * 
  _R_FLASH_DM_Reclaim
                                  fffe7b60        d8   func ,g         * 
  _r_flash_dm_d1_init
                                  fffe7c38       448   func ,l         * 
  _r_flash_dm_d1_read
                                  fffe8080        c0   func ,l         * 
  _r_flash_dm_d1_write
                                  fffe8140       13b   func ,l         * 
  _r_flash_dm_d1_erase
                                  fffe827b        e2   func ,l         * 
  _r_flash_dm_d1_format
                                  fffe835d        60   func ,l         * 
  _r_flash_dm_d1_control
                                  fffe83bd        52   func ,l         * 
  _r_flash_dm_1_get_writable_size
                                  fffe840f        76   func ,l         * 
  _r_flash_dm_drvif_close
                                  fffe8485        18   func ,l         * 
  _r_flash_dm_drvif_get_datanum
                                  fffe849d         9   func ,g         * 
  _r_flash_dm_drvif_get_datasize
                                  fffe84a6        13   func ,g         * 
  _r_flash_dm_getdatasize
                                  fffe84b9        41   func ,l         * 
  _r_flash_dm_getdatanum
                                  fffe84fa        30   func ,l         * 
  _r_flash_dm_getactivity
                                  fffe852a        2a   func ,l         * 
FILE=DefaultBuild\r_dispatch_1.obj
                                  fffe8554  fffe964f      10fc
  _r_flash_dm_advance
                                  fffe8554        22   func ,g         * 
  _r_flash_dm_memcopy
                                  fffe8576        30   func ,g         * 
  _r_flash_dm_memclr
                                  fffe85a6        22   func ,l         * 
  _r_flash_dm_equal_p
                                  fffe85c8        3a   func ,l         * 
  _r_flash_dm_init_env
                                  fffe8602        fb   func ,g         * 
  _r_flash_dm_free_area
                                  fffe86fd        25   func ,g         * 
  _r_flash_dm_link
                                  fffe8722        2d   func ,l         * 
  _r_flash_dm_try
                                  fffe874f         e   func ,l         * 
  _r_flash_dm_dispatch
                                  fffe875d       c56   func ,g         * 
  _r_flash_dm_drvif_set_dataaddr
                                  fffe93b3        13   func ,g         * 
  _r_flash_dm_1st_check
                                  fffe93c6       190   func ,g         * 
  _r_flash_dm_softwaredelay
                                  fffe9556        6e   func ,g         * 
  _r_flash_dm_drvif_get_dataaddr
                                  fffe95c4        13   func ,g         * 
  _r_flash_dm_drvif_get_dataaddr_of_addr
                                  fffe95d7        14   func ,g         * 
  _r_flash_dm_block_set_program_addr
                                  fffe95eb        10   func ,g         * 
  _r_flash_dm_block_get_program_addr
                                  fffe95fb        10   func ,g         * 
  _r_flash_dm_drvif_flash_busy
                                  fffe960b        37   func ,g         * 
  _r_flash_dm_set_dispatch
                                  fffe9642         e   func ,g         * 
FILE=DefaultBuild\r_dm_1.obj
                                  fffe9650  fffe9ca4       655
  _r_flash_dm_drvif_open
                                  fffe9650        35   func ,g         * 
  _r_flash_dm_drvif_init_device
                                  fffe9685         9   func ,g         * 
  _r_flash_dm_drvif_erase_error
                                  fffe968e        26   func ,g         * 
  _r_flash_dm_drvif_program_error
                                  fffe96b4        26   func ,g         * 
  _r_flash_dm_drvif_overwrite_block_flag
                                  fffe96da        26   func ,g         * 
  _r_flash_dm_drvif_get_block_num
                                  fffe9700         f   func ,g         * 
  _r_flash_dm_drvif_get_block_info
                                  fffe970f        14   func ,g         * 
  _r_flash_dm_drvif_get_block_addr
                                  fffe9723        13   func ,g         * 
  _r_flash_dm_drvif_set_addr_h
                                  fffe9736         6   func ,g         * 
  _r_flash_dm_drvif_get_addr
                                  fffe973c         c   func ,g         * 
  _r_flash_dm_drvif_get_block_erase_flag
                                  fffe9748         c   func ,g         * 
  _r_flash_dm_drvif_set_dh_flag
                                  fffe9754        13   func ,g         * 
  _r_flash_dm_drvif_overwrite
                                  fffe9767        7b   func ,l         * 
  _r_flash_dm_drvif_api_flag
                                  fffe97e2        29   func ,g         * 
  _r_flash_dm_drvif_write
                                  fffe980b        46   func ,g         * 
  _r_flash_dm_drvif_erase
                                  fffe9851        3a   func ,g         * 
  _r_flash_dm_block_init
                                  fffe988b        20   func ,g         * 
  _r_flash_dm_block_program_init
                                  fffe98ab        49   func ,g         * 
  _r_flash_dm_block_erase_init
                                  fffe98f4         a   func ,g         * 
  _r_flash_dm_block_copy_setup
                                  fffe98fe        de   func ,l         * 
  _r_flash_dm_block_fill_setup
                                  fffe99dc        88   func ,l         * 
  _r_flash_dm_block_program_setup
                                  fffe9a64        3b   func ,l         * 
  _r_flash_dm_block_program_check
                                  fffe9a9f        ad   func ,g         * 
  _r_flash_dm_block_erase_check
                                  fffe9b4c        21   func ,g         * 
  _r_flash_dm_block_command
                                  fffe9b6d        66   func ,g         * 
  _r_flash_dm_drvif_callback
                                  fffe9bd3        c4   func ,g         * 
  _r_flash_dm_set_dm
                                  fffe9c97         e   func ,g         * 
FILE=DefaultBuild\r_flash_group.obj
                                  fffe9ca5  fffea4cf       82b
  _r_flash_open
                                  fffe9ca5        5c   func ,g         * 
  _flash_interrupt_config
                                  fffe9d01        ab   func ,l         * 
  _r_flash_close
                                  fffe9dac        31   func ,g         * 
  _r_flash_erase
                                  fffe9ddd        da   func ,g         * 
  _get_erase_flash_type
                                  fffe9eb7        92   func ,l         * 
  _is_cf_addr
                                  fffe9f49        29   func ,l         * 
  _set_erase_params
                                  fffe9f72        84   func ,l         * 
  _r_flash_blankcheck
                                  fffe9ff6       14b   func ,g         * 
  _set_blankcheck_params
                                  fffea141        89   func ,l         * 
  _r_flash_write
                                  fffea1ca        de   func ,g         * 
  _get_bc_pgm_flash_type
                                  fffea2a8        a7   func ,l         * 
  _set_write_params
                                  fffea34f        85   func ,l         * 
  _r_flash_control
                                  fffea3d4        fc   func ,g         * 
FILE=DefaultBuild\r_flash_nofcu.obj
                                  fffea4d0  fffeab2e       65f
  _flash_df_access_enable
                                  fffea4d0        1f   func ,g         * 
  _flash_df_pe_mode_enter
                                  fffea4ef        3d   func ,l         * 
  _flash_df_read_mode_enter
                                  fffea52c        23   func ,l         * 
  _flash_df_erase
                                  fffea54f        5a   func ,l         * 
  _flash_df_blankcheck
                                  fffea5a9        54   func ,l         * 
  _flash_df_write
                                  fffea5fd        5d   func ,l         * 
  _flash_get_status
                                  fffea65a        1a   func ,g         * 
  _flash_reset
                                  fffea674         f   func ,g         * 
  _flash_stop
                                  fffea683        b1   func ,g         * 
  _flash_delay_us
                                  fffea734        2f   func ,g         * 
  _flash_pe_mode_enter
                                  fffea763        28   func ,g         * 
  _flash_pe_mode_exit
                                  fffea78b        1e   func ,g         * 
  _flash_erase
                                  fffea7a9        5a   func ,g         * 
  _flash_blankcheck
                                  fffea803        7c   func ,g         * 
  _flash_write
                                  fffea87f        d8   func ,g         * 
  _flash_write_fpmcr
                                  fffea957        37   func ,l         * 
  _flash_wait_frdy
                                  fffea98e        9a   func ,l         * 
  _Excep_FCU_FRDYI
                                  fffeaa28       107   func ,l         * 
FILE=DefaultBuild\r_flash_rx.obj
                                  fffeab2f  fffeac5e       130
  _R_FLASH_Open
                                  fffeab2f        1c   func ,g         * 
  _R_FLASH_Close
                                  fffeab4b         a   func ,g         * 
  _R_FLASH_Erase
                                  fffeab55        10   func ,g         * 
  _R_FLASH_BlankCheck
                                  fffeab65        15   func ,g         * 
  _R_FLASH_Write
                                  fffeab7a        15   func ,g         * 
  _R_FLASH_Control
                                  fffeab8f        10   func ,g         * 
  _R_FLASH_GetVersion
                                  fffeab9f         e   func ,g         * 
  _flash_lock_state
                                  fffeabad        27   func ,g         * 
  _flash_release_state
                                  fffeabd4        13   func ,g         * 
  _flash_softwareLock
                                  fffeabe7        26   func ,g         * 
  _flash_softwareUnlock
                                  fffeac0d        10   func ,g         * 
  _flash_InterruptRequestEnable
                                  fffeac1d        21   func ,g         * 
  _flash_InterruptRequestDisable
                                  fffeac3e        21   func ,g         * 
FILE=freopen
                                  fffeac5f  fffeac8c        2e
  _freopen
                                  fffeac5f        2e   func ,g         * 
FILE=fclose
                                  fffeac8d  fffeace0        54
  _fclose
                                  fffeac8d        54   func ,g         * 
FILE=__COM_DIVd
                                  fffeace1  fffeaebd       1dd
  exception1
                                  fffeace1         0   none ,l         * 
  exception2
                                  fffeacf0         0   none ,l         * 
  exception3
                                  fffeacf8         0   none ,l         * 
  normalize1
                                  fffead0b         0   none ,l         * 
  p1_norm_loop
                                  fffead16         0   none ,l         * 
  exception4
                                  fffead4c         0   none ,l         * 
  normalize2
                                  fffead52         0   none ,l         * 
  p2_norm_loop
                                  fffead5d         0   none ,l         * 
  return_zero
                                  fffead8a         0   none ,l         * 
  return_inf
                                  fffead95         0   none ,l         * 
  return_NaN
                                  fffeada8         0   none ,l         * 
  __COM_DIVd
                                  fffeadb3         0   none ,g         * 
  exception_return3
                                  fffeade7         0   none ,l         * 
  exception_return4
                                  fffeadec         0   none ,l         * 
  div_loop
                                  fffeae0d         0   none ,l         * 
  man_sub
                                  fffeae20         0   none ,l         * 
  over_sub
                                  fffeae2b         0   none ,l         * 
  end_man_cal
                                  fffeae33         0   none ,l         * 
  end_sticky_cal
                                  fffeae38         0   none ,l         * 
  end_norm
                                  fffeae46         0   none ,l         * 
  denormalize_loop
                                  fffeae53         0   none ,l         * 
  next_loop
                                  fffeae5b         0   none ,l         * 
  round_denormal
                                  fffeae63         0   none ,l         * 
  end_round_d
                                  fffeae7d         0   none ,l         * 
  end_denormal
                                  fffeae7f         0   none ,l         * 
  end_denormal_0
                                  fffeae8f         0   none ,l         * 
  return_value
                                  fffeae9d         0   none ,l         * 
  end_round
                                  fffeae9d         0   none ,l         * 
  return
                                  fffeaeb7         0   none ,l         * 
FILE=__COM_DIV64u
                                  fffeaebe  fffeaf56        99
  __COM_DIV64u
                                  fffeaebe         0   none ,g         * 
  _Loop_Init
                                  fffeaec8         0   none ,l         * 
  _Loop
                                  fffeaed0         0   none ,l         * 
  _DivStart
                                  fffeaedc         0   none ,l         * 
  _Success
                                  fffeaeea         0   none ,l         * 
  _DivEnd
                                  fffeaef6         0   none ,l         * 
  IXI6DIV
                                  fffeaefb         0   none ,l         * 
  IXI4DIV
                                  fffeaf0d         0   none ,l         * 
  IXI2DIV
                                  fffeaf1d         0   none ,l         * 
  I8I2DIV
                                  fffeaf25         0   none ,l         * 
  I4I2DIV
                                  fffeaf53         0   none ,l         * 
  _i8divU_End
                                  fffeaf56         0   none ,l         * 
FILE=__COM_CONV32ud
                                  fffeaf57  fffeaf94        3e
  __COM_CONV32ud
                                  fffeaf57         0   none ,g         * 
  next_8
                                  fffeaf69         0   none ,l         * 
  next_4
                                  fffeaf71         0   none ,l         * 
  next_2
                                  fffeaf79         0   none ,l         * 
  next_1
                                  fffeaf81         0   none ,l         * 
  next_0
                                  fffeaf89         0   none ,l         * 
  pack
                                  fffeaf8b         0   none ,l         * 
  return
                                  fffeaf94         0   none ,l         * 
FILE=__COM_CONVd32
                                  fffeaf95  fffeafe7        53
  __COM_CONVd32u
                                  fffeaf95         0   none ,g         * 
  __COM_CONVd32s
                                  fffeaf98         0   none ,g         * 
  unpack
                                  fffeaf9b         0   none ,l         * 
  return
                                  fffeafc0         0   none ,l         * 
  return_zero
                                  fffeafc1         0   none ,l         * 
  exp_over30
                                  fffeafc4         0   none ,l         * 
  exp_over31
                                  fffeafc6         0   none ,l         * 
  exp_equal31
                                  fffeafd5         0   none ,l         * 
FILE=__initsct
                                  fffeafe8  fffeb031        4a
  __INITSCT
                                  fffeafe8         0   none ,g         * 
  loop1
                                  fffeaffa         0   none ,l         * 
  next_loop1
                                  fffeb008         0   none ,l         * 
  loop3
                                  fffeb01a         0   none ,l         * 
  next_loop3
                                  fffeb02b         0   none ,l         * 
FILE=fflush
                                  fffeb032  fffeb0b1        80
  _fflush
                                  fffeb032        80   func ,g         * 
FILE=xfoprep
                                  fffeb0b2  fffeb183        d2
  __Foprep
                                  fffeb0b2        d2   func ,g         * 
FILE=xfofind
                                  fffeb184  fffeb210        8d
  __Fofind
                                  fffeb184        44   func ,g         * 
  __Fofree
                                  fffeb1c8        49   func ,g         * 
FILE=free
                                  fffeb211  fffeb292        82
  _free
                                  fffeb211        82   func ,g         * 
FILE=xfopen
                                  fffeb293  fffeb2c2        30
  __Fopen
                                  fffeb293        30   func ,g         * 
FILE=malloc
                                  fffeb2c3  fffeb39d        db
  _findmem
                                  fffeb2c3        79   func ,l         * 
  _malloc
                                  fffeb33c        62   func ,g         * 
FILE=xgetmem
                                  fffeb39e  fffeb3bb        1e
  __Getmem
                                  fffeb39e        1b   func ,g         * 

SECTION=EXCEPTVECT
FILE=DefaultBuild\vecttbl.obj
                                  ffffff80  fffffffb        7c
  _Except_Vectors
                                  ffffff80        7c   data ,g         * 

SECTION=RESETVECT
FILE=DefaultBuild\vecttbl.obj
                                  fffffffc  ffffffff         4
  _Reset_Vector
                                  fffffffc         4   data ,g         * 

*** Unfilled Areas ***

AREA                                START    END

*** Delete Symbols ***

SYMBOL                                SIZE    INFO
