Renesas Optimizing Linker (W3.07.00 )             15-Feb-2026 14:10:30

*** Options ***

-subcommand=DefaultBuild\RX231_Mouse3.clnk
-library=DefaultBuild\RX231_Mouse3.lib
-input=DefaultBuild\r_smc_cgc.obj
-input=DefaultBuild\r_smc_cgc_user.obj
-input=DefaultBuild\r_cg_hardware_setup.obj
-input=DefaultBuild\r_smc_interrupt.obj
-input=DefaultBuild\hwsetup.obj
-input=DefaultBuild\dbsct.obj
-input=DefaultBuild\lowlvl.obj
-input=DefaultBuild\lowsrc.obj
-input=DefaultBuild\mcu_locks.obj
-input=DefaultBuild\r_bsp_common.obj
-input=DefaultBuild\r_bsp_cpu.obj
-input=DefaultBuild\r_bsp_interrupts.obj
-input=DefaultBuild\r_bsp_locking.obj
-input=DefaultBuild\r_bsp_mcu_startup.obj
-input=DefaultBuild\r_bsp_software_interrupt.obj
-input=DefaultBuild\r_rx_intrinsic_functions.obj
-input=DefaultBuild\resetprg.obj
-input=DefaultBuild\sbrk.obj
-input=DefaultBuild\mcu_clocks.obj
-input=DefaultBuild\mcu_init.obj
-input=DefaultBuild\mcu_interrupts.obj
-input=DefaultBuild\r_bsp_vbatt.obj
-input=DefaultBuild\vecttbl.obj
-input=DefaultBuild\Config_CMT0.obj
-input=DefaultBuild\Config_CMT0_user.obj
-input=DefaultBuild\Config_MTU0.obj
-input=DefaultBuild\Config_MTU0_user.obj
-input=DefaultBuild\Config_MTU4.obj
-input=DefaultBuild\Config_MTU4_user.obj
-input=DefaultBuild\Config_MTU3.obj
-input=DefaultBuild\Config_MTU3_user.obj
-input=DefaultBuild\Config_PORT.obj
-input=DefaultBuild\Config_PORT_user.obj
-input=DefaultBuild\Config_S12AD0.obj
-input=DefaultBuild\Config_S12AD0_user.obj
-input=DefaultBuild\Pin.obj
-input=DefaultBuild\RX231_Mouse3.obj
-input=DefaultBuild\Config_MTU1.obj
-input=DefaultBuild\Config_MTU1_user.obj
-input=DefaultBuild\r_flash_dm_rx_if.obj
-input=DefaultBuild\r_dispatch_1.obj
-input=DefaultBuild\r_dm_1.obj
-input=DefaultBuild\r_dm_3.obj
-input=DefaultBuild\r_dm_4.obj
-input=DefaultBuild\r_dm_5.obj
-input=DefaultBuild\r_datf_crc.obj
-input=DefaultBuild\r_dispatch_2.obj
-input=DefaultBuild\r_flash_fcu.obj
-input=DefaultBuild\r_flash_group.obj
-input=DefaultBuild\r_flash_nofcu.obj
-input=DefaultBuild\r_flash_rx.obj
-input=DefaultBuild\r_flash_type1.obj
-input=DefaultBuild\r_flash_type3.obj
-input=DefaultBuild\r_flash_type4.obj
-input=DefaultBuild\r_flash_type5.obj
-noprelink
-output=DefaultBuild\RX231_Mouse3.abs
-vect=_undefined_interrupt_source_isr
-list=DefaultBuild\RX231_Mouse3.map
-show=symbol,total_size
-nooptimize
-start=SU,SI,B_1,R_1,B_2,R_2,B,R/00000004,PResetPRG,C_1,C_2,C,C$*,D*,W*,L,P/FFFE0000,EXCEPTVECT/FFFFFF80,RESETVECT/FFFFFFFC
-rom=D=R,D_1=R_1,D_2=R_2
-nologo
-end

*** Error information ***

*** Mapping List ***

SECTION                            START      END         SIZE   ALIGN
SU
                                  00000004  00001003      1000   4
SI
                                  00001004  00001403       400   4
B_1
                                  00001404  00001643       240   1
R_1
                                  00001644  00001696        53   1
B_2
                                  00001698  000016f9        62   2
R_2
                                  000016fa  000016ff         6   2
B
                                  00001700  00001e77       778   4
R
                                  00001e78  00003ca3      1e2c   4
PResetPRG
                                  fffe0000  fffe005b        5c   4
C_1
                                  fffe005c  fffe0065         a   4
C_2
                                  fffe0066  fffe00bd        58   2
C
                                  fffe00c0  fffe018b        cc   4
C$DSEC
                                  fffe018c  fffe01af        24   4
C$BSEC
                                  fffe01b0  fffe01c7        18   4
C$VECT
                                  fffe01c8  fffe05c7       400   4
D
                                  fffe05c8  fffe23f3      1e2c   4
D_1
                                  fffe23f4  fffe2446        53   1
D_2
                                  fffe2448  fffe244d         6   2
W
                                  fffe2450  fffe2450         0   4
W_1
                                  fffe2450  fffe246b        1c   1
W_2
                                  fffe246c  fffe24f9        8e   2
L
                                  fffe24fc  fffe2649       14e   4
P
                                  fffe264c  fffeb08b      8a40   4
EXCEPTVECT
                                  ffffff80  fffffffb        7c   4
RESETVECT
                                  fffffffc  ffffffff         4   4

*** Total Section Size ***

RAMDATA SECTION:  00003c9f Byte(s)
ROMDATA SECTION:  00002667 Byte(s)
PROGRAM SECTION:  00008a9c Byte(s)

*** Symbol List ***

SECTION=
FILE=                               START        END    SIZE
  SYMBOL                            ADDR        SIZE    INFO      COUNTS  OPT

SECTION=SU
FILE=DefaultBuild\resetprg.obj
                                  00000004  00001003      1000

SECTION=SI
FILE=DefaultBuild\resetprg.obj
                                  00001004  00001403       400

SECTION=B_1
FILE=DefaultBuild\lowsrc.obj
                                  00001404  0000142b        28
  _flmod
                                  00001404        14   data ,g         * 
  _sml_buf
                                  00001418        14   data ,g         * 
FILE=DefaultBuild\RX231_Mouse3.obj
                                  0000142c  00001640       215
  _LCD_DATA
                                  0000142c        10   data ,g         * 
  _SoundStatus
                                  0000143c         1   data ,l         * 
  _head
                                  0000143d         1   data ,g         * 
  _head_change
                                  0000143e         1   data ,g         * 
  _pos_x
                                  0000143f         1   data ,g         * 
  _pos_y
                                  00001440         1   data ,g         * 
  _map
                                  00001441       100   data ,g         * 
  _p_map
                                  00001541       100   data ,g         * 
FILE=DefaultBuild\r_dm_1.obj
                                  00001641  00001643         3
  _gs_flash_dm_b_data
                                  00001641         1   data ,g         * 
  _gs_flash_dm_b_unit
                                  00001642         1   data ,l         * 
  _gs_flash_dm_c_mode
                                  00001643         1   data ,l         * 

SECTION=R_1
FILE=DefaultBuild\RX231_Mouse3.obj
                                  00001644  00001645         2
  _g_flash_dm_done
                                  00001644         1   data ,l         * 
  _g_flash_dm_ready
                                  00001645         1   data ,l         * 
FILE=DefaultBuild\r_flash_group.obj
                                  00001646  00001646         1
  _g_driver_opened
                                  00001646         1   data ,l         * 
FILE=xfiles
                                  00001647  00001696        50
  _ebuf
                                  00001647        50   data ,l         * 

SECTION=B_2
FILE=DefaultBuild\r_bsp_cpu.obj
                                  00001698  000016a1         a
  _s_protect_counters
                                  00001698         a   data ,l         * 
FILE=DefaultBuild\RX231_Mouse3.obj
                                  000016a2  000016f7        56
  _LCD_FLAG
                                  000016a2         2   data ,g         * 
  _LCD_PT
                                  000016a4         2   data ,g         * 
  _SENSOR_PT
                                  000016a6         2   data ,g         * 
  _g_s12ad0_ch000_value
                                  000016a8         2   data ,g         * 
  _g_s12ad0_ch001_value
                                  000016aa         2   data ,g         * 
  _g_s12ad0_ch002_value
                                  000016ac         2   data ,g         * 
  _g_s12ad0_ch017_value
                                  000016ae         2   data ,g         * 
  _Batt
                                  000016b0         2   data ,g         * 
  _R_PRE
                                  000016b2         2   data ,g         * 
  _L_PRE
                                  000016b4         2   data ,g         * 
  _F_PRE
                                  000016b6         2   data ,g         * 
  _R_SEN
                                  000016b8         2   data ,g         * 
  _L_SEN
                                  000016ba         2   data ,g         * 
  _F_SEN
                                  000016bc         2   data ,g         * 
  _R_SW
                                  000016be         2   data ,g         * 
  _L_SW
                                  000016c0         2   data ,g         * 
  _F_SW
                                  000016c2         2   data ,g         * 
  _R_REF
                                  000016c4         2   data ,g         * 
  _L_REF
                                  000016c6         2   data ,g         * 
  _F_REF
                                  000016c8         2   data ,g         * 
  _R_LIM
                                  000016ca         2   data ,g         * 
  _L_LIM
                                  000016cc         2   data ,g         * 
  _F_LIM
                                  000016ce         2   data ,g         * 
  _F_LIM2
                                  000016d0         2   data ,g         * 
  _F_LIM_SLA
                                  000016d2         2   data ,g         * 
  _timerL
                                  000016d4         2   data ,g         * 
  _timerR
                                  000016d6         2   data ,g         * 
  _ldir
                                  000016d8         2   data ,g         * 
  _rdir
                                  000016da         2   data ,g         * 
  _speed
                                  000016dc         2   data ,g         * 
  _speed_now
                                  000016de         2   data ,g         * 
  _MotorTimer
                                  000016e0         2   data ,g         * 
  _control_mode
                                  000016e2         2   data ,g         * 
  _Global_Speed
                                  000016e4         2   data ,g         * 
  _SLALOM_INNER_SPEED
                                  000016e6         2   data ,g         * 
  _STEP
                                  000016e8         2   data ,g         * 
  _GO_STEP
                                  000016ea         2   data ,g         * 
  _SLA_GO_STEP
                                  000016ec         2   data ,g         * 
  _HALF_STEP
                                  000016ee         2   data ,g         * 
  _TURN_STEP
                                  000016f0         2   data ,g         * 
  _SLALOM_STEP_FORWARD
                                  000016f2         2   data ,g         * 
  _SLALOM_STEP_OUT
                                  000016f4         2   data ,g         * 
  _zerozero
                                  000016f6         2   data ,g         * 
FILE=DefaultBuild\r_dm_1.obj
                                  000016f8  000016f9         2
  _gs_flash_dm_b_counter
                                  000016f8         2   data ,l         * 

SECTION=R_2
FILE=DefaultBuild\RX231_Mouse3.obj
                                  000016fa  000016ff         6
  _wait_timer
                                  000016fa         2   data ,g         * 
  _stepf_r
                                  000016fc         2   data ,g         * 
  _stepf_l
                                  000016fe         2   data ,g         * 

SECTION=B
FILE=DefaultBuild\lowsrc.obj
                                  00001700  0000174f        50
  __Files
                                  00001700        50   data ,g         * 
FILE=DefaultBuild\mcu_locks.obj
                                  00001750  00001887       138
  _g_bsp_Locks
                                  00001750       138   data ,g         * 
FILE=DefaultBuild\r_bsp_interrupts.obj
                                  00001888  000018c7        40
  _g_bsp_vectors
                                  00001888        40   data ,l         * 
FILE=DefaultBuild\sbrk.obj
                                  000018c8  00001ccb       404
  __s1ptr
                                  000018c8         4   data ,g         * 
  _s_heap_area
                                  000018cc       400   data ,l         * 
FILE=DefaultBuild\RX231_Mouse3.obj
                                  00001ccc  00001ddb       110
  _st_nSoundRPos
                                  00001ccc         4   data ,l         * 
  _st_pSound
                                  00001cd0         4   data ,l         * 
  _step_r
                                  00001cd4         4   data ,g         * 
  _step_l
                                  00001cd8         4   data ,g         * 
  _g_flash_dm_work
                                  00001cdc       100   data ,l         * 
FILE=DefaultBuild\r_flash_dm_rx_if.obj
                                  00001ddc  00001de3         8
  _g_flash_dm_handle
                                  00001ddc         4   data ,l         * 
  _r_flash_dm_callbackfunc
                                  00001de0         4   data ,g         * 
FILE=DefaultBuild\r_dispatch_1.obj
                                  00001de4  00001dfb        18
  _g_flash_dispatch_1_hndl
                                  00001de4         4   data ,g         * 
  _gs_flash_dm_data_addr
                                  00001de8        14   data ,g         * 
FILE=DefaultBuild\r_dm_1.obj
                                  00001dfc  00001e5f        64
  _g_flash_dm_err_flg
                                  00001dfc         4   data ,g         * 
  _gs_flash_dm_block_info
                                  00001e00        60   data ,l         * 
FILE=DefaultBuild\r_flash_group.obj
                                  00001e60  00001e6f        10
  _flash_ready_isr_handler
                                  00001e60         4   data ,g         * 
  _flash_error_isr_handler
                                  00001e64         4   data ,g         * 
  _g_flash_int_ready_cb_args
                                  00001e68         4   data ,g         * 
  _g_flash_int_error_cb_args
                                  00001e6c         4   data ,g         * 
FILE=DefaultBuild\r_flash_rx.obj
                                  00001e70  00001e73         4
  _g_flash_lock
                                  00001e70         4   data ,g         * 
FILE=_errno
                                  00001e74  00001e77         4
  __errno
                                  00001e74         4   data ,g         * 

SECTION=R
FILE=DefaultBuild\lowsrc.obj
                                  00001e78  00001e8b        14
  _env_list
                                  00001e78        10   data ,g         * 
  _environ
                                  00001e88         4   data ,g         * 
FILE=DefaultBuild\sbrk.obj
                                  00001e8c  00001e8f         4
  _sp_brk
                                  00001e8c         4   data ,l         * 
FILE=DefaultBuild\RX231_Mouse3.obj
                                  00001e90  00003b9b      1d0c
  _ccnt2
                                  00001e90      1a48   data ,g         * 
  _MODE
                                  000038d8         4   data ,g         * 
  _goal
                                  000038dc         8   data ,g         * 
  _goals
                                  000038e4        28   data ,g         * 
  _GOAL_NUM
                                  0000390c         4   data ,g         * 
  _g_flash_dm_last
                                  00003910         4   data ,l         * 
  _Chime_1
                                  00003914        10   data ,g         * 
  _Chime_2
                                  00003924        18   data ,g         * 
  _Countdown
                                  0000393c        40   data ,g         * 
  _Goal
                                  0000397c        30   data ,g         * 
  _Melody_1
                                  000039ac        68   data ,g         * 
  _Melody_2
                                  00003a14       188   data ,g         * 
FILE=DefaultBuild\r_flash_group.obj
                                  00003b9c  00003bbb        20
  _g_current_parameters
                                  00003b9c        20   data ,g         * 
FILE=DefaultBuild\r_flash_rx.obj
                                  00003bbc  00003bc3         8
  _g_flash_state
                                  00003bbc         4   data ,g         * 
  _g_pfcu_cmd_area
                                  00003bc0         4   data ,g         * 
FILE=xfiles
                                  00003bc4  00003c9b        d8
  __Stdin
                                  00003bc4        48   data ,g         * 
  __Stdout
                                  00003c0c        48   data ,g         * 
  __Stderr
                                  00003c54        48   data ,g         * 
FILE=malloc
                                  00003c9c  00003ca3         8
  __Aldata
                                  00003c9c         8   data ,g         * 

SECTION=PResetPRG
FILE=DefaultBuild\resetprg.obj
                                  fffe0000  fffe005b        5c
  _PowerON_Reset_PC
                                  fffe0000        5a   entry,g         * 

SECTION=C_1
FILE=DefaultBuild\r_dm_1.obj
                                  fffe005c  fffe0065         a
  _gs_flash_dm_transfer_unit
                                  fffe005c         1   data ,l         * 
  _g_flash_dm_block_num
                                  fffe005d         1   data ,g         * 
  _g_r_flash_dm_block_erase_flag
                                  fffe005e         8   data ,g         * 

SECTION=C_2
FILE=DefaultBuild\r_bsp_cpu.obj
                                  fffe0066  fffe006d         8
  _s_prcr_masks
                                  fffe0066         8   data ,l         * 
FILE=DefaultBuild\r_dm_1.obj
                                  fffe006e  fffe00bd        50
  _gc_dm_data_size
                                  fffe006e        50   data ,g         * 

SECTION=C
FILE=DefaultBuild\dbsct.obj
                                  fffe00c0  fffe00d7        18
  __CTBL
                                  fffe00c0        18   data ,g         * 
FILE=DefaultBuild\RX231_Mouse3.obj
                                  fffe00d8  fffe010b        34
  _g_mode_table
                                  fffe00d8        28   data ,l         * 
  _g_mode_table_count
                                  fffe0100         4   data ,l         * 
  _g_search_table
                                  fffe0104         8   data ,l         * 
FILE=DefaultBuild\r_dm_1.obj
                                  fffe010c  fffe012b        20
  _g_r_flash_dm_block_addr
                                  fffe010c        20   data ,g         * 
FILE=_nfiles
                                  fffe012c  fffe012f         4
  __nfiles
                                  fffe012c         4   data ,g         * 
FILE=xfoprep
                                  fffe0130  fffe0177        48
  _init$1
                                  fffe0130        48   data ,l         * 
FILE=xfopen
                                  fffe0178  fffe0187        10
  _rwacc$1
                                  fffe0178        10   data ,l         * 
FILE=_sbrk_si
                                  fffe0188  fffe018b         4
  __sbrk_size
                                  fffe0188         4   data ,g         * 

SECTION=C$DSEC
FILE=DefaultBuild\dbsct.obj
                                  fffe018c  fffe01af        24
  __DTBL
                                  fffe018c        24   data ,g         * 

SECTION=C$BSEC
FILE=DefaultBuild\dbsct.obj
                                  fffe01b0  fffe01c7        18
  __BTBL
                                  fffe01b0        18   data ,g         * 

SECTION=C$VECT
FILE=DefaultBuild\resetprg.obj
                                  fffe01c8  fffe05c7       400

SECTION=D
FILE=DefaultBuild\lowsrc.obj
                                  fffe05c8  fffe05db        14
FILE=DefaultBuild\sbrk.obj
                                  fffe05dc  fffe05df         4
FILE=DefaultBuild\RX231_Mouse3.obj
                                  fffe05e0  fffe22eb      1d0c
FILE=DefaultBuild\r_flash_group.obj
                                  fffe22ec  fffe230b        20
FILE=DefaultBuild\r_flash_rx.obj
                                  fffe230c  fffe2313         8
FILE=xfiles
                                  fffe2314  fffe23eb        d8
FILE=malloc
                                  fffe23ec  fffe23f3         8

SECTION=D_1
FILE=DefaultBuild\RX231_Mouse3.obj
                                  fffe23f4  fffe23f5         2
FILE=DefaultBuild\r_flash_group.obj
                                  fffe23f6  fffe23f6         1
FILE=xfiles
                                  fffe23f7  fffe2446        50

SECTION=D_2
FILE=DefaultBuild\RX231_Mouse3.obj
                                  fffe2448  fffe244d         6

SECTION=W_1
FILE=DefaultBuild\r_bsp_cpu.obj
                                  fffe2450  fffe245f        10
FILE=DefaultBuild\RX231_Mouse3.obj
                                  fffe2460  fffe246b         c

SECTION=W_2
FILE=DefaultBuild\Config_S12AD0.obj
                                  fffe246c  fffe24a3        38
FILE=DefaultBuild\r_dispatch_1.obj
                                  fffe24a4  fffe24f9        56

SECTION=L
FILE=DefaultBuild\dbsct.obj
                                  fffe24fc  fffe24ff         4
  _deadSpace
                                  fffe24fc         4   data ,g         * 
FILE=DefaultBuild\lowsrc.obj
                                  fffe2500  fffe2541        42
FILE=DefaultBuild\RX231_Mouse3.obj
                                  fffe2544  fffe2649       106

SECTION=P
FILE=DefaultBuild\r_smc_cgc.obj
                                  fffe264c  fffe2650         5
  _R_CGC_Create
                                  fffe264c         5   func ,g         * 
FILE=DefaultBuild\r_smc_cgc_user.obj
                                  fffe2651  fffe2651         1
  _R_CGC_Create_UserInit
                                  fffe2651         1   func ,g         * 
FILE=DefaultBuild\r_cg_hardware_setup.obj
                                  fffe2652  fffe26b5        64
  _r_undefined_exception
                                  fffe2652         1   func ,g         * 
  _R_Systeminit
                                  fffe2653        63   func ,g         * 
FILE=DefaultBuild\r_smc_interrupt.obj
                                  fffe26b6  fffe26b6         1
  _R_Interrupt_Create
                                  fffe26b6         1   func ,g         * 
FILE=DefaultBuild\hwsetup.obj
                                  fffe26b7  fffe2727        71
  _hardware_setup
                                  fffe26b7        11   func ,g         * 
  _output_ports_configure
                                  fffe26c8         2   func ,l         * 
  _interrupts_configure
                                  fffe26ca         2   func ,l         * 
  _peripheral_modules_enable
                                  fffe26cc         5   func ,l         * 
  _bsp_security_initial_configure
                                  fffe26d1        57   func ,l         * 
FILE=DefaultBuild\lowlvl.obj
                                  fffe2728  fffe2763        3c
  _charput
                                  fffe2728        1d   func ,g         * 
  _charget
                                  fffe2745        1f   func ,g         * 
FILE=DefaultBuild\lowsrc.obj
                                  fffe2764  fffe2a49       2e6
  _init_iolib
                                  fffe2764        e8   func ,g         * 
  _close_all
                                  fffe284c        3e   func ,g         * 
  _open
                                  fffe288a        a7   func ,g         * 
  _close
                                  fffe2931         b   func ,g         * 
  _write
                                  fffe293c        8c   func ,g         * 
  _read
                                  fffe29c8        71   func ,g         * 
  _lseek
                                  fffe2a39        11   func ,g         * 
FILE=DefaultBuild\r_bsp_common.obj
                                  fffe2a4a  fffe2b77       12e
  _R_BSP_GetVersion
                                  fffe2a4a         e   func ,g         * 
  _R_BSP_GetIClkFreqHz
                                  fffe2a58         a   func ,g         * 
  _R_BSP_SoftwareDelay
                                  fffe2a62       116   func ,g         * 
FILE=DefaultBuild\r_bsp_cpu.obj
                                  fffe2b78  fffe2d8a       213
  _R_BSP_InterruptsDisable
                                  fffe2b78        17   func ,g         * 
  _R_BSP_InterruptsEnable
                                  fffe2b8f        17   func ,g         * 
  _R_BSP_CpuInterruptLevelRead
                                  fffe2ba6        1d   func ,g         * 
  _R_BSP_CpuInterruptLevelWrite
                                  fffe2bc3        86   func ,g         * 
  _R_BSP_RegisterProtectEnable
                                  fffe2c49        82   func ,g         * 
  _R_BSP_RegisterProtectDisable
                                  fffe2ccb        6a   func ,g         * 
  _R_BSP_SoftwareReset
                                  fffe2d35        11   func ,g         * 
  _bsp_register_protect_open
                                  fffe2d46        22   func ,g         * 
  _bsp_ram_initialize
                                  fffe2d68        23   func ,g         * 
FILE=DefaultBuild\r_bsp_interrupts.obj
                                  fffe2d8b  fffe322c       4a2
  _R_BSP_InterruptRequestEnable
                                  fffe2d8b        21   func ,g         * 
  _R_BSP_InterruptRequestDisable
                                  fffe2dac        21   func ,g         * 
  _bsp_interrupt_open
                                  fffe2dcd        26   func ,g         * 
  _R_BSP_InterruptWrite
                                  fffe2df3        76   func ,g         * 
  _R_BSP_InterruptRead
                                  fffe2e69        51   func ,g         * 
  _R_BSP_InterruptControl
                                  fffe2eba        a2   func ,g         * 
  _bsp_fit_interrupts_control
                                  fffe2f5c        77   func ,l         * 
  _excep_supervisor_inst_isr
                                  fffe2fd3        17   func ,g         * 
  _excep_access_isr
                                  fffe2fea        17   func ,g         * 
  _excep_undefined_inst_isr
                                  fffe3001        17   func ,g         * 
  _excep_floating_point_isr
                                  fffe3018        29   func ,g         * 
  _non_maskable_isr
                                  fffe3041       1b7   func ,g         * 
  _undefined_interrupt_source_isr
                                  fffe31f8        17   func ,g         * 
  _bus_error_isr
                                  fffe320f        1e   func ,g         * 
FILE=DefaultBuild\r_bsp_locking.obj
                                  fffe322d  fffe3299        6d
  _R_BSP_SoftwareLock
                                  fffe322d        29   func ,g         * 
  _R_BSP_SoftwareUnlock
                                  fffe3256        10   func ,g         * 
  _R_BSP_HardwareLock
                                  fffe3266        1a   func ,g         * 
  _R_BSP_HardwareUnlock
                                  fffe3280        1a   func ,g         * 
FILE=DefaultBuild\sbrk.obj
                                  fffe329a  fffe32d5        3c
  _sbrk
                                  fffe329a        3c   func ,g         * 
FILE=DefaultBuild\mcu_clocks.obj
                                  fffe32d6  fffe34bb       1e6
  _get_iclk_freq_hz
                                  fffe32d6        ab   func ,g         * 
  _mcu_clock_setup
                                  fffe3381         7   func ,g         * 
  _operating_frequency_set
                                  fffe3388        6e   func ,l         * 
  _clock_source_select
                                  fffe33f6        99   func ,l         * 
  _usb_lpc_clock_source_select
                                  fffe348f        2d   func ,l         * 
FILE=DefaultBuild\mcu_init.obj
                                  fffe34bc  fffe3542        87
  _bsp_non_existent_port_init
                                  fffe34bc        87   func ,g         * 
FILE=DefaultBuild\mcu_interrupts.obj
                                  fffe3543  fffe3685       143
  _bsp_interrupt_enable_disable
                                  fffe3543       143   func ,g         * 
FILE=DefaultBuild\r_bsp_vbatt.obj
                                  fffe3686  fffe36c0        3b
  _vbatt_voltage_stability_wait
                                  fffe3686        3b   func ,g         * 
FILE=DefaultBuild\Config_CMT0.obj
                                  fffe36c1  fffe3721        61
  _R_Config_CMT0_Create
                                  fffe36c1        38   func ,g         * 
  _R_Config_CMT0_Start
                                  fffe36f9        13   func ,g         * 
  _R_Config_CMT0_Stop
                                  fffe370c        16   func ,g         * 
FILE=DefaultBuild\Config_CMT0_user.obj
                                  fffe3722  fffe3732        11
  _R_Config_CMT0_Create_UserInit
                                  fffe3722         1   func ,g         * 
  _r_Config_CMT0_cmi0_interrupt
                                  fffe3723        10   func ,l         * 
FILE=DefaultBuild\Config_MTU0.obj
                                  fffe3733  fffe37d9        a7
  _R_Config_MTU0_Create
                                  fffe3733        97   func ,g         * 
  _R_Config_MTU0_Start
                                  fffe37ca         8   func ,g         * 
  _R_Config_MTU0_Stop
                                  fffe37d2         8   func ,g         * 
FILE=DefaultBuild\Config_MTU0_user.obj
                                  fffe37da  fffe37da         1
  _R_Config_MTU0_Create_UserInit
                                  fffe37da         1   func ,g         * 
FILE=DefaultBuild\Config_MTU4.obj
                                  fffe37db  fffe38a3        c9
  _R_Config_MTU4_Create
                                  fffe37db        ab   func ,g         * 
  _R_Config_MTU4_Start
                                  fffe3886         f   func ,g         * 
  _R_Config_MTU4_Stop
                                  fffe3895         f   func ,g         * 
FILE=DefaultBuild\Config_MTU4_user.obj
                                  fffe38a4  fffe38b4        11
  _R_Config_MTU4_Create_UserInit
                                  fffe38a4         1   func ,g         * 
  _r_Config_MTU4_tgib4_interrupt
                                  fffe38a5        10   func ,l         * 
FILE=DefaultBuild\Config_MTU3.obj
                                  fffe38b5  fffe3970        bc
  _R_Config_MTU3_Create
                                  fffe38b5        9e   func ,g         * 
  _R_Config_MTU3_Start
                                  fffe3953         f   func ,g         * 
  _R_Config_MTU3_Stop
                                  fffe3962         f   func ,g         * 
FILE=DefaultBuild\Config_MTU3_user.obj
                                  fffe3971  fffe3981        11
  _R_Config_MTU3_Create_UserInit
                                  fffe3971         1   func ,g         * 
  _r_Config_MTU3_tgib3_interrupt
                                  fffe3972        10   func ,l         * 
FILE=DefaultBuild\Config_PORT.obj
                                  fffe3982  fffe3adc       15b
  _R_Config_PORT_Create
                                  fffe3982       15b   func ,g         * 
FILE=DefaultBuild\Config_PORT_user.obj
                                  fffe3add  fffe3add         1
  _R_Config_PORT_Create_UserInit
                                  fffe3add         1   func ,g         * 
FILE=DefaultBuild\Config_S12AD0.obj
                                  fffe3ade  fffe3d7d       2a0
  _R_Config_S12AD0_Create
                                  fffe3ade       11a   func ,g         * 
  _R_Config_S12AD0_Start
                                  fffe3bf8         c   func ,g         * 
  _R_Config_S12AD0_Stop
                                  fffe3c04         e   func ,g         * 
  _R_Config_S12AD0_Get_ValueResult
                                  fffe3c12       16c   func ,g         * 
FILE=DefaultBuild\Config_S12AD0_user.obj
                                  fffe3d7e  fffe3d7e         1
  _R_Config_S12AD0_Create_UserInit
                                  fffe3d7e         1   func ,g         * 
FILE=DefaultBuild\Pin.obj
                                  fffe3d7f  fffe3e7b        fd
  _R_Pins_Create
                                  fffe3d7f        fd   func ,g         * 
FILE=DefaultBuild\RX231_Mouse3.obj
                                  fffe3e7c  fffe764c      37d1
  _LCD_init
                                  fffe3e7c        6d   func ,g         * 
  _LCD
                                  fffe3ee9        82   func ,g         * 
  _LCD_clear
                                  fffe3f6b        23   func ,g         * 
  _LCD_print
                                  fffe3f8e        2d   func ,g         * 
  _LCD_dec_out
                                  fffe3fbb        eb   func ,g         * 
  _LCD_com4
                                  fffe40a6        51   func ,g         * 
  _LCD_com8
                                  fffe40f7        14   func ,g         * 
  _LCD_dat8
                                  fffe410b        95   func ,g         * 
  _LCD_wait
                                  fffe41a0        18   func ,g         * 
  _main
                                  fffe41b8       151   func ,g         * 
  _IO_init
                                  fffe4309        7b   func ,g         * 
  _load_param
                                  fffe4384        a5   func ,g         * 
  _int_timerw
                                  fffe4429       55e   func ,g         * 
  _int_mot_r
                                  fffe4987        22   func ,g         * 
  _int_mot_l
                                  fffe49a9        22   func ,g         * 
  _Int_MTU1_TGIA1
                                  fffe49cb       153   func ,g         * 
  _pause
                                  fffe4b1e        1c   func ,g         * 
  _WaitKeyOff
                                  fffe4b3a        57   func ,g         * 
  _change_mode
                                  fffe4b91        62   func ,g         * 
  _exec_mode
                                  fffe4bf3        16   func ,g         * 
  _mode0
                                  fffe4c09        e3   func ,g         * 
  _mode1
                                  fffe4cec        d5   func ,g         * 
  _mode2
                                  fffe4dc1        85   func ,g         * 
  _mode3
                                  fffe4e46        88   func ,g         * 
  _mode4
                                  fffe4ece        81   func ,g         * 
  _mode5
                                  fffe4f4f        a7   func ,g         * 
  _mode6
                                  fffe4ff6        98   func ,g         * 
  _mode7
                                  fffe508e        8c   func ,g         * 
  _mode8
                                  fffe511a        7f   func ,g         * 
  _mode9
                                  fffe5199        5c   func ,g         * 
  _mouse_search
                                  fffe51f5       4c7   func ,g         * 
  _slalom_search
                                  fffe56bc       4cb   func ,g         * 
  _com_go
                                  fffe5b87        a9   func ,g         * 
  _com_go_half
                                  fffe5c30        97   func ,g         * 
  _com_stop
                                  fffe5cc7        4f   func ,g         * 
  _com_back
                                  fffe5d16        9b   func ,g         * 
  _com_turn
                                  fffe5db1        fd   func ,g         * 
  _com_slalom_turn
                                  fffe5eae       1eb   func ,g         * 
  _back_wall_set
                                  fffe6099        15   func ,g         * 
  _goal_kbat_turn
                                  fffe60ae       124   func ,g         * 
  _kbat_lf_turn
                                  fffe61d2        9e   func ,g         * 
  _Start_Sound
                                  fffe6270       147   func ,g         * 
  _Stop_Sound
                                  fffe63b7        2b   func ,g         * 
  _AccTableGet
                                  fffe63e2        21   func ,g         * 
  _flash_dm_callback
                                  fffe6403        17   func ,l         * 
  _flash_dm_wait
                                  fffe641a        2f   func ,l         * 
  _flash_dm_format
                                  fffe6449        2d   func ,l         * 
  _flash_dm_erase
                                  fffe6476        37   func ,l         * 
  _flash_dm_reclaim
                                  fffe64ad        6b   func ,l         * 
  _flash_dm_init_once
                                  fffe6518        9f   func ,l         * 
  _flash_dm_write
                                  fffe65b7        ba   func ,l         * 
  _flash_dm_read
                                  fffe6671        50   func ,l         * 
  _map_writeDF
                                  fffe66c1        92   func ,g         * 
  _map_DFread
                                  fffe6753        93   func ,g         * 
  _goal_find_index
                                  fffe67e6        54   func ,g         * 
  _goal_writeDF
                                  fffe683a        59   func ,g         * 
  _goal_DFread
                                  fffe6893        a7   func ,g         * 
  _get_wall_data
                                  fffe693a        56   func ,g         * 
  _clear_map
                                  fffe6990        e6   func ,g         * 
  _make_map_data
                                  fffe6a76       199   func ,g         * 
  _make_potential
                                  fffe6c0f       430   func ,g         * 
  _search_left_hand
                                  fffe703f        5b   func ,g         * 
  _search_ex_left_hand
                                  fffe709a       16c   func ,g         * 
  _search_adachi
                                  fffe7206       20e   func ,g         * 
  _countdown
                                  fffe7414        55   func ,g         * 
  _select_speed
                                  fffe7469        88   func ,g         * 
  _select_search
                                  fffe74f1        76   func ,g         * 
  _select_goal
                                  fffe7567        e6   func ,g         * 
FILE=DefaultBuild\Config_MTU1.obj
                                  fffe764d  fffe76c0        74
  _R_Config_MTU1_Create
                                  fffe764d        56   func ,g         * 
  _R_Config_MTU1_Start
                                  fffe76a3         f   func ,g         * 
  _R_Config_MTU1_Stop
                                  fffe76b2         f   func ,g         * 
FILE=DefaultBuild\Config_MTU1_user.obj
                                  fffe76c1  fffe76cf         f
  _R_Config_MTU1_Create_UserInit
                                  fffe76c1         1   func ,g         * 
  _r_Config_MTU1_tgia1_interrupt
                                  fffe76c2         e   func ,l         * 
FILE=DefaultBuild\r_flash_dm_rx_if.obj
                                  fffe76d0  fffe8224       b55
  _R_FLASH_DM_Open
                                  fffe76d0        95   func ,g         * 
  _R_FLASH_DM_Close
                                  fffe7765        3a   func ,g         * 
  _R_FLASH_DM_GetVersion
                                  fffe779f         d   func ,g         * 
  _R_FLASH_DM_Init
                                  fffe77ac        10   func ,g         * 
  _R_FLASH_DM_Format
                                  fffe77bc        10   func ,g         * 
  _R_FLASH_DM_Read
                                  fffe77cc        14   func ,g         * 
  _R_FLASH_DM_Write
                                  fffe77e0        14   func ,g         * 
  _R_FLASH_DM_Erase
                                  fffe77f4        10   func ,g         * 
  _R_FLASH_DM_Control
                                  fffe7804        19   func ,g         * 
  _r_flash_dm_get_writable_size
                                  fffe781d        14   func ,l         * 
  _R_FLASH_DM_Reclaim
                                  fffe7831        d8   func ,g         * 
  _r_flash_dm_d1_init
                                  fffe7909       448   func ,l         * 
  _r_flash_dm_d1_read
                                  fffe7d51        c0   func ,l         * 
  _r_flash_dm_d1_write
                                  fffe7e11       13b   func ,l         * 
  _r_flash_dm_d1_erase
                                  fffe7f4c        e2   func ,l         * 
  _r_flash_dm_d1_format
                                  fffe802e        60   func ,l         * 
  _r_flash_dm_d1_control
                                  fffe808e        52   func ,l         * 
  _r_flash_dm_1_get_writable_size
                                  fffe80e0        76   func ,l         * 
  _r_flash_dm_drvif_close
                                  fffe8156        18   func ,l         * 
  _r_flash_dm_drvif_get_datanum
                                  fffe816e         9   func ,g         * 
  _r_flash_dm_drvif_get_datasize
                                  fffe8177        13   func ,g         * 
  _r_flash_dm_getdatasize
                                  fffe818a        41   func ,l         * 
  _r_flash_dm_getdatanum
                                  fffe81cb        30   func ,l         * 
  _r_flash_dm_getactivity
                                  fffe81fb        2a   func ,l         * 
FILE=DefaultBuild\r_dispatch_1.obj
                                  fffe8225  fffe9320      10fc
  _r_flash_dm_advance
                                  fffe8225        22   func ,g         * 
  _r_flash_dm_memcopy
                                  fffe8247        30   func ,g         * 
  _r_flash_dm_memclr
                                  fffe8277        22   func ,l         * 
  _r_flash_dm_equal_p
                                  fffe8299        3a   func ,l         * 
  _r_flash_dm_init_env
                                  fffe82d3        fb   func ,g         * 
  _r_flash_dm_free_area
                                  fffe83ce        25   func ,g         * 
  _r_flash_dm_link
                                  fffe83f3        2d   func ,l         * 
  _r_flash_dm_try
                                  fffe8420         e   func ,l         * 
  _r_flash_dm_dispatch
                                  fffe842e       c56   func ,g         * 
  _r_flash_dm_drvif_set_dataaddr
                                  fffe9084        13   func ,g         * 
  _r_flash_dm_1st_check
                                  fffe9097       190   func ,g         * 
  _r_flash_dm_softwaredelay
                                  fffe9227        6e   func ,g         * 
  _r_flash_dm_drvif_get_dataaddr
                                  fffe9295        13   func ,g         * 
  _r_flash_dm_drvif_get_dataaddr_of_addr
                                  fffe92a8        14   func ,g         * 
  _r_flash_dm_block_set_program_addr
                                  fffe92bc        10   func ,g         * 
  _r_flash_dm_block_get_program_addr
                                  fffe92cc        10   func ,g         * 
  _r_flash_dm_drvif_flash_busy
                                  fffe92dc        37   func ,g         * 
  _r_flash_dm_set_dispatch
                                  fffe9313         e   func ,g         * 
FILE=DefaultBuild\r_dm_1.obj
                                  fffe9321  fffe9975       655
  _r_flash_dm_drvif_open
                                  fffe9321        35   func ,g         * 
  _r_flash_dm_drvif_init_device
                                  fffe9356         9   func ,g         * 
  _r_flash_dm_drvif_erase_error
                                  fffe935f        26   func ,g         * 
  _r_flash_dm_drvif_program_error
                                  fffe9385        26   func ,g         * 
  _r_flash_dm_drvif_overwrite_block_flag
                                  fffe93ab        26   func ,g         * 
  _r_flash_dm_drvif_get_block_num
                                  fffe93d1         f   func ,g         * 
  _r_flash_dm_drvif_get_block_info
                                  fffe93e0        14   func ,g         * 
  _r_flash_dm_drvif_get_block_addr
                                  fffe93f4        13   func ,g         * 
  _r_flash_dm_drvif_set_addr_h
                                  fffe9407         6   func ,g         * 
  _r_flash_dm_drvif_get_addr
                                  fffe940d         c   func ,g         * 
  _r_flash_dm_drvif_get_block_erase_flag
                                  fffe9419         c   func ,g         * 
  _r_flash_dm_drvif_set_dh_flag
                                  fffe9425        13   func ,g         * 
  _r_flash_dm_drvif_overwrite
                                  fffe9438        7b   func ,l         * 
  _r_flash_dm_drvif_api_flag
                                  fffe94b3        29   func ,g         * 
  _r_flash_dm_drvif_write
                                  fffe94dc        46   func ,g         * 
  _r_flash_dm_drvif_erase
                                  fffe9522        3a   func ,g         * 
  _r_flash_dm_block_init
                                  fffe955c        20   func ,g         * 
  _r_flash_dm_block_program_init
                                  fffe957c        49   func ,g         * 
  _r_flash_dm_block_erase_init
                                  fffe95c5         a   func ,g         * 
  _r_flash_dm_block_copy_setup
                                  fffe95cf        de   func ,l         * 
  _r_flash_dm_block_fill_setup
                                  fffe96ad        88   func ,l         * 
  _r_flash_dm_block_program_setup
                                  fffe9735        3b   func ,l         * 
  _r_flash_dm_block_program_check
                                  fffe9770        ad   func ,g         * 
  _r_flash_dm_block_erase_check
                                  fffe981d        21   func ,g         * 
  _r_flash_dm_block_command
                                  fffe983e        66   func ,g         * 
  _r_flash_dm_drvif_callback
                                  fffe98a4        c4   func ,g         * 
  _r_flash_dm_set_dm
                                  fffe9968         e   func ,g         * 
FILE=DefaultBuild\r_flash_group.obj
                                  fffe9976  fffea1a0       82b
  _r_flash_open
                                  fffe9976        5c   func ,g         * 
  _flash_interrupt_config
                                  fffe99d2        ab   func ,l         * 
  _r_flash_close
                                  fffe9a7d        31   func ,g         * 
  _r_flash_erase
                                  fffe9aae        da   func ,g         * 
  _get_erase_flash_type
                                  fffe9b88        92   func ,l         * 
  _is_cf_addr
                                  fffe9c1a        29   func ,l         * 
  _set_erase_params
                                  fffe9c43        84   func ,l         * 
  _r_flash_blankcheck
                                  fffe9cc7       14b   func ,g         * 
  _set_blankcheck_params
                                  fffe9e12        89   func ,l         * 
  _r_flash_write
                                  fffe9e9b        de   func ,g         * 
  _get_bc_pgm_flash_type
                                  fffe9f79        a7   func ,l         * 
  _set_write_params
                                  fffea020        85   func ,l         * 
  _r_flash_control
                                  fffea0a5        fc   func ,g         * 
FILE=DefaultBuild\r_flash_nofcu.obj
                                  fffea1a1  fffea7ff       65f
  _flash_df_access_enable
                                  fffea1a1        1f   func ,g         * 
  _flash_df_pe_mode_enter
                                  fffea1c0        3d   func ,l         * 
  _flash_df_read_mode_enter
                                  fffea1fd        23   func ,l         * 
  _flash_df_erase
                                  fffea220        5a   func ,l         * 
  _flash_df_blankcheck
                                  fffea27a        54   func ,l         * 
  _flash_df_write
                                  fffea2ce        5d   func ,l         * 
  _flash_get_status
                                  fffea32b        1a   func ,g         * 
  _flash_reset
                                  fffea345         f   func ,g         * 
  _flash_stop
                                  fffea354        b1   func ,g         * 
  _flash_delay_us
                                  fffea405        2f   func ,g         * 
  _flash_pe_mode_enter
                                  fffea434        28   func ,g         * 
  _flash_pe_mode_exit
                                  fffea45c        1e   func ,g         * 
  _flash_erase
                                  fffea47a        5a   func ,g         * 
  _flash_blankcheck
                                  fffea4d4        7c   func ,g         * 
  _flash_write
                                  fffea550        d8   func ,g         * 
  _flash_write_fpmcr
                                  fffea628        37   func ,l         * 
  _flash_wait_frdy
                                  fffea65f        9a   func ,l         * 
  _Excep_FCU_FRDYI
                                  fffea6f9       107   func ,l         * 
FILE=DefaultBuild\r_flash_rx.obj
                                  fffea800  fffea92f       130
  _R_FLASH_Open
                                  fffea800        1c   func ,g         * 
  _R_FLASH_Close
                                  fffea81c         a   func ,g         * 
  _R_FLASH_Erase
                                  fffea826        10   func ,g         * 
  _R_FLASH_BlankCheck
                                  fffea836        15   func ,g         * 
  _R_FLASH_Write
                                  fffea84b        15   func ,g         * 
  _R_FLASH_Control
                                  fffea860        10   func ,g         * 
  _R_FLASH_GetVersion
                                  fffea870         e   func ,g         * 
  _flash_lock_state
                                  fffea87e        27   func ,g         * 
  _flash_release_state
                                  fffea8a5        13   func ,g         * 
  _flash_softwareLock
                                  fffea8b8        26   func ,g         * 
  _flash_softwareUnlock
                                  fffea8de        10   func ,g         * 
  _flash_InterruptRequestEnable
                                  fffea8ee        21   func ,g         * 
  _flash_InterruptRequestDisable
                                  fffea90f        21   func ,g         * 
FILE=freopen
                                  fffea930  fffea95d        2e
  _freopen
                                  fffea930        2e   func ,g         * 
FILE=fclose
                                  fffea95e  fffea9b1        54
  _fclose
                                  fffea95e        54   func ,g         * 
FILE=__COM_DIVd
                                  fffea9b2  fffeab8e       1dd
  exception1
                                  fffea9b2         0   none ,l         * 
  exception2
                                  fffea9c1         0   none ,l         * 
  exception3
                                  fffea9c9         0   none ,l         * 
  normalize1
                                  fffea9dc         0   none ,l         * 
  p1_norm_loop
                                  fffea9e7         0   none ,l         * 
  exception4
                                  fffeaa1d         0   none ,l         * 
  normalize2
                                  fffeaa23         0   none ,l         * 
  p2_norm_loop
                                  fffeaa2e         0   none ,l         * 
  return_zero
                                  fffeaa5b         0   none ,l         * 
  return_inf
                                  fffeaa66         0   none ,l         * 
  return_NaN
                                  fffeaa79         0   none ,l         * 
  __COM_DIVd
                                  fffeaa84         0   none ,g         * 
  exception_return3
                                  fffeaab8         0   none ,l         * 
  exception_return4
                                  fffeaabd         0   none ,l         * 
  div_loop
                                  fffeaade         0   none ,l         * 
  man_sub
                                  fffeaaf1         0   none ,l         * 
  over_sub
                                  fffeaafc         0   none ,l         * 
  end_man_cal
                                  fffeab04         0   none ,l         * 
  end_sticky_cal
                                  fffeab09         0   none ,l         * 
  end_norm
                                  fffeab17         0   none ,l         * 
  denormalize_loop
                                  fffeab24         0   none ,l         * 
  next_loop
                                  fffeab2c         0   none ,l         * 
  round_denormal
                                  fffeab34         0   none ,l         * 
  end_round_d
                                  fffeab4e         0   none ,l         * 
  end_denormal
                                  fffeab50         0   none ,l         * 
  end_denormal_0
                                  fffeab60         0   none ,l         * 
  return_value
                                  fffeab6e         0   none ,l         * 
  end_round
                                  fffeab6e         0   none ,l         * 
  return
                                  fffeab88         0   none ,l         * 
FILE=__COM_DIV64u
                                  fffeab8f  fffeac27        99
  __COM_DIV64u
                                  fffeab8f         0   none ,g         * 
  _Loop_Init
                                  fffeab99         0   none ,l         * 
  _Loop
                                  fffeaba1         0   none ,l         * 
  _DivStart
                                  fffeabad         0   none ,l         * 
  _Success
                                  fffeabbb         0   none ,l         * 
  _DivEnd
                                  fffeabc7         0   none ,l         * 
  IXI6DIV
                                  fffeabcc         0   none ,l         * 
  IXI4DIV
                                  fffeabde         0   none ,l         * 
  IXI2DIV
                                  fffeabee         0   none ,l         * 
  I8I2DIV
                                  fffeabf6         0   none ,l         * 
  I4I2DIV
                                  fffeac24         0   none ,l         * 
  _i8divU_End
                                  fffeac27         0   none ,l         * 
FILE=__COM_CONV32ud
                                  fffeac28  fffeac65        3e
  __COM_CONV32ud
                                  fffeac28         0   none ,g         * 
  next_8
                                  fffeac3a         0   none ,l         * 
  next_4
                                  fffeac42         0   none ,l         * 
  next_2
                                  fffeac4a         0   none ,l         * 
  next_1
                                  fffeac52         0   none ,l         * 
  next_0
                                  fffeac5a         0   none ,l         * 
  pack
                                  fffeac5c         0   none ,l         * 
  return
                                  fffeac65         0   none ,l         * 
FILE=__COM_CONVd32
                                  fffeac66  fffeacb8        53
  __COM_CONVd32u
                                  fffeac66         0   none ,g         * 
  __COM_CONVd32s
                                  fffeac69         0   none ,g         * 
  unpack
                                  fffeac6c         0   none ,l         * 
  return
                                  fffeac91         0   none ,l         * 
  return_zero
                                  fffeac92         0   none ,l         * 
  exp_over30
                                  fffeac95         0   none ,l         * 
  exp_over31
                                  fffeac97         0   none ,l         * 
  exp_equal31
                                  fffeaca6         0   none ,l         * 
FILE=__initsct
                                  fffeacb9  fffead02        4a
  __INITSCT
                                  fffeacb9         0   none ,g         * 
  loop1
                                  fffeaccb         0   none ,l         * 
  next_loop1
                                  fffeacd9         0   none ,l         * 
  loop3
                                  fffeaceb         0   none ,l         * 
  next_loop3
                                  fffeacfc         0   none ,l         * 
FILE=fflush
                                  fffead03  fffead82        80
  _fflush
                                  fffead03        80   func ,g         * 
FILE=xfoprep
                                  fffead83  fffeae54        d2
  __Foprep
                                  fffead83        d2   func ,g         * 
FILE=xfofind
                                  fffeae55  fffeaee1        8d
  __Fofind
                                  fffeae55        44   func ,g         * 
  __Fofree
                                  fffeae99        49   func ,g         * 
FILE=free
                                  fffeaee2  fffeaf63        82
  _free
                                  fffeaee2        82   func ,g         * 
FILE=xfopen
                                  fffeaf64  fffeaf93        30
  __Fopen
                                  fffeaf64        30   func ,g         * 
FILE=malloc
                                  fffeaf94  fffeb06e        db
  _findmem
                                  fffeaf94        79   func ,l         * 
  _malloc
                                  fffeb00d        62   func ,g         * 
FILE=xgetmem
                                  fffeb06f  fffeb08b        1d
  __Getmem
                                  fffeb06f        1b   func ,g         * 

SECTION=EXCEPTVECT
FILE=DefaultBuild\vecttbl.obj
                                  ffffff80  fffffffb        7c
  _Except_Vectors
                                  ffffff80        7c   data ,g         * 

SECTION=RESETVECT
FILE=DefaultBuild\vecttbl.obj
                                  fffffffc  ffffffff         4
  _Reset_Vector
                                  fffffffc         4   data ,g         * 

*** Unfilled Areas ***

AREA                                START    END

*** Delete Symbols ***

SYMBOL                                SIZE    INFO
